<?xml version="1.0" encoding="ISO-8859-1" ?>
<link_info>
   <banner>TMS320C2000 Linker PC v22.6.1.LTS</banner>
   <copyright>Copyright (c) 1996-2018 Texas Instruments Incorporated</copyright>
   <link_time>0x66a7533a</link_time>
   <link_errors>0x0</link_errors>
   <output_file>DSP_SUNRISE_SS_F28336.out</output_file>
   <entry_point>
      <name>_c_int00</name>
      <address>0x338ecd</address>
   </entry_point>
   <input_file_list>
      <input_file id="fl-2">
         <path>.\src\</path>
         <kind>object</kind>
         <file>ADC_configuration.obj</file>
         <name>ADC_configuration.obj</name>
      </input_file>
      <input_file id="fl-3">
         <path>.\src\</path>
         <kind>object</kind>
         <file>CTRL1.obj</file>
         <name>CTRL1.obj</name>
      </input_file>
      <input_file id="fl-4">
         <path>.\src\</path>
         <kind>object</kind>
         <file>CTRL3.obj</file>
         <name>CTRL3.obj</name>
      </input_file>
      <input_file id="fl-5">
         <path>.\src\</path>
         <kind>object</kind>
         <file>DMA_configuration.obj</file>
         <name>DMA_configuration.obj</name>
      </input_file>
      <input_file id="fl-6">
         <path>.\src\</path>
         <kind>object</kind>
         <file>DSP2833x_ADC_cal.obj</file>
         <name>DSP2833x_ADC_cal.obj</name>
      </input_file>
      <input_file id="fl-7">
         <path>.\src\</path>
         <kind>object</kind>
         <file>DSP2833x_Adc.obj</file>
         <name>DSP2833x_Adc.obj</name>
      </input_file>
      <input_file id="fl-8">
         <path>.\src\</path>
         <kind>object</kind>
         <file>DSP2833x_CodeStartBranch.obj</file>
         <name>DSP2833x_CodeStartBranch.obj</name>
      </input_file>
      <input_file id="fl-9">
         <path>.\src\</path>
         <kind>object</kind>
         <file>DSP2833x_CpuTimers.obj</file>
         <name>DSP2833x_CpuTimers.obj</name>
      </input_file>
      <input_file id="fl-a">
         <path>.\src\</path>
         <kind>object</kind>
         <file>DSP2833x_DMA.obj</file>
         <name>DSP2833x_DMA.obj</name>
      </input_file>
      <input_file id="fl-b">
         <path>.\src\</path>
         <kind>object</kind>
         <file>DSP2833x_DefaultIsr.obj</file>
         <name>DSP2833x_DefaultIsr.obj</name>
      </input_file>
      <input_file id="fl-c">
         <path>.\src\</path>
         <kind>object</kind>
         <file>DSP2833x_ECan.obj</file>
         <name>DSP2833x_ECan.obj</name>
      </input_file>
      <input_file id="fl-d">
         <path>.\src\</path>
         <kind>object</kind>
         <file>DSP2833x_GlobalVariableDefs.obj</file>
         <name>DSP2833x_GlobalVariableDefs.obj</name>
      </input_file>
      <input_file id="fl-e">
         <path>.\src\</path>
         <kind>object</kind>
         <file>DSP2833x_Gpio.obj</file>
         <name>DSP2833x_Gpio.obj</name>
      </input_file>
      <input_file id="fl-f">
         <path>.\src\</path>
         <kind>object</kind>
         <file>DSP2833x_PieCtrl.obj</file>
         <name>DSP2833x_PieCtrl.obj</name>
      </input_file>
      <input_file id="fl-10">
         <path>.\src\</path>
         <kind>object</kind>
         <file>DSP2833x_PieVect.obj</file>
         <name>DSP2833x_PieVect.obj</name>
      </input_file>
      <input_file id="fl-11">
         <path>.\src\</path>
         <kind>object</kind>
         <file>DSP2833x_SysCtrl.obj</file>
         <name>DSP2833x_SysCtrl.obj</name>
      </input_file>
      <input_file id="fl-12">
         <path>.\src\</path>
         <kind>object</kind>
         <file>DSP2833x_usDelay.obj</file>
         <name>DSP2833x_usDelay.obj</name>
      </input_file>
      <input_file id="fl-13">
         <path>.\src\</path>
         <kind>object</kind>
         <file>GPIO_configuration.obj</file>
         <name>GPIO_configuration.obj</name>
      </input_file>
      <input_file id="fl-14">
         <path>.\src\</path>
         <kind>object</kind>
         <file>PLL_Park_transformations.obj</file>
         <name>PLL_Park_transformations.obj</name>
      </input_file>
      <input_file id="fl-15">
         <path>.\src\</path>
         <kind>object</kind>
         <file>State_machine.obj</file>
         <name>State_machine.obj</name>
      </input_file>
      <input_file id="fl-16">
         <path>.\src\</path>
         <kind>object</kind>
         <file>calculations.obj</file>
         <name>calculations.obj</name>
      </input_file>
      <input_file id="fl-17">
         <path>.\src\</path>
         <kind>object</kind>
         <file>dq_current_ctrl.obj</file>
         <name>dq_current_ctrl.obj</name>
      </input_file>
      <input_file id="fl-18">
         <path>.\src\</path>
         <kind>object</kind>
         <file>dq_power_ctrl.obj</file>
         <name>dq_power_ctrl.obj</name>
      </input_file>
      <input_file id="fl-19">
         <path>.\src\</path>
         <kind>object</kind>
         <file>dq_statcom_ctrl.obj</file>
         <name>dq_statcom_ctrl.obj</name>
      </input_file>
      <input_file id="fl-1a">
         <path>.\src\</path>
         <kind>object</kind>
         <file>dq_vsg_ctrl.obj</file>
         <name>dq_vsg_ctrl.obj</name>
      </input_file>
      <input_file id="fl-1b">
         <path>.\src\</path>
         <kind>object</kind>
         <file>eCAN_Configuration.obj</file>
         <name>eCAN_Configuration.obj</name>
      </input_file>
      <input_file id="fl-1c">
         <path>.\src\</path>
         <kind>object</kind>
         <file>ePWM_configuration.obj</file>
         <name>ePWM_configuration.obj</name>
      </input_file>
      <input_file id="fl-1d">
         <path>.\src\</path>
         <kind>object</kind>
         <file>main.obj</file>
         <name>main.obj</name>
      </input_file>
      <input_file id="fl-22">
         <kind>object</kind>
         <file>&lt;internal&gt;</file>
         <name>&lt;internal&gt;</name>
      </input_file>
      <input_file id="fl-2e">
         <path>C:\ti\ccs1271\ccs\tools\compiler\ti-cgt-c2000_22.6.1.LTS\lib\</path>
         <kind>archive</kind>
         <file>rts2800_fpu32.lib</file>
         <name>s_cosf.c.obj</name>
      </input_file>
      <input_file id="fl-2f">
         <path>C:\ti\ccs1271\ccs\tools\compiler\ti-cgt-c2000_22.6.1.LTS\lib\</path>
         <kind>archive</kind>
         <file>rts2800_fpu32.lib</file>
         <name>s_sinf.c.obj</name>
      </input_file>
      <input_file id="fl-30">
         <path>C:\ti\ccs1271\ccs\tools\compiler\ti-cgt-c2000_22.6.1.LTS\lib\</path>
         <kind>archive</kind>
         <file>rts2800_fpu32.lib</file>
         <name>boot28.asm.obj</name>
      </input_file>
      <input_file id="fl-31">
         <path>C:\ti\ccs1271\ccs\tools\compiler\ti-cgt-c2000_22.6.1.LTS\lib\</path>
         <kind>archive</kind>
         <file>rts2800_fpu32.lib</file>
         <name>fs_div28.asm.obj</name>
      </input_file>
      <input_file id="fl-32">
         <path>C:\ti\ccs1271\ccs\tools\compiler\ti-cgt-c2000_22.6.1.LTS\lib\</path>
         <kind>archive</kind>
         <file>rts2800_fpu32.lib</file>
         <name>ll_aox28.asm.obj</name>
      </input_file>
      <input_file id="fl-33">
         <path>C:\ti\ccs1271\ccs\tools\compiler\ti-cgt-c2000_22.6.1.LTS\lib\</path>
         <kind>archive</kind>
         <file>rts2800_fpu32.lib</file>
         <name>cpy_tbl.c.obj</name>
      </input_file>
      <input_file id="fl-34">
         <path>C:\ti\ccs1271\ccs\tools\compiler\ti-cgt-c2000_22.6.1.LTS\lib\</path>
         <kind>archive</kind>
         <file>rts2800_fpu32.lib</file>
         <name>memcpy.c.obj</name>
      </input_file>
      <input_file id="fl-35">
         <path>C:\ti\ccs1271\ccs\tools\compiler\ti-cgt-c2000_22.6.1.LTS\lib\</path>
         <kind>archive</kind>
         <file>rts2800_fpu32.lib</file>
         <name>pre_init.c.obj</name>
      </input_file>
      <input_file id="fl-36">
         <path>C:\ti\ccs1271\ccs\tools\compiler\ti-cgt-c2000_22.6.1.LTS\lib\</path>
         <kind>archive</kind>
         <file>rts2800_fpu32.lib</file>
         <name>startup.c.obj</name>
      </input_file>
      <input_file id="fl-37">
         <path>C:\ti\ccs1271\ccs\tools\compiler\ti-cgt-c2000_22.6.1.LTS\lib\</path>
         <kind>archive</kind>
         <file>rts2800_fpu32.lib</file>
         <name>exit.c.obj</name>
      </input_file>
      <input_file id="fl-38">
         <path>C:\ti\ccs1271\ccs\tools\compiler\ti-cgt-c2000_22.6.1.LTS\lib\</path>
         <kind>archive</kind>
         <file>rts2800_fpu32.lib</file>
         <name>_lock.c.obj</name>
      </input_file>
      <input_file id="fl-39">
         <path>C:\ti\ccs1271\ccs\tools\compiler\ti-cgt-c2000_22.6.1.LTS\lib\</path>
         <kind>archive</kind>
         <file>rts2800_fpu32.lib</file>
         <name>args_main.c.obj</name>
      </input_file>
   </input_file_list>
   <object_component_list>
      <object_component id="oc-11c">
         <name>.cinit</name>
         <load_address>0x33911b</load_address>
         <run_address>0x33911b</run_address>
         <size>0x75</size>
         <input_file_ref idref="fl-1d"/>
      </object_component>
      <object_component id="oc-110">
         <name>.cinit</name>
         <load_address>0x339190</load_address>
         <run_address>0x339190</run_address>
         <size>0x47</size>
         <input_file_ref idref="fl-1b"/>
      </object_component>
      <object_component id="oc-5b">
         <name>.cinit</name>
         <load_address>0x3391d7</load_address>
         <run_address>0x3391d7</run_address>
         <size>0x3c</size>
         <input_file_ref idref="fl-4"/>
      </object_component>
      <object_component id="oc-109">
         <name>.cinit</name>
         <load_address>0x339213</load_address>
         <run_address>0x339213</run_address>
         <size>0x3c</size>
         <input_file_ref idref="fl-1a"/>
      </object_component>
      <object_component id="oc-ed">
         <name>.cinit</name>
         <load_address>0x33924f</load_address>
         <run_address>0x33924f</run_address>
         <size>0x22</size>
         <input_file_ref idref="fl-16"/>
      </object_component>
      <object_component id="oc-102">
         <name>.cinit</name>
         <load_address>0x339271</load_address>
         <run_address>0x339271</run_address>
         <size>0x19</size>
         <input_file_ref idref="fl-19"/>
      </object_component>
      <object_component id="oc-f4">
         <name>.cinit</name>
         <load_address>0x33928a</load_address>
         <run_address>0x33928a</run_address>
         <size>0x14</size>
         <input_file_ref idref="fl-17"/>
      </object_component>
      <object_component id="oc-176">
         <name>.cinit:_Sum$4</name>
         <load_address>0x33929e</load_address>
         <run_address>0x33929e</run_address>
         <size>0xf</size>
         <input_file_ref idref="fl-16"/>
      </object_component>
      <object_component id="oc-178">
         <name>.cinit:_rms2$2</name>
         <load_address>0x3392ad</load_address>
         <run_address>0x3392ad</run_address>
         <size>0xf</size>
         <input_file_ref idref="fl-16"/>
      </object_component>
      <object_component id="oc-153">
         <name>.cinit</name>
         <load_address>0x3392bc</load_address>
         <run_address>0x3392bc</run_address>
         <size>0xe</size>
         <input_file_ref idref="fl-37"/>
      </object_component>
      <object_component id="oc-54">
         <name>.cinit</name>
         <load_address>0x3392ca</load_address>
         <run_address>0x3392ca</run_address>
         <size>0xa</size>
         <input_file_ref idref="fl-3"/>
      </object_component>
      <object_component id="oc-e6">
         <name>.cinit</name>
         <load_address>0x3392d4</load_address>
         <run_address>0x3392d4</run_address>
         <size>0xa</size>
         <input_file_ref idref="fl-15"/>
      </object_component>
      <object_component id="oc-fb">
         <name>.cinit</name>
         <load_address>0x3392de</load_address>
         <run_address>0x3392de</run_address>
         <size>0xa</size>
         <input_file_ref idref="fl-18"/>
      </object_component>
      <object_component id="oc-df">
         <name>.cinit</name>
         <load_address>0x3392e8</load_address>
         <run_address>0x3392e8</run_address>
         <size>0x5</size>
         <input_file_ref idref="fl-14"/>
      </object_component>
      <object_component id="oc-172">
         <name>.cinit:__lock</name>
         <load_address>0x3392ed</load_address>
         <run_address>0x3392ed</run_address>
         <size>0x5</size>
         <input_file_ref idref="fl-38"/>
      </object_component>
      <object_component id="oc-18b">
         <name>.cinit:__unlock</name>
         <load_address>0x3392f2</load_address>
         <run_address>0x3392f2</run_address>
         <size>0x5</size>
         <input_file_ref idref="fl-38"/>
      </object_component>
      <object_component id="oc-183">
         <name>.text</name>
         <load_address>0x338000</load_address>
         <run_address>0x338000</run_address>
         <size>0x3e9</size>
         <input_file_ref idref="fl-a"/>
      </object_component>
      <object_component id="oc-82">
         <name>.text:retain</name>
         <load_address>0x3383e9</load_address>
         <run_address>0x3383e9</run_address>
         <size>0x316</size>
         <input_file_ref idref="fl-b"/>
      </object_component>
      <object_component id="oc-189">
         <name>.text</name>
         <load_address>0x3386ff</load_address>
         <run_address>0x3386ff</run_address>
         <size>0x2cc</size>
         <input_file_ref idref="fl-1b"/>
      </object_component>
      <object_component id="oc-187">
         <name>.text</name>
         <load_address>0x3389cb</load_address>
         <run_address>0x3389cb</run_address>
         <size>0x12f</size>
         <input_file_ref idref="fl-1c"/>
      </object_component>
      <object_component id="oc-188">
         <name>.text</name>
         <load_address>0x338afa</load_address>
         <run_address>0x338afa</run_address>
         <size>0x11f</size>
         <input_file_ref idref="fl-c"/>
      </object_component>
      <object_component id="oc-17d">
         <name>.text</name>
         <load_address>0x338c19</load_address>
         <run_address>0x338c19</run_address>
         <size>0xf7</size>
         <input_file_ref idref="fl-11"/>
      </object_component>
      <object_component id="oc-134">
         <name>.text</name>
         <load_address>0x338d10</load_address>
         <run_address>0x338d10</run_address>
         <size>0x88</size>
         <input_file_ref idref="fl-31"/>
      </object_component>
      <object_component id="oc-170">
         <name>.text</name>
         <load_address>0x338d98</load_address>
         <run_address>0x338d98</run_address>
         <size>0x6c</size>
         <input_file_ref idref="fl-1d"/>
      </object_component>
      <object_component id="oc-179">
         <name>.text</name>
         <load_address>0x338e04</load_address>
         <run_address>0x338e04</run_address>
         <size>0x66</size>
         <input_file_ref idref="fl-2f"/>
      </object_component>
      <object_component id="oc-17a">
         <name>.text</name>
         <load_address>0x338e6a</load_address>
         <run_address>0x338e6a</run_address>
         <size>0x63</size>
         <input_file_ref idref="fl-2e"/>
      </object_component>
      <object_component id="oc-4d">
         <name>.text</name>
         <load_address>0x338ecd</load_address>
         <run_address>0x338ecd</run_address>
         <size>0x56</size>
         <input_file_ref idref="fl-30"/>
      </object_component>
      <object_component id="oc-184">
         <name>.text</name>
         <load_address>0x338f23</load_address>
         <run_address>0x338f23</run_address>
         <size>0x4e</size>
         <input_file_ref idref="fl-5"/>
      </object_component>
      <object_component id="oc-180">
         <name>.text</name>
         <load_address>0x338f71</load_address>
         <run_address>0x338f71</run_address>
         <size>0x4e</size>
         <input_file_ref idref="fl-13"/>
      </object_component>
      <object_component id="oc-186">
         <name>.text</name>
         <load_address>0x338fbf</load_address>
         <run_address>0x338fbf</run_address>
         <size>0x41</size>
         <input_file_ref idref="fl-2"/>
      </object_component>
      <object_component id="oc-167">
         <name>.text</name>
         <load_address>0x339000</load_address>
         <run_address>0x339000</run_address>
         <size>0x29</size>
         <input_file_ref idref="fl-37"/>
      </object_component>
      <object_component id="oc-181">
         <name>.text</name>
         <load_address>0x339029</load_address>
         <run_address>0x339029</run_address>
         <size>0x28</size>
         <input_file_ref idref="fl-f"/>
      </object_component>
      <object_component id="oc-164">
         <name>.text</name>
         <load_address>0x339051</load_address>
         <run_address>0x339051</run_address>
         <size>0x24</size>
         <input_file_ref idref="fl-33"/>
      </object_component>
      <object_component id="oc-182">
         <name>.text</name>
         <load_address>0x339075</load_address>
         <run_address>0x339075</run_address>
         <size>0x20</size>
         <input_file_ref idref="fl-10"/>
      </object_component>
      <object_component id="oc-16f">
         <name>.text</name>
         <load_address>0x339095</load_address>
         <run_address>0x339095</run_address>
         <size>0x1d</size>
         <input_file_ref idref="fl-34"/>
      </object_component>
      <object_component id="oc-139">
         <name>.text</name>
         <load_address>0x3390b2</load_address>
         <run_address>0x3390b2</run_address>
         <size>0x18</size>
         <input_file_ref idref="fl-32"/>
      </object_component>
      <object_component id="oc-17f">
         <name>.text</name>
         <load_address>0x3390ca</load_address>
         <run_address>0x3390ca</run_address>
         <size>0x17</size>
         <input_file_ref idref="fl-e"/>
      </object_component>
      <object_component id="oc-185">
         <name>.text</name>
         <load_address>0x3390e1</load_address>
         <run_address>0x3390e1</run_address>
         <size>0x14</size>
         <input_file_ref idref="fl-7"/>
      </object_component>
      <object_component id="oc-166">
         <name>.text</name>
         <load_address>0x3390f5</load_address>
         <run_address>0x3390f5</run_address>
         <size>0x12</size>
         <input_file_ref idref="fl-39"/>
      </object_component>
      <object_component id="oc-18a">
         <name>.text</name>
         <load_address>0x339107</load_address>
         <run_address>0x339107</run_address>
         <size>0x9</size>
         <input_file_ref idref="fl-38"/>
      </object_component>
      <object_component id="oc-70">
         <name>.text</name>
         <load_address>0x339110</load_address>
         <run_address>0x339110</run_address>
         <size>0x8</size>
         <input_file_ref idref="fl-8"/>
      </object_component>
      <object_component id="oc-163">
         <name>.text</name>
         <load_address>0x339118</load_address>
         <run_address>0x339118</run_address>
         <size>0x2</size>
         <input_file_ref idref="fl-35"/>
      </object_component>
      <object_component id="oc-165">
         <name>.text</name>
         <load_address>0x33911a</load_address>
         <run_address>0x33911a</run_address>
         <size>0x1</size>
         <input_file_ref idref="fl-36"/>
      </object_component>
      <object_component id="oc-71">
         <name>codestart</name>
         <load_address>0x33fff6</load_address>
         <run_address>0x33fff6</run_address>
         <size>0x2</size>
         <input_file_ref idref="fl-8"/>
      </object_component>
      <object_component id="oc-16d">
         <name>ramfuncs</name>
         <load_address>0x320000</load_address>
         <run_address>0x8000</run_address>
         <size>0x1ea</size>
         <input_file_ref idref="fl-1a"/>
      </object_component>
      <object_component id="oc-16a">
         <name>ramfuncs</name>
         <load_address>0x3201ea</load_address>
         <run_address>0x81ea</run_address>
         <size>0x1b8</size>
         <input_file_ref idref="fl-14"/>
      </object_component>
      <object_component id="oc-16b">
         <name>ramfuncs</name>
         <load_address>0x3203a2</load_address>
         <run_address>0x83a2</run_address>
         <size>0x198</size>
         <input_file_ref idref="fl-15"/>
      </object_component>
      <object_component id="oc-11f">
         <name>ramfuncs:retain</name>
         <load_address>0x32053a</load_address>
         <run_address>0x853a</run_address>
         <size>0x138</size>
         <input_file_ref idref="fl-1d"/>
      </object_component>
      <object_component id="oc-168">
         <name>ramfuncs</name>
         <load_address>0x320672</load_address>
         <run_address>0x8672</run_address>
         <size>0x112</size>
         <input_file_ref idref="fl-2"/>
      </object_component>
      <object_component id="oc-16e">
         <name>ramfuncs</name>
         <load_address>0x320784</load_address>
         <run_address>0x8784</run_address>
         <size>0xe2</size>
         <input_file_ref idref="fl-17"/>
      </object_component>
      <object_component id="oc-169">
         <name>ramfuncs</name>
         <load_address>0x320866</load_address>
         <run_address>0x8866</run_address>
         <size>0xc0</size>
         <input_file_ref idref="fl-16"/>
      </object_component>
      <object_component id="oc-17e">
         <name>ramfuncs</name>
         <load_address>0x320926</load_address>
         <run_address>0x8926</run_address>
         <size>0x1b</size>
         <input_file_ref idref="fl-11"/>
      </object_component>
      <object_component id="oc-16c">
         <name>ramfuncs</name>
         <load_address>0x320941</load_address>
         <run_address>0x8941</run_address>
         <size>0x14</size>
         <input_file_ref idref="fl-13"/>
      </object_component>
      <object_component id="oc-d4">
         <name>ramfuncs</name>
         <load_address>0x320955</load_address>
         <run_address>0x8955</run_address>
         <size>0x4</size>
         <input_file_ref idref="fl-12"/>
      </object_component>
      <object_component id="oc-12e">
         <name>.stack</name>
         <uninitialized>true</uninitialized>
         <run_address>0x895a</run_address>
         <size>0x0</size>
         <input_file_ref idref="fl-30"/>
      </object_component>
      <object_component id="oc-1e4">
         <name>.stack</name>
         <uninitialized>true</uninitialized>
         <run_address>0x895a</run_address>
         <size>0x0</size>
      </object_component>
      <object_component id="oc-55">
         <name>.ebss</name>
         <uninitialized>true</uninitialized>
         <run_address>0x8dfc</run_address>
         <size>0x4</size>
         <input_file_ref idref="fl-3"/>
      </object_component>
      <object_component id="oc-5c">
         <name>.ebss</name>
         <uninitialized>true</uninitialized>
         <run_address>0x8dc0</run_address>
         <size>0x18</size>
         <input_file_ref idref="fl-4"/>
      </object_component>
      <object_component id="oc-77">
         <name>.ebss</name>
         <uninitialized>true</uninitialized>
         <run_address>0x8dd8</run_address>
         <size>0x18</size>
         <input_file_ref idref="fl-9"/>
      </object_component>
      <object_component id="oc-e0">
         <name>.ebss</name>
         <uninitialized>true</uninitialized>
         <run_address>0x8d5c</run_address>
         <size>0x1a</size>
         <input_file_ref idref="fl-14"/>
      </object_component>
      <object_component id="oc-e7">
         <name>.ebss</name>
         <uninitialized>true</uninitialized>
         <run_address>0x8e24</run_address>
         <size>0x4</size>
         <input_file_ref idref="fl-15"/>
      </object_component>
      <object_component id="oc-ee">
         <name>.ebss</name>
         <uninitialized>true</uninitialized>
         <run_address>0x8c5a</run_address>
         <size>0x1c</size>
         <input_file_ref idref="fl-16"/>
      </object_component>
      <object_component id="oc-177">
         <name>.ebss:_rms2$2</name>
         <uninitialized>true</uninitialized>
         <run_address>0x8e18</run_address>
         <size>0xc</size>
         <input_file_ref idref="fl-16"/>
      </object_component>
      <object_component id="oc-175">
         <name>.ebss:_Sum$4</name>
         <uninitialized>true</uninitialized>
         <run_address>0x8df0</run_address>
         <size>0xc</size>
         <input_file_ref idref="fl-16"/>
      </object_component>
      <object_component id="oc-f5">
         <name>.ebss</name>
         <uninitialized>true</uninitialized>
         <run_address>0x8d76</run_address>
         <size>0x8</size>
         <input_file_ref idref="fl-17"/>
      </object_component>
      <object_component id="oc-fc">
         <name>.ebss</name>
         <uninitialized>true</uninitialized>
         <run_address>0x8e28</run_address>
         <size>0x4</size>
         <input_file_ref idref="fl-18"/>
      </object_component>
      <object_component id="oc-103">
         <name>.ebss</name>
         <uninitialized>true</uninitialized>
         <run_address>0x8c76</run_address>
         <size>0xa</size>
         <input_file_ref idref="fl-19"/>
      </object_component>
      <object_component id="oc-10a">
         <name>.ebss</name>
         <uninitialized>true</uninitialized>
         <run_address>0x8e00</run_address>
         <size>0x18</size>
         <input_file_ref idref="fl-1a"/>
      </object_component>
      <object_component id="oc-111">
         <name>.ebss</name>
         <uninitialized>true</uninitialized>
         <run_address>0x8d80</run_address>
         <size>0x38</size>
         <input_file_ref idref="fl-1b"/>
      </object_component>
      <object_component id="oc-11d">
         <name>.ebss</name>
         <uninitialized>true</uninitialized>
         <run_address>0x8c80</run_address>
         <size>0xdc</size>
         <input_file_ref idref="fl-1d"/>
      </object_component>
      <object_component id="oc-154">
         <name>.ebss</name>
         <uninitialized>true</uninitialized>
         <run_address>0x8db8</run_address>
         <size>0x6</size>
         <input_file_ref idref="fl-37"/>
      </object_component>
      <object_component id="oc-171">
         <name>.ebss:__lock</name>
         <uninitialized>true</uninitialized>
         <run_address>0x8d7e</run_address>
         <size>0x2</size>
         <input_file_ref idref="fl-38"/>
      </object_component>
      <object_component id="oc-18d">
         <name>.ebss:__unlock</name>
         <uninitialized>true</uninitialized>
         <run_address>0x8dbe</run_address>
         <size>0x2</size>
         <input_file_ref idref="fl-38"/>
      </object_component>
      <object_component id="oc-18c">
         <name>.econst:_PieVectTableInit</name>
         <load_address>0x3392fa</load_address>
         <run_address>0x3392fa</run_address>
         <size>0x100</size>
         <input_file_ref idref="fl-10"/>
      </object_component>
      <object_component id="oc-17b">
         <name>.econst:_$P$T0$5</name>
         <load_address>0x3393fa</load_address>
         <run_address>0x3393fa</run_address>
         <size>0x14</size>
         <input_file_ref idref="fl-17"/>
      </object_component>
      <object_component id="oc-17c">
         <name>.econst:_$P$T1$6</name>
         <load_address>0x33940e</load_address>
         <run_address>0x33940e</run_address>
         <size>0x14</size>
         <input_file_ref idref="fl-17"/>
      </object_component>
      <object_component id="oc-173">
         <name>.econst:_$P$T0$6</name>
         <load_address>0x339422</load_address>
         <run_address>0x339422</run_address>
         <size>0xc</size>
         <input_file_ref idref="fl-16"/>
      </object_component>
      <object_component id="oc-174">
         <name>.econst:_$P$T1$7</name>
         <load_address>0x33942e</load_address>
         <run_address>0x33942e</run_address>
         <size>0xc</size>
         <input_file_ref idref="fl-16"/>
      </object_component>
      <object_component id="oc-11e">
         <name>DMARAML4</name>
         <uninitialized>true</uninitialized>
         <run_address>0xc000</run_address>
         <size>0x10</size>
         <input_file_ref idref="fl-1d"/>
      </object_component>
      <object_component id="oc-12f">
         <name>.reset</name>
         <load_address>0x3fffc0</load_address>
         <run_address>0x3fffc0</run_address>
         <size>0x2</size>
         <input_file_ref idref="fl-30"/>
      </object_component>
      <object_component id="oc-66">
         <name>.adc_cal</name>
         <load_address>0x380080</load_address>
         <run_address>0x380080</run_address>
         <size>0x7</size>
         <input_file_ref idref="fl-6"/>
      </object_component>
      <object_component id="oc-be">
         <name>PieVectTableFile</name>
         <uninitialized>true</uninitialized>
         <run_address>0xd00</run_address>
         <size>0x100</size>
         <input_file_ref idref="fl-d"/>
      </object_component>
      <object_component id="oc-ba">
         <name>DevEmuRegsFile</name>
         <uninitialized>true</uninitialized>
         <run_address>0x880</run_address>
         <size>0xd0</size>
         <input_file_ref idref="fl-d"/>
      </object_component>
      <object_component id="oc-92">
         <name>FlashRegsFile</name>
         <uninitialized>true</uninitialized>
         <run_address>0xa80</run_address>
         <size>0x8</size>
         <input_file_ref idref="fl-d"/>
      </object_component>
      <object_component id="oc-95">
         <name>CsmRegsFile</name>
         <uninitialized>true</uninitialized>
         <run_address>0xae0</run_address>
         <size>0x10</size>
         <input_file_ref idref="fl-d"/>
      </object_component>
      <object_component id="oc-94">
         <name>AdcMirrorFile</name>
         <uninitialized>true</uninitialized>
         <run_address>0xb00</run_address>
         <size>0x10</size>
         <input_file_ref idref="fl-d"/>
      </object_component>
      <object_component id="oc-9d">
         <name>XintfRegsFile</name>
         <uninitialized>true</uninitialized>
         <run_address>0xb20</run_address>
         <size>0x1e</size>
         <input_file_ref idref="fl-d"/>
      </object_component>
      <object_component id="oc-8e">
         <name>CpuTimer0RegsFile</name>
         <uninitialized>true</uninitialized>
         <run_address>0xc00</run_address>
         <size>0x8</size>
         <input_file_ref idref="fl-d"/>
      </object_component>
      <object_component id="oc-8f">
         <name>CpuTimer1RegsFile</name>
         <uninitialized>true</uninitialized>
         <run_address>0xc08</run_address>
         <size>0x8</size>
         <input_file_ref idref="fl-d"/>
      </object_component>
      <object_component id="oc-90">
         <name>CpuTimer2RegsFile</name>
         <uninitialized>true</uninitialized>
         <run_address>0xc10</run_address>
         <size>0x8</size>
         <input_file_ref idref="fl-d"/>
      </object_component>
      <object_component id="oc-9b">
         <name>PieCtrlRegsFile</name>
         <uninitialized>true</uninitialized>
         <run_address>0xce0</run_address>
         <size>0x1a</size>
         <input_file_ref idref="fl-d"/>
      </object_component>
      <object_component id="oc-bb">
         <name>DmaRegsFile</name>
         <uninitialized>true</uninitialized>
         <run_address>0x1000</run_address>
         <size>0xe0</size>
         <input_file_ref idref="fl-d"/>
      </object_component>
      <object_component id="oc-ad">
         <name>McbspaRegsFile</name>
         <uninitialized>true</uninitialized>
         <run_address>0x5000</run_address>
         <size>0x25</size>
         <input_file_ref idref="fl-d"/>
      </object_component>
      <object_component id="oc-ae">
         <name>McbspbRegsFile</name>
         <uninitialized>true</uninitialized>
         <run_address>0x5040</run_address>
         <size>0x25</size>
         <input_file_ref idref="fl-d"/>
      </object_component>
      <object_component id="oc-b0">
         <name>ECanaRegsFile</name>
         <uninitialized>true</uninitialized>
         <run_address>0x6000</run_address>
         <size>0x34</size>
         <input_file_ref idref="fl-d"/>
      </object_component>
      <object_component id="oc-b2">
         <name>ECanaLAMRegsFile</name>
         <uninitialized>true</uninitialized>
         <run_address>0x6040</run_address>
         <size>0x40</size>
         <input_file_ref idref="fl-d"/>
      </object_component>
      <object_component id="oc-bc">
         <name>ECanaMboxesFile</name>
         <uninitialized>true</uninitialized>
         <run_address>0x6100</run_address>
         <size>0x100</size>
         <input_file_ref idref="fl-d"/>
      </object_component>
      <object_component id="oc-b3">
         <name>ECanaMOTSRegsFile</name>
         <uninitialized>true</uninitialized>
         <run_address>0x6080</run_address>
         <size>0x40</size>
         <input_file_ref idref="fl-d"/>
      </object_component>
      <object_component id="oc-b4">
         <name>ECanaMOTORegsFile</name>
         <uninitialized>true</uninitialized>
         <run_address>0x60c0</run_address>
         <size>0x40</size>
         <input_file_ref idref="fl-d"/>
      </object_component>
      <object_component id="oc-b1">
         <name>ECanbRegsFile</name>
         <uninitialized>true</uninitialized>
         <run_address>0x6200</run_address>
         <size>0x34</size>
         <input_file_ref idref="fl-d"/>
      </object_component>
      <object_component id="oc-b5">
         <name>ECanbLAMRegsFile</name>
         <uninitialized>true</uninitialized>
         <run_address>0x6240</run_address>
         <size>0x40</size>
         <input_file_ref idref="fl-d"/>
      </object_component>
      <object_component id="oc-bd">
         <name>ECanbMboxesFile</name>
         <uninitialized>true</uninitialized>
         <run_address>0x6300</run_address>
         <size>0x100</size>
         <input_file_ref idref="fl-d"/>
      </object_component>
      <object_component id="oc-b6">
         <name>ECanbMOTSRegsFile</name>
         <uninitialized>true</uninitialized>
         <run_address>0x6280</run_address>
         <size>0x40</size>
         <input_file_ref idref="fl-d"/>
      </object_component>
      <object_component id="oc-b7">
         <name>ECanbMOTORegsFile</name>
         <uninitialized>true</uninitialized>
         <run_address>0x62c0</run_address>
         <size>0x40</size>
         <input_file_ref idref="fl-d"/>
      </object_component>
      <object_component id="oc-a6">
         <name>EPwm1RegsFile</name>
         <uninitialized>true</uninitialized>
         <run_address>0x5800</run_address>
         <size>0x22</size>
         <input_file_ref idref="fl-d"/>
      </object_component>
      <object_component id="oc-a7">
         <name>EPwm2RegsFile</name>
         <uninitialized>true</uninitialized>
         <run_address>0x5840</run_address>
         <size>0x22</size>
         <input_file_ref idref="fl-d"/>
      </object_component>
      <object_component id="oc-a8">
         <name>EPwm3RegsFile</name>
         <uninitialized>true</uninitialized>
         <run_address>0x5880</run_address>
         <size>0x22</size>
         <input_file_ref idref="fl-d"/>
      </object_component>
      <object_component id="oc-a9">
         <name>EPwm4RegsFile</name>
         <uninitialized>true</uninitialized>
         <run_address>0x58c0</run_address>
         <size>0x22</size>
         <input_file_ref idref="fl-d"/>
      </object_component>
      <object_component id="oc-aa">
         <name>EPwm5RegsFile</name>
         <uninitialized>true</uninitialized>
         <run_address>0x5900</run_address>
         <size>0x22</size>
         <input_file_ref idref="fl-d"/>
      </object_component>
      <object_component id="oc-ab">
         <name>EPwm6RegsFile</name>
         <uninitialized>true</uninitialized>
         <run_address>0x5940</run_address>
         <size>0x22</size>
         <input_file_ref idref="fl-d"/>
      </object_component>
      <object_component id="oc-9e">
         <name>ECap1RegsFile</name>
         <uninitialized>true</uninitialized>
         <run_address>0x6a00</run_address>
         <size>0x20</size>
         <input_file_ref idref="fl-d"/>
      </object_component>
      <object_component id="oc-9f">
         <name>ECap2RegsFile</name>
         <uninitialized>true</uninitialized>
         <run_address>0x6a20</run_address>
         <size>0x20</size>
         <input_file_ref idref="fl-d"/>
      </object_component>
      <object_component id="oc-a0">
         <name>ECap3RegsFile</name>
         <uninitialized>true</uninitialized>
         <run_address>0x6a40</run_address>
         <size>0x20</size>
         <input_file_ref idref="fl-d"/>
      </object_component>
      <object_component id="oc-a1">
         <name>ECap4RegsFile</name>
         <uninitialized>true</uninitialized>
         <run_address>0x6a60</run_address>
         <size>0x20</size>
         <input_file_ref idref="fl-d"/>
      </object_component>
      <object_component id="oc-a2">
         <name>ECap5RegsFile</name>
         <uninitialized>true</uninitialized>
         <run_address>0x6a80</run_address>
         <size>0x20</size>
         <input_file_ref idref="fl-d"/>
      </object_component>
      <object_component id="oc-a3">
         <name>ECap6RegsFile</name>
         <uninitialized>true</uninitialized>
         <run_address>0x6aa0</run_address>
         <size>0x20</size>
         <input_file_ref idref="fl-d"/>
      </object_component>
      <object_component id="oc-b8">
         <name>EQep1RegsFile</name>
         <uninitialized>true</uninitialized>
         <run_address>0x6b00</run_address>
         <size>0x40</size>
         <input_file_ref idref="fl-d"/>
      </object_component>
      <object_component id="oc-b9">
         <name>EQep2RegsFile</name>
         <uninitialized>true</uninitialized>
         <run_address>0x6b40</run_address>
         <size>0x40</size>
         <input_file_ref idref="fl-d"/>
      </object_component>
      <object_component id="oc-af">
         <name>GpioCtrlRegsFile</name>
         <uninitialized>true</uninitialized>
         <run_address>0x6f80</run_address>
         <size>0x2e</size>
         <input_file_ref idref="fl-d"/>
      </object_component>
      <object_component id="oc-a4">
         <name>GpioDataRegsFile</name>
         <uninitialized>true</uninitialized>
         <run_address>0x6fc0</run_address>
         <size>0x20</size>
         <input_file_ref idref="fl-d"/>
      </object_component>
      <object_component id="oc-93">
         <name>GpioIntRegsFile</name>
         <uninitialized>true</uninitialized>
         <run_address>0x6fe0</run_address>
         <size>0xa</size>
         <input_file_ref idref="fl-d"/>
      </object_component>
      <object_component id="oc-a5">
         <name>SysCtrlRegsFile</name>
         <uninitialized>true</uninitialized>
         <run_address>0x7010</run_address>
         <size>0x20</size>
         <input_file_ref idref="fl-d"/>
      </object_component>
      <object_component id="oc-99">
         <name>SpiaRegsFile</name>
         <uninitialized>true</uninitialized>
         <run_address>0x7040</run_address>
         <size>0x10</size>
         <input_file_ref idref="fl-d"/>
      </object_component>
      <object_component id="oc-96">
         <name>SciaRegsFile</name>
         <uninitialized>true</uninitialized>
         <run_address>0x7050</run_address>
         <size>0x10</size>
         <input_file_ref idref="fl-d"/>
      </object_component>
      <object_component id="oc-9a">
         <name>XIntruptRegsFile</name>
         <uninitialized>true</uninitialized>
         <run_address>0x7070</run_address>
         <size>0x10</size>
         <input_file_ref idref="fl-d"/>
      </object_component>
      <object_component id="oc-9c">
         <name>AdcRegsFile</name>
         <uninitialized>true</uninitialized>
         <run_address>0x7100</run_address>
         <size>0x1e</size>
         <input_file_ref idref="fl-d"/>
      </object_component>
      <object_component id="oc-97">
         <name>ScibRegsFile</name>
         <uninitialized>true</uninitialized>
         <run_address>0x7750</run_address>
         <size>0x10</size>
         <input_file_ref idref="fl-d"/>
      </object_component>
      <object_component id="oc-98">
         <name>ScicRegsFile</name>
         <uninitialized>true</uninitialized>
         <run_address>0x7770</run_address>
         <size>0x10</size>
         <input_file_ref idref="fl-d"/>
      </object_component>
      <object_component id="oc-ac">
         <name>I2caRegsFile</name>
         <uninitialized>true</uninitialized>
         <run_address>0x7900</run_address>
         <size>0x22</size>
         <input_file_ref idref="fl-d"/>
      </object_component>
      <object_component id="oc-91">
         <name>CsmPwlFile</name>
         <uninitialized>true</uninitialized>
         <run_address>0x33fff8</run_address>
         <size>0x8</size>
         <input_file_ref idref="fl-d"/>
      </object_component>
      <object_component id="oc-8d">
         <name>PartIdRegsFile</name>
         <uninitialized>true</uninitialized>
         <run_address>0x380090</run_address>
         <size>0x1</size>
         <input_file_ref idref="fl-d"/>
      </object_component>
      <object_component id="oc-4e">
         <name>.debug_info</name>
         <load_address>0x0</load_address>
         <run_address>0x0</run_address>
         <size>0x1471</size>
         <input_file_ref idref="fl-2"/>
      </object_component>
      <object_component id="oc-53">
         <name>.debug_info</name>
         <load_address>0x1471</load_address>
         <run_address>0x1471</run_address>
         <size>0x643</size>
         <input_file_ref idref="fl-3"/>
      </object_component>
      <object_component id="oc-5a">
         <name>.debug_info</name>
         <load_address>0x1ab4</load_address>
         <run_address>0x1ab4</run_address>
         <size>0x67c</size>
         <input_file_ref idref="fl-4"/>
      </object_component>
      <object_component id="oc-61">
         <name>.debug_info</name>
         <load_address>0x2130</load_address>
         <run_address>0x2130</run_address>
         <size>0x1ec0</size>
         <input_file_ref idref="fl-5"/>
      </object_component>
      <object_component id="oc-68">
         <name>.debug_info</name>
         <load_address>0x3ff0</load_address>
         <run_address>0x3ff0</run_address>
         <size>0xfb</size>
         <input_file_ref idref="fl-6"/>
      </object_component>
      <object_component id="oc-6b">
         <name>.debug_info</name>
         <load_address>0x40eb</load_address>
         <run_address>0x40eb</run_address>
         <size>0x1ee9</size>
         <input_file_ref idref="fl-7"/>
      </object_component>
      <object_component id="oc-73">
         <name>.debug_info</name>
         <load_address>0x5fd4</load_address>
         <run_address>0x5fd4</run_address>
         <size>0x136</size>
         <input_file_ref idref="fl-8"/>
      </object_component>
      <object_component id="oc-76">
         <name>.debug_info</name>
         <load_address>0x610a</load_address>
         <run_address>0x610a</run_address>
         <size>0x80f</size>
         <input_file_ref idref="fl-9"/>
      </object_component>
      <object_component id="oc-7c">
         <name>.debug_info</name>
         <load_address>0x6919</load_address>
         <run_address>0x6919</run_address>
         <size>0x3ca3</size>
         <input_file_ref idref="fl-a"/>
      </object_component>
      <object_component id="oc-81">
         <name>.debug_info</name>
         <load_address>0xa5bc</load_address>
         <run_address>0xa5bc</run_address>
         <size>0x2252</size>
         <input_file_ref idref="fl-b"/>
      </object_component>
      <object_component id="oc-87">
         <name>.debug_info</name>
         <load_address>0xc80e</load_address>
         <run_address>0xc80e</run_address>
         <size>0x603c</size>
         <input_file_ref idref="fl-c"/>
      </object_component>
      <object_component id="oc-8c">
         <name>.debug_info</name>
         <load_address>0x1284a</load_address>
         <run_address>0x1284a</run_address>
         <size>0x1342a</size>
         <input_file_ref idref="fl-d"/>
      </object_component>
      <object_component id="oc-c0">
         <name>.debug_info</name>
         <load_address>0x25c74</load_address>
         <run_address>0x25c74</run_address>
         <size>0x1bce</size>
         <input_file_ref idref="fl-e"/>
      </object_component>
      <object_component id="oc-c5">
         <name>.debug_info</name>
         <load_address>0x27842</load_address>
         <run_address>0x27842</run_address>
         <size>0xb27</size>
         <input_file_ref idref="fl-f"/>
      </object_component>
      <object_component id="oc-ca">
         <name>.debug_info</name>
         <load_address>0x28369</load_address>
         <run_address>0x28369</run_address>
         <size>0x22ab</size>
         <input_file_ref idref="fl-10"/>
      </object_component>
      <object_component id="oc-cf">
         <name>.debug_info</name>
         <load_address>0x2a614</load_address>
         <run_address>0x2a614</run_address>
         <size>0x20c3</size>
         <input_file_ref idref="fl-11"/>
      </object_component>
      <object_component id="oc-d6">
         <name>.debug_info</name>
         <load_address>0x2c6d7</load_address>
         <run_address>0x2c6d7</run_address>
         <size>0xfb</size>
         <input_file_ref idref="fl-12"/>
      </object_component>
      <object_component id="oc-d9">
         <name>.debug_info</name>
         <load_address>0x2c7d2</load_address>
         <run_address>0x2c7d2</run_address>
         <size>0x1ee4</size>
         <input_file_ref idref="fl-13"/>
      </object_component>
      <object_component id="oc-de">
         <name>.debug_info</name>
         <load_address>0x2e6b6</load_address>
         <run_address>0x2e6b6</run_address>
         <size>0x9b5</size>
         <input_file_ref idref="fl-14"/>
      </object_component>
      <object_component id="oc-e5">
         <name>.debug_info</name>
         <load_address>0x2f06b</load_address>
         <run_address>0x2f06b</run_address>
         <size>0x914</size>
         <input_file_ref idref="fl-15"/>
      </object_component>
      <object_component id="oc-ec">
         <name>.debug_info</name>
         <load_address>0x2f97f</load_address>
         <run_address>0x2f97f</run_address>
         <size>0x713</size>
         <input_file_ref idref="fl-16"/>
      </object_component>
      <object_component id="oc-f3">
         <name>.debug_info</name>
         <load_address>0x30092</load_address>
         <run_address>0x30092</run_address>
         <size>0x8ad</size>
         <input_file_ref idref="fl-17"/>
      </object_component>
      <object_component id="oc-fa">
         <name>.debug_info</name>
         <load_address>0x3093f</load_address>
         <run_address>0x3093f</run_address>
         <size>0x65e</size>
         <input_file_ref idref="fl-18"/>
      </object_component>
      <object_component id="oc-101">
         <name>.debug_info</name>
         <load_address>0x30f9d</load_address>
         <run_address>0x30f9d</run_address>
         <size>0x65c</size>
         <input_file_ref idref="fl-19"/>
      </object_component>
      <object_component id="oc-108">
         <name>.debug_info</name>
         <load_address>0x315f9</load_address>
         <run_address>0x315f9</run_address>
         <size>0x9e5</size>
         <input_file_ref idref="fl-1a"/>
      </object_component>
      <object_component id="oc-10f">
         <name>.debug_info</name>
         <load_address>0x31fde</load_address>
         <run_address>0x31fde</run_address>
         <size>0x50be</size>
         <input_file_ref idref="fl-1b"/>
      </object_component>
      <object_component id="oc-116">
         <name>.debug_info</name>
         <load_address>0x3709c</load_address>
         <run_address>0x3709c</run_address>
         <size>0x186b</size>
         <input_file_ref idref="fl-1c"/>
      </object_component>
      <object_component id="oc-11b">
         <name>.debug_info</name>
         <load_address>0x38907</load_address>
         <run_address>0x38907</run_address>
         <size>0x4ed4</size>
         <input_file_ref idref="fl-1d"/>
      </object_component>
      <object_component id="oc-124">
         <name>.debug_info</name>
         <load_address>0x3d7db</load_address>
         <run_address>0x3d7db</run_address>
         <size>0x3cf</size>
         <input_file_ref idref="fl-2e"/>
      </object_component>
      <object_component id="oc-129">
         <name>.debug_info</name>
         <load_address>0x3dbaa</load_address>
         <run_address>0x3dbaa</run_address>
         <size>0x3e1</size>
         <input_file_ref idref="fl-2f"/>
      </object_component>
      <object_component id="oc-130">
         <name>.debug_info</name>
         <load_address>0x3df8b</load_address>
         <run_address>0x3df8b</run_address>
         <size>0x173</size>
         <input_file_ref idref="fl-30"/>
      </object_component>
      <object_component id="oc-135">
         <name>.debug_info</name>
         <load_address>0x3e0fe</load_address>
         <run_address>0x3e0fe</run_address>
         <size>0x114</size>
         <input_file_ref idref="fl-31"/>
      </object_component>
      <object_component id="oc-13a">
         <name>.debug_info</name>
         <load_address>0x3e212</load_address>
         <run_address>0x3e212</run_address>
         <size>0x176</size>
         <input_file_ref idref="fl-32"/>
      </object_component>
      <object_component id="oc-13e">
         <name>.debug_info</name>
         <load_address>0x3e388</load_address>
         <run_address>0x3e388</run_address>
         <size>0x561</size>
         <input_file_ref idref="fl-33"/>
      </object_component>
      <object_component id="oc-143">
         <name>.debug_info</name>
         <load_address>0x3e8e9</load_address>
         <run_address>0x3e8e9</run_address>
         <size>0x43a</size>
         <input_file_ref idref="fl-34"/>
      </object_component>
      <object_component id="oc-148">
         <name>.debug_info</name>
         <load_address>0x3ed23</load_address>
         <run_address>0x3ed23</run_address>
         <size>0x3ad</size>
         <input_file_ref idref="fl-35"/>
      </object_component>
      <object_component id="oc-14d">
         <name>.debug_info</name>
         <load_address>0x3f0d0</load_address>
         <run_address>0x3f0d0</run_address>
         <size>0x3aa</size>
         <input_file_ref idref="fl-36"/>
      </object_component>
      <object_component id="oc-152">
         <name>.debug_info</name>
         <load_address>0x3f47a</load_address>
         <run_address>0x3f47a</run_address>
         <size>0x544</size>
         <input_file_ref idref="fl-37"/>
      </object_component>
      <object_component id="oc-159">
         <name>.debug_info</name>
         <load_address>0x3f9be</load_address>
         <run_address>0x3f9be</run_address>
         <size>0x4cc</size>
         <input_file_ref idref="fl-38"/>
      </object_component>
      <object_component id="oc-15e">
         <name>.debug_info</name>
         <load_address>0x3fe8a</load_address>
         <run_address>0x3fe8a</run_address>
         <size>0x467</size>
         <input_file_ref idref="fl-39"/>
      </object_component>
      <object_component id="oc-1e5">
         <name>.debug_info</name>
         <load_address>0x402f1</load_address>
         <run_address>0x402f1</run_address>
         <size>0xac</size>
      </object_component>
      <object_component id="oc-4f">
         <name>.debug_frame</name>
         <load_address>0x0</load_address>
         <run_address>0x0</run_address>
         <size>0x60</size>
         <input_file_ref idref="fl-2"/>
      </object_component>
      <object_component id="oc-56">
         <name>.debug_frame</name>
         <load_address>0x60</load_address>
         <run_address>0x60</run_address>
         <size>0x28</size>
         <input_file_ref idref="fl-3"/>
      </object_component>
      <object_component id="oc-5d">
         <name>.debug_frame</name>
         <load_address>0x88</load_address>
         <run_address>0x88</run_address>
         <size>0x28</size>
         <input_file_ref idref="fl-4"/>
      </object_component>
      <object_component id="oc-62">
         <name>.debug_frame</name>
         <load_address>0xb0</load_address>
         <run_address>0xb0</run_address>
         <size>0x44</size>
         <input_file_ref idref="fl-5"/>
      </object_component>
      <object_component id="oc-6c">
         <name>.debug_frame</name>
         <load_address>0xf4</load_address>
         <run_address>0xf4</run_address>
         <size>0x40</size>
         <input_file_ref idref="fl-7"/>
      </object_component>
      <object_component id="oc-78">
         <name>.debug_frame</name>
         <load_address>0x134</load_address>
         <run_address>0x134</run_address>
         <size>0x28</size>
         <input_file_ref idref="fl-9"/>
      </object_component>
      <object_component id="oc-7d">
         <name>.debug_frame</name>
         <load_address>0x15c</load_address>
         <run_address>0x15c</run_address>
         <size>0x418</size>
         <input_file_ref idref="fl-a"/>
      </object_component>
      <object_component id="oc-83">
         <name>.debug_frame</name>
         <load_address>0x574</load_address>
         <run_address>0x574</run_address>
         <size>0xa08</size>
         <input_file_ref idref="fl-b"/>
      </object_component>
      <object_component id="oc-88">
         <name>.debug_frame</name>
         <load_address>0xf7c</load_address>
         <run_address>0xf7c</run_address>
         <size>0xc0</size>
         <input_file_ref idref="fl-c"/>
      </object_component>
      <object_component id="oc-c1">
         <name>.debug_frame</name>
         <load_address>0x103c</load_address>
         <run_address>0x103c</run_address>
         <size>0x40</size>
         <input_file_ref idref="fl-e"/>
      </object_component>
      <object_component id="oc-c6">
         <name>.debug_frame</name>
         <load_address>0x107c</load_address>
         <run_address>0x107c</run_address>
         <size>0x58</size>
         <input_file_ref idref="fl-f"/>
      </object_component>
      <object_component id="oc-cb">
         <name>.debug_frame</name>
         <load_address>0x10d4</load_address>
         <run_address>0x10d4</run_address>
         <size>0x44</size>
         <input_file_ref idref="fl-10"/>
      </object_component>
      <object_component id="oc-d0">
         <name>.debug_frame</name>
         <load_address>0x1118</load_address>
         <run_address>0x1118</run_address>
         <size>0xd8</size>
         <input_file_ref idref="fl-11"/>
      </object_component>
      <object_component id="oc-da">
         <name>.debug_frame</name>
         <load_address>0x11f0</load_address>
         <run_address>0x11f0</run_address>
         <size>0x78</size>
         <input_file_ref idref="fl-13"/>
      </object_component>
      <object_component id="oc-e1">
         <name>.debug_frame</name>
         <load_address>0x1268</load_address>
         <run_address>0x1268</run_address>
         <size>0x88</size>
         <input_file_ref idref="fl-14"/>
      </object_component>
      <object_component id="oc-e8">
         <name>.debug_frame</name>
         <load_address>0x12f0</load_address>
         <run_address>0x12f0</run_address>
         <size>0x60</size>
         <input_file_ref idref="fl-15"/>
      </object_component>
      <object_component id="oc-ef">
         <name>.debug_frame</name>
         <load_address>0x1350</load_address>
         <run_address>0x1350</run_address>
         <size>0x44</size>
         <input_file_ref idref="fl-16"/>
      </object_component>
      <object_component id="oc-f6">
         <name>.debug_frame</name>
         <load_address>0x1394</load_address>
         <run_address>0x1394</run_address>
         <size>0x74</size>
         <input_file_ref idref="fl-17"/>
      </object_component>
      <object_component id="oc-fd">
         <name>.debug_frame</name>
         <load_address>0x1408</load_address>
         <run_address>0x1408</run_address>
         <size>0x28</size>
         <input_file_ref idref="fl-18"/>
      </object_component>
      <object_component id="oc-104">
         <name>.debug_frame</name>
         <load_address>0x1430</load_address>
         <run_address>0x1430</run_address>
         <size>0x28</size>
         <input_file_ref idref="fl-19"/>
      </object_component>
      <object_component id="oc-10b">
         <name>.debug_frame</name>
         <load_address>0x1458</load_address>
         <run_address>0x1458</run_address>
         <size>0x6c</size>
         <input_file_ref idref="fl-1a"/>
      </object_component>
      <object_component id="oc-112">
         <name>.debug_frame</name>
         <load_address>0x14c4</load_address>
         <run_address>0x14c4</run_address>
         <size>0xbc</size>
         <input_file_ref idref="fl-1b"/>
      </object_component>
      <object_component id="oc-117">
         <name>.debug_frame</name>
         <load_address>0x1580</load_address>
         <run_address>0x1580</run_address>
         <size>0x40</size>
         <input_file_ref idref="fl-1c"/>
      </object_component>
      <object_component id="oc-120">
         <name>.debug_frame</name>
         <load_address>0x15c0</load_address>
         <run_address>0x15c0</run_address>
         <size>0xf4</size>
         <input_file_ref idref="fl-1d"/>
      </object_component>
      <object_component id="oc-125">
         <name>.debug_frame</name>
         <load_address>0x16b4</load_address>
         <run_address>0x16b4</run_address>
         <size>0x44</size>
         <input_file_ref idref="fl-2e"/>
      </object_component>
      <object_component id="oc-12a">
         <name>.debug_frame</name>
         <load_address>0x16f8</load_address>
         <run_address>0x16f8</run_address>
         <size>0x64</size>
         <input_file_ref idref="fl-2f"/>
      </object_component>
      <object_component id="oc-13f">
         <name>.debug_frame</name>
         <load_address>0x175c</load_address>
         <run_address>0x175c</run_address>
         <size>0x60</size>
         <input_file_ref idref="fl-33"/>
      </object_component>
      <object_component id="oc-144">
         <name>.debug_frame</name>
         <load_address>0x17bc</load_address>
         <run_address>0x17bc</run_address>
         <size>0x40</size>
         <input_file_ref idref="fl-34"/>
      </object_component>
      <object_component id="oc-149">
         <name>.debug_frame</name>
         <load_address>0x17fc</load_address>
         <run_address>0x17fc</run_address>
         <size>0x40</size>
         <input_file_ref idref="fl-35"/>
      </object_component>
      <object_component id="oc-14e">
         <name>.debug_frame</name>
         <load_address>0x183c</load_address>
         <run_address>0x183c</run_address>
         <size>0x40</size>
         <input_file_ref idref="fl-36"/>
      </object_component>
      <object_component id="oc-155">
         <name>.debug_frame</name>
         <load_address>0x187c</load_address>
         <run_address>0x187c</run_address>
         <size>0x60</size>
         <input_file_ref idref="fl-37"/>
      </object_component>
      <object_component id="oc-15a">
         <name>.debug_frame</name>
         <load_address>0x18dc</load_address>
         <run_address>0x18dc</run_address>
         <size>0x70</size>
         <input_file_ref idref="fl-38"/>
      </object_component>
      <object_component id="oc-15f">
         <name>.debug_frame</name>
         <load_address>0x194c</load_address>
         <run_address>0x194c</run_address>
         <size>0x40</size>
         <input_file_ref idref="fl-39"/>
      </object_component>
      <object_component id="oc-50">
         <name>.debug_line</name>
         <load_address>0x0</load_address>
         <run_address>0x0</run_address>
         <size>0x94</size>
         <input_file_ref idref="fl-2"/>
      </object_component>
      <object_component id="oc-57">
         <name>.debug_line</name>
         <load_address>0x94</load_address>
         <run_address>0x94</run_address>
         <size>0x2f</size>
         <input_file_ref idref="fl-3"/>
      </object_component>
      <object_component id="oc-5e">
         <name>.debug_line</name>
         <load_address>0xc3</load_address>
         <run_address>0xc3</run_address>
         <size>0x2f</size>
         <input_file_ref idref="fl-4"/>
      </object_component>
      <object_component id="oc-63">
         <name>.debug_line</name>
         <load_address>0xf2</load_address>
         <run_address>0xf2</run_address>
         <size>0x5c</size>
         <input_file_ref idref="fl-5"/>
      </object_component>
      <object_component id="oc-67">
         <name>.debug_line</name>
         <load_address>0x14e</load_address>
         <run_address>0x14e</run_address>
         <size>0x4d</size>
         <input_file_ref idref="fl-6"/>
      </object_component>
      <object_component id="oc-6d">
         <name>.debug_line</name>
         <load_address>0x19b</load_address>
         <run_address>0x19b</run_address>
         <size>0x55</size>
         <input_file_ref idref="fl-7"/>
      </object_component>
      <object_component id="oc-72">
         <name>.debug_line</name>
         <load_address>0x1f0</load_address>
         <run_address>0x1f0</run_address>
         <size>0x65</size>
         <input_file_ref idref="fl-8"/>
      </object_component>
      <object_component id="oc-79">
         <name>.debug_line</name>
         <load_address>0x255</load_address>
         <run_address>0x255</run_address>
         <size>0x3c</size>
         <input_file_ref idref="fl-9"/>
      </object_component>
      <object_component id="oc-7e">
         <name>.debug_line</name>
         <load_address>0x291</load_address>
         <run_address>0x291</run_address>
         <size>0x509</size>
         <input_file_ref idref="fl-a"/>
      </object_component>
      <object_component id="oc-84">
         <name>.debug_line</name>
         <load_address>0x79a</load_address>
         <run_address>0x79a</run_address>
         <size>0x752</size>
         <input_file_ref idref="fl-b"/>
      </object_component>
      <object_component id="oc-89">
         <name>.debug_line</name>
         <load_address>0xeec</load_address>
         <run_address>0xeec</run_address>
         <size>0x166</size>
         <input_file_ref idref="fl-c"/>
      </object_component>
      <object_component id="oc-c2">
         <name>.debug_line</name>
         <load_address>0x1052</load_address>
         <run_address>0x1052</run_address>
         <size>0x5e</size>
         <input_file_ref idref="fl-e"/>
      </object_component>
      <object_component id="oc-c7">
         <name>.debug_line</name>
         <load_address>0x10b0</load_address>
         <run_address>0x10b0</run_address>
         <size>0x8a</size>
         <input_file_ref idref="fl-f"/>
      </object_component>
      <object_component id="oc-cc">
         <name>.debug_line</name>
         <load_address>0x113a</load_address>
         <run_address>0x113a</run_address>
         <size>0x6c</size>
         <input_file_ref idref="fl-10"/>
      </object_component>
      <object_component id="oc-d1">
         <name>.debug_line</name>
         <load_address>0x11a6</load_address>
         <run_address>0x11a6</run_address>
         <size>0x169</size>
         <input_file_ref idref="fl-11"/>
      </object_component>
      <object_component id="oc-d5">
         <name>.debug_line</name>
         <load_address>0x130f</load_address>
         <run_address>0x130f</run_address>
         <size>0x4c</size>
         <input_file_ref idref="fl-12"/>
      </object_component>
      <object_component id="oc-db">
         <name>.debug_line</name>
         <load_address>0x135b</load_address>
         <run_address>0x135b</run_address>
         <size>0x9f</size>
         <input_file_ref idref="fl-13"/>
      </object_component>
      <object_component id="oc-e2">
         <name>.debug_line</name>
         <load_address>0x13fa</load_address>
         <run_address>0x13fa</run_address>
         <size>0xdc</size>
         <input_file_ref idref="fl-14"/>
      </object_component>
      <object_component id="oc-e9">
         <name>.debug_line</name>
         <load_address>0x14d6</load_address>
         <run_address>0x14d6</run_address>
         <size>0xb4</size>
         <input_file_ref idref="fl-15"/>
      </object_component>
      <object_component id="oc-f0">
         <name>.debug_line</name>
         <load_address>0x158a</load_address>
         <run_address>0x158a</run_address>
         <size>0x8f</size>
         <input_file_ref idref="fl-16"/>
      </object_component>
      <object_component id="oc-f7">
         <name>.debug_line</name>
         <load_address>0x1619</load_address>
         <run_address>0x1619</run_address>
         <size>0x72</size>
         <input_file_ref idref="fl-17"/>
      </object_component>
      <object_component id="oc-fe">
         <name>.debug_line</name>
         <load_address>0x168b</load_address>
         <run_address>0x168b</run_address>
         <size>0x37</size>
         <input_file_ref idref="fl-18"/>
      </object_component>
      <object_component id="oc-105">
         <name>.debug_line</name>
         <load_address>0x16c2</load_address>
         <run_address>0x16c2</run_address>
         <size>0x39</size>
         <input_file_ref idref="fl-19"/>
      </object_component>
      <object_component id="oc-10c">
         <name>.debug_line</name>
         <load_address>0x16fb</load_address>
         <run_address>0x16fb</run_address>
         <size>0x88</size>
         <input_file_ref idref="fl-1a"/>
      </object_component>
      <object_component id="oc-113">
         <name>.debug_line</name>
         <load_address>0x1783</load_address>
         <run_address>0x1783</run_address>
         <size>0x153</size>
         <input_file_ref idref="fl-1b"/>
      </object_component>
      <object_component id="oc-118">
         <name>.debug_line</name>
         <load_address>0x18d6</load_address>
         <run_address>0x18d6</run_address>
         <size>0xcf</size>
         <input_file_ref idref="fl-1c"/>
      </object_component>
      <object_component id="oc-121">
         <name>.debug_line</name>
         <load_address>0x19a5</load_address>
         <run_address>0x19a5</run_address>
         <size>0xd5</size>
         <input_file_ref idref="fl-1d"/>
      </object_component>
      <object_component id="oc-126">
         <name>.debug_line</name>
         <load_address>0x1a7a</load_address>
         <run_address>0x1a7a</run_address>
         <size>0x50</size>
         <input_file_ref idref="fl-2e"/>
      </object_component>
      <object_component id="oc-12b">
         <name>.debug_line</name>
         <load_address>0x1aca</load_address>
         <run_address>0x1aca</run_address>
         <size>0x60</size>
         <input_file_ref idref="fl-2f"/>
      </object_component>
      <object_component id="oc-131">
         <name>.debug_line</name>
         <load_address>0x1b2a</load_address>
         <run_address>0x1b2a</run_address>
         <size>0x7e</size>
         <input_file_ref idref="fl-30"/>
      </object_component>
      <object_component id="oc-136">
         <name>.debug_line</name>
         <load_address>0x1ba8</load_address>
         <run_address>0x1ba8</run_address>
         <size>0xad</size>
         <input_file_ref idref="fl-31"/>
      </object_component>
      <object_component id="oc-13b">
         <name>.debug_line</name>
         <load_address>0x1c55</load_address>
         <run_address>0x1c55</run_address>
         <size>0x6c</size>
         <input_file_ref idref="fl-32"/>
      </object_component>
      <object_component id="oc-140">
         <name>.debug_line</name>
         <load_address>0x1cc1</load_address>
         <run_address>0x1cc1</run_address>
         <size>0x50</size>
         <input_file_ref idref="fl-33"/>
      </object_component>
      <object_component id="oc-145">
         <name>.debug_line</name>
         <load_address>0x1d11</load_address>
         <run_address>0x1d11</run_address>
         <size>0x62</size>
         <input_file_ref idref="fl-34"/>
      </object_component>
      <object_component id="oc-14a">
         <name>.debug_line</name>
         <load_address>0x1d73</load_address>
         <run_address>0x1d73</run_address>
         <size>0x3e</size>
         <input_file_ref idref="fl-35"/>
      </object_component>
      <object_component id="oc-14f">
         <name>.debug_line</name>
         <load_address>0x1db1</load_address>
         <run_address>0x1db1</run_address>
         <size>0x3a</size>
         <input_file_ref idref="fl-36"/>
      </object_component>
      <object_component id="oc-156">
         <name>.debug_line</name>
         <load_address>0x1deb</load_address>
         <run_address>0x1deb</run_address>
         <size>0x65</size>
         <input_file_ref idref="fl-37"/>
      </object_component>
      <object_component id="oc-15b">
         <name>.debug_line</name>
         <load_address>0x1e50</load_address>
         <run_address>0x1e50</run_address>
         <size>0x5e</size>
         <input_file_ref idref="fl-38"/>
      </object_component>
      <object_component id="oc-160">
         <name>.debug_line</name>
         <load_address>0x1eae</load_address>
         <run_address>0x1eae</run_address>
         <size>0x4f</size>
         <input_file_ref idref="fl-39"/>
      </object_component>
      <object_component id="oc-51">
         <name>.debug_abbrev</name>
         <load_address>0x0</load_address>
         <run_address>0x0</run_address>
         <size>0x116</size>
         <input_file_ref idref="fl-2"/>
      </object_component>
      <object_component id="oc-58">
         <name>.debug_abbrev</name>
         <load_address>0x116</load_address>
         <run_address>0x116</run_address>
         <size>0xdc</size>
         <input_file_ref idref="fl-3"/>
      </object_component>
      <object_component id="oc-5f">
         <name>.debug_abbrev</name>
         <load_address>0x1f2</load_address>
         <run_address>0x1f2</run_address>
         <size>0xcc</size>
         <input_file_ref idref="fl-4"/>
      </object_component>
      <object_component id="oc-64">
         <name>.debug_abbrev</name>
         <load_address>0x2be</load_address>
         <run_address>0x2be</run_address>
         <size>0x120</size>
         <input_file_ref idref="fl-5"/>
      </object_component>
      <object_component id="oc-69">
         <name>.debug_abbrev</name>
         <load_address>0x3de</load_address>
         <run_address>0x3de</run_address>
         <size>0x2f</size>
         <input_file_ref idref="fl-6"/>
      </object_component>
      <object_component id="oc-6e">
         <name>.debug_abbrev</name>
         <load_address>0x40d</load_address>
         <run_address>0x40d</run_address>
         <size>0x10f</size>
         <input_file_ref idref="fl-7"/>
      </object_component>
      <object_component id="oc-74">
         <name>.debug_abbrev</name>
         <load_address>0x51c</load_address>
         <run_address>0x51c</run_address>
         <size>0x21</size>
         <input_file_ref idref="fl-8"/>
      </object_component>
      <object_component id="oc-7a">
         <name>.debug_abbrev</name>
         <load_address>0x53d</load_address>
         <run_address>0x53d</run_address>
         <size>0xfd</size>
         <input_file_ref idref="fl-9"/>
      </object_component>
      <object_component id="oc-7f">
         <name>.debug_abbrev</name>
         <load_address>0x63a</load_address>
         <run_address>0x63a</run_address>
         <size>0x128</size>
         <input_file_ref idref="fl-a"/>
      </object_component>
      <object_component id="oc-85">
         <name>.debug_abbrev</name>
         <load_address>0x762</load_address>
         <run_address>0x762</run_address>
         <size>0xa8</size>
         <input_file_ref idref="fl-b"/>
      </object_component>
      <object_component id="oc-8a">
         <name>.debug_abbrev</name>
         <load_address>0x80a</load_address>
         <run_address>0x80a</run_address>
         <size>0x151</size>
         <input_file_ref idref="fl-c"/>
      </object_component>
      <object_component id="oc-bf">
         <name>.debug_abbrev</name>
         <load_address>0x95b</load_address>
         <run_address>0x95b</run_address>
         <size>0xb7</size>
         <input_file_ref idref="fl-d"/>
      </object_component>
      <object_component id="oc-c3">
         <name>.debug_abbrev</name>
         <load_address>0xa12</load_address>
         <run_address>0xa12</run_address>
         <size>0xdc</size>
         <input_file_ref idref="fl-e"/>
      </object_component>
      <object_component id="oc-c8">
         <name>.debug_abbrev</name>
         <load_address>0xaee</load_address>
         <run_address>0xaee</run_address>
         <size>0xc8</size>
         <input_file_ref idref="fl-f"/>
      </object_component>
      <object_component id="oc-cd">
         <name>.debug_abbrev</name>
         <load_address>0xbb6</load_address>
         <run_address>0xbb6</run_address>
         <size>0x116</size>
         <input_file_ref idref="fl-10"/>
      </object_component>
      <object_component id="oc-d2">
         <name>.debug_abbrev</name>
         <load_address>0xccc</load_address>
         <run_address>0xccc</run_address>
         <size>0x17b</size>
         <input_file_ref idref="fl-11"/>
      </object_component>
      <object_component id="oc-d7">
         <name>.debug_abbrev</name>
         <load_address>0xe47</load_address>
         <run_address>0xe47</run_address>
         <size>0x2f</size>
         <input_file_ref idref="fl-12"/>
      </object_component>
      <object_component id="oc-dc">
         <name>.debug_abbrev</name>
         <load_address>0xe76</load_address>
         <run_address>0xe76</run_address>
         <size>0xf8</size>
         <input_file_ref idref="fl-13"/>
      </object_component>
      <object_component id="oc-e3">
         <name>.debug_abbrev</name>
         <load_address>0xf6e</load_address>
         <run_address>0xf6e</run_address>
         <size>0xa5</size>
         <input_file_ref idref="fl-14"/>
      </object_component>
      <object_component id="oc-ea">
         <name>.debug_abbrev</name>
         <load_address>0x1013</load_address>
         <run_address>0x1013</run_address>
         <size>0xa5</size>
         <input_file_ref idref="fl-15"/>
      </object_component>
      <object_component id="oc-f1">
         <name>.debug_abbrev</name>
         <load_address>0x10b8</load_address>
         <run_address>0x10b8</run_address>
         <size>0xc9</size>
         <input_file_ref idref="fl-16"/>
      </object_component>
      <object_component id="oc-f8">
         <name>.debug_abbrev</name>
         <load_address>0x1181</load_address>
         <run_address>0x1181</run_address>
         <size>0xdc</size>
         <input_file_ref idref="fl-17"/>
      </object_component>
      <object_component id="oc-ff">
         <name>.debug_abbrev</name>
         <load_address>0x125d</load_address>
         <run_address>0x125d</run_address>
         <size>0xdc</size>
         <input_file_ref idref="fl-18"/>
      </object_component>
      <object_component id="oc-106">
         <name>.debug_abbrev</name>
         <load_address>0x1339</load_address>
         <run_address>0x1339</run_address>
         <size>0xdc</size>
         <input_file_ref idref="fl-19"/>
      </object_component>
      <object_component id="oc-10d">
         <name>.debug_abbrev</name>
         <load_address>0x1415</load_address>
         <run_address>0x1415</run_address>
         <size>0xcc</size>
         <input_file_ref idref="fl-1a"/>
      </object_component>
      <object_component id="oc-114">
         <name>.debug_abbrev</name>
         <load_address>0x14e1</load_address>
         <run_address>0x14e1</run_address>
         <size>0x168</size>
         <input_file_ref idref="fl-1b"/>
      </object_component>
      <object_component id="oc-119">
         <name>.debug_abbrev</name>
         <load_address>0x1649</load_address>
         <run_address>0x1649</run_address>
         <size>0xc8</size>
         <input_file_ref idref="fl-1c"/>
      </object_component>
      <object_component id="oc-122">
         <name>.debug_abbrev</name>
         <load_address>0x1711</load_address>
         <run_address>0x1711</run_address>
         <size>0x1b4</size>
         <input_file_ref idref="fl-1d"/>
      </object_component>
      <object_component id="oc-127">
         <name>.debug_abbrev</name>
         <load_address>0x18c5</load_address>
         <run_address>0x18c5</run_address>
         <size>0x84</size>
         <input_file_ref idref="fl-2e"/>
      </object_component>
      <object_component id="oc-12c">
         <name>.debug_abbrev</name>
         <load_address>0x1949</load_address>
         <run_address>0x1949</run_address>
         <size>0x84</size>
         <input_file_ref idref="fl-2f"/>
      </object_component>
      <object_component id="oc-132">
         <name>.debug_abbrev</name>
         <load_address>0x19cd</load_address>
         <run_address>0x19cd</run_address>
         <size>0x46</size>
         <input_file_ref idref="fl-30"/>
      </object_component>
      <object_component id="oc-137">
         <name>.debug_abbrev</name>
         <load_address>0x1a13</load_address>
         <run_address>0x1a13</run_address>
         <size>0x38</size>
         <input_file_ref idref="fl-31"/>
      </object_component>
      <object_component id="oc-13c">
         <name>.debug_abbrev</name>
         <load_address>0x1a4b</load_address>
         <run_address>0x1a4b</run_address>
         <size>0x38</size>
         <input_file_ref idref="fl-32"/>
      </object_component>
      <object_component id="oc-141">
         <name>.debug_abbrev</name>
         <load_address>0x1a83</load_address>
         <run_address>0x1a83</run_address>
         <size>0xe3</size>
         <input_file_ref idref="fl-33"/>
      </object_component>
      <object_component id="oc-146">
         <name>.debug_abbrev</name>
         <load_address>0x1b66</load_address>
         <run_address>0x1b66</run_address>
         <size>0xa8</size>
         <input_file_ref idref="fl-34"/>
      </object_component>
      <object_component id="oc-14b">
         <name>.debug_abbrev</name>
         <load_address>0x1c0e</load_address>
         <run_address>0x1c0e</run_address>
         <size>0x68</size>
         <input_file_ref idref="fl-35"/>
      </object_component>
      <object_component id="oc-150">
         <name>.debug_abbrev</name>
         <load_address>0x1c76</load_address>
         <run_address>0x1c76</run_address>
         <size>0x66</size>
         <input_file_ref idref="fl-36"/>
      </object_component>
      <object_component id="oc-157">
         <name>.debug_abbrev</name>
         <load_address>0x1cdc</load_address>
         <run_address>0x1cdc</run_address>
         <size>0x130</size>
[...]
         <value>0x338afa</value>
         <object_component_ref idref="oc-188"/>
      </symbol>
      <symbol id="sm-28d">
         <name>_InitECanGpio</name>
         <value>0x338bfd</value>
         <object_component_ref idref="oc-188"/>
      </symbol>
      <symbol id="sm-28f">
         <name>_InitECanbGpio</name>
         <value>0x338c18</value>
         <object_component_ref idref="oc-188"/>
      </symbol>
      <symbol id="sm-291">
         <name>_InitECanaGpio</name>
         <value>0x338c02</value>
         <object_component_ref idref="oc-188"/>
      </symbol>
      <symbol id="sm-293">
         <name>_InitECana</name>
         <value>0x338aff</value>
         <object_component_ref idref="oc-188"/>
      </symbol>
      <symbol id="sm-295">
         <name>_InitECanb</name>
         <value>0x338b7e</value>
         <object_component_ref idref="oc-188"/>
      </symbol>
      <symbol id="sm-300">
         <name>_GpioCtrlRegs</name>
         <value>0x6f80</value>
         <object_component_ref idref="oc-af"/>
      </symbol>
      <symbol id="sm-301">
         <name>_PieVectTable</name>
         <value>0xd00</value>
         <object_component_ref idref="oc-be"/>
      </symbol>
      <symbol id="sm-302">
         <name>_ECap4Regs</name>
         <value>0x6a60</value>
         <object_component_ref idref="oc-a1"/>
      </symbol>
      <symbol id="sm-303">
         <name>_CsmRegs</name>
         <value>0xae0</value>
         <object_component_ref idref="oc-95"/>
      </symbol>
      <symbol id="sm-304">
         <name>_ECanaLAMRegs</name>
         <value>0x6040</value>
         <object_component_ref idref="oc-b2"/>
      </symbol>
      <symbol id="sm-305">
         <name>_ECanbMOTORegs</name>
         <value>0x62c0</value>
         <object_component_ref idref="oc-b7"/>
      </symbol>
      <symbol id="sm-306">
         <name>_EPwm4Regs</name>
         <value>0x58c0</value>
         <object_component_ref idref="oc-a9"/>
      </symbol>
      <symbol id="sm-307">
         <name>_ECap5Regs</name>
         <value>0x6a80</value>
         <object_component_ref idref="oc-a2"/>
      </symbol>
      <symbol id="sm-308">
         <name>_CpuTimer1Regs</name>
         <value>0xc08</value>
         <object_component_ref idref="oc-8f"/>
      </symbol>
      <symbol id="sm-309">
         <name>_SysCtrlRegs</name>
         <value>0x7010</value>
         <object_component_ref idref="oc-a5"/>
      </symbol>
      <symbol id="sm-30a">
         <name>_EPwm5Regs</name>
         <value>0x5900</value>
         <object_component_ref idref="oc-aa"/>
      </symbol>
      <symbol id="sm-30b">
         <name>_SpiaRegs</name>
         <value>0x7040</value>
         <object_component_ref idref="oc-99"/>
      </symbol>
      <symbol id="sm-30c">
         <name>_ECanaMOTSRegs</name>
         <value>0x6080</value>
         <object_component_ref idref="oc-b3"/>
      </symbol>
      <symbol id="sm-30d">
         <name>_ECap6Regs</name>
         <value>0x6aa0</value>
         <object_component_ref idref="oc-a3"/>
      </symbol>
      <symbol id="sm-30e">
         <name>_DmaRegs</name>
         <value>0x1000</value>
         <object_component_ref idref="oc-bb"/>
      </symbol>
      <symbol id="sm-30f">
         <name>_FlashRegs</name>
         <value>0xa80</value>
         <object_component_ref idref="oc-92"/>
      </symbol>
      <symbol id="sm-310">
         <name>_CpuTimer0Regs</name>
         <value>0xc00</value>
         <object_component_ref idref="oc-8e"/>
      </symbol>
      <symbol id="sm-311">
         <name>_DevEmuRegs</name>
         <value>0x880</value>
         <object_component_ref idref="oc-ba"/>
      </symbol>
      <symbol id="sm-312">
         <name>_McbspbRegs</name>
         <value>0x5040</value>
         <object_component_ref idref="oc-ae"/>
      </symbol>
      <symbol id="sm-313">
         <name>_EPwm6Regs</name>
         <value>0x5940</value>
         <object_component_ref idref="oc-ab"/>
      </symbol>
      <symbol id="sm-314">
         <name>_SciaRegs</name>
         <value>0x7050</value>
         <object_component_ref idref="oc-96"/>
      </symbol>
      <symbol id="sm-315">
         <name>_GpioDataRegs</name>
         <value>0x6fc0</value>
         <object_component_ref idref="oc-a4"/>
      </symbol>
      <symbol id="sm-316">
         <name>_CsmPwl</name>
         <value>0x33fff8</value>
         <object_component_ref idref="oc-91"/>
      </symbol>
      <symbol id="sm-317">
         <name>_AdcRegs</name>
         <value>0x7100</value>
         <object_component_ref idref="oc-9c"/>
      </symbol>
      <symbol id="sm-318">
         <name>_XIntruptRegs</name>
         <value>0x7070</value>
         <object_component_ref idref="oc-9a"/>
      </symbol>
      <symbol id="sm-319">
         <name>_CpuTimer2Regs</name>
         <value>0xc10</value>
         <object_component_ref idref="oc-90"/>
      </symbol>
      <symbol id="sm-31a">
         <name>_PieCtrlRegs</name>
         <value>0xce0</value>
         <object_component_ref idref="oc-9b"/>
      </symbol>
      <symbol id="sm-31b">
         <name>_ECanbMOTSRegs</name>
         <value>0x6280</value>
         <object_component_ref idref="oc-b6"/>
      </symbol>
      <symbol id="sm-31c">
         <name>_ECanaRegs</name>
         <value>0x6000</value>
         <object_component_ref idref="oc-b0"/>
      </symbol>
      <symbol id="sm-31d">
         <name>_AdcMirror</name>
         <value>0xb00</value>
         <object_component_ref idref="oc-94"/>
      </symbol>
      <symbol id="sm-31e">
         <name>_ECanbMboxes</name>
         <value>0x6300</value>
         <object_component_ref idref="oc-bd"/>
      </symbol>
      <symbol id="sm-31f">
         <name>_XintfRegs</name>
         <value>0xb20</value>
         <object_component_ref idref="oc-9d"/>
      </symbol>
      <symbol id="sm-320">
         <name>_ScicRegs</name>
         <value>0x7770</value>
         <object_component_ref idref="oc-98"/>
      </symbol>
      <symbol id="sm-321">
         <name>_ECap1Regs</name>
         <value>0x6a00</value>
         <object_component_ref idref="oc-9e"/>
      </symbol>
      <symbol id="sm-322">
         <name>_EQep1Regs</name>
         <value>0x6b00</value>
         <object_component_ref idref="oc-b8"/>
      </symbol>
      <symbol id="sm-323">
         <name>_McbspaRegs</name>
         <value>0x5000</value>
         <object_component_ref idref="oc-ad"/>
      </symbol>
      <symbol id="sm-324">
         <name>_EPwm1Regs</name>
         <value>0x5800</value>
         <object_component_ref idref="oc-a6"/>
      </symbol>
      <symbol id="sm-325">
         <name>_ECanbRegs</name>
         <value>0x6200</value>
         <object_component_ref idref="oc-b1"/>
      </symbol>
      <symbol id="sm-326">
         <name>_ScibRegs</name>
         <value>0x7750</value>
         <object_component_ref idref="oc-97"/>
      </symbol>
      <symbol id="sm-327">
         <name>_ECap2Regs</name>
         <value>0x6a20</value>
         <object_component_ref idref="oc-9f"/>
      </symbol>
      <symbol id="sm-328">
         <name>_GpioIntRegs</name>
         <value>0x6fe0</value>
         <object_component_ref idref="oc-93"/>
      </symbol>
      <symbol id="sm-329">
         <name>_EQep2Regs</name>
         <value>0x6b40</value>
         <object_component_ref idref="oc-b9"/>
      </symbol>
      <symbol id="sm-32a">
         <name>_PartIdRegs</name>
         <value>0x380090</value>
         <object_component_ref idref="oc-8d"/>
      </symbol>
      <symbol id="sm-32b">
         <name>_EPwm2Regs</name>
         <value>0x5840</value>
         <object_component_ref idref="oc-a7"/>
      </symbol>
      <symbol id="sm-32c">
         <name>_ECanaMboxes</name>
         <value>0x6100</value>
         <object_component_ref idref="oc-bc"/>
      </symbol>
      <symbol id="sm-32d">
         <name>_ECap3Regs</name>
         <value>0x6a40</value>
         <object_component_ref idref="oc-a0"/>
      </symbol>
      <symbol id="sm-32e">
         <name>_ECanaMOTORegs</name>
         <value>0x60c0</value>
         <object_component_ref idref="oc-b4"/>
      </symbol>
      <symbol id="sm-32f">
         <name>_EPwm3Regs</name>
         <value>0x5880</value>
         <object_component_ref idref="oc-a8"/>
      </symbol>
      <symbol id="sm-330">
         <name>_ECanbLAMRegs</name>
         <value>0x6240</value>
         <object_component_ref idref="oc-b5"/>
      </symbol>
      <symbol id="sm-331">
         <name>_I2caRegs</name>
         <value>0x7900</value>
         <object_component_ref idref="oc-ac"/>
      </symbol>
      <symbol id="sm-33d">
         <name>_InitGpio</name>
         <value>0x3390ca</value>
         <object_component_ref idref="oc-17f"/>
      </symbol>
      <symbol id="sm-34a">
         <name>_InitPieCtrl</name>
         <value>0x339029</value>
         <object_component_ref idref="oc-181"/>
      </symbol>
      <symbol id="sm-34c">
         <name>_EnableInterrupts</name>
         <value>0x339048</value>
         <object_component_ref idref="oc-181"/>
      </symbol>
      <symbol id="sm-35d">
         <name>_PieVectTableInit</name>
         <value>0x3392fa</value>
         <object_component_ref idref="oc-18c"/>
      </symbol>
      <symbol id="sm-35e">
         <name>_InitPieVectTable</name>
         <value>0x339075</value>
         <object_component_ref idref="oc-182"/>
      </symbol>
      <symbol id="sm-376">
         <name>_InitPll</name>
         <value>0x338c34</value>
         <object_component_ref idref="oc-17d"/>
      </symbol>
      <symbol id="sm-378">
         <name>_DisableDog</name>
         <value>0x338c2c</value>
         <object_component_ref idref="oc-17d"/>
      </symbol>
      <symbol id="sm-37a">
         <name>_InitPeripheralClocks</name>
         <value>0x338c84</value>
         <object_component_ref idref="oc-17d"/>
      </symbol>
      <symbol id="sm-37c">
         <name>_InitFlash</name>
         <value>0x8926</value>
         <object_component_ref idref="oc-17e"/>
      </symbol>
      <symbol id="sm-37e">
         <name>_CsmUnlock</name>
         <value>0x338cdf</value>
         <object_component_ref idref="oc-17d"/>
      </symbol>
      <symbol id="sm-380">
         <name>_ServiceDog</name>
         <value>0x338c22</value>
         <object_component_ref idref="oc-17d"/>
      </symbol>
      <symbol id="sm-382">
         <name>_InitSysCtrl</name>
         <value>0x338c19</value>
         <object_component_ref idref="oc-17d"/>
      </symbol>
      <symbol id="sm-38f">
         <name>_DSP28x_usDelay</name>
         <value>0x8955</value>
         <object_component_ref idref="oc-d4"/>
      </symbol>
      <symbol id="sm-39f">
         <name>_Setup_GPIO</name>
         <value>0x338f71</value>
         <object_component_ref idref="oc-180"/>
      </symbol>
      <symbol id="sm-3a1">
         <name>_reset_drivers</name>
         <value>0x8951</value>
         <object_component_ref idref="oc-16c"/>
      </symbol>
      <symbol id="sm-3a3">
         <name>_enable_ePWM</name>
         <value>0x8941</value>
         <object_component_ref idref="oc-16c"/>
      </symbol>
      <symbol id="sm-3c0">
         <name>_Park_inverse</name>
         <value>0x82e2</value>
         <object_component_ref idref="oc-16a"/>
      </symbol>
      <symbol id="sm-3c2">
         <name>_PLL_dq</name>
         <value>0x81ea</value>
         <object_component_ref idref="oc-16a"/>
      </symbol>
      <symbol id="sm-3e2">
         <name>_state_mach</name>
         <value>0x83a2</value>
         <object_component_ref idref="oc-16b"/>
      </symbol>
      <symbol id="sm-412">
         <name>_rms_calculation</name>
         <value>0x8866</value>
         <object_component_ref idref="oc-169"/>
      </symbol>
      <symbol id="sm-430">
         <name>_DQCURRENT_comp</name>
         <value>0x8784</value>
         <object_component_ref idref="oc-16e"/>
      </symbol>
      <symbol id="sm-474">
         <name>_VSG_comp</name>
         <value>0x8000</value>
         <object_component_ref idref="oc-16d"/>
      </symbol>
      <symbol id="sm-496">
         <name>_Setup_eCAN</name>
         <value>0x338734</value>
         <object_component_ref idref="oc-189"/>
      </symbol>
      <symbol id="sm-498">
         <name>_MBXwrA</name>
         <value>0x3386ff</value>
         <object_component_ref idref="oc-189"/>
      </symbol>
      <symbol id="sm-49a">
         <name>_mailbox_read</name>
         <value>0x338719</value>
         <object_component_ref idref="oc-189"/>
      </symbol>
      <symbol id="sm-49c">
         <name>_eCAN_RW</name>
         <value>0x3387b3</value>
         <object_component_ref idref="oc-189"/>
      </symbol>
      <symbol id="sm-49e">
         <name>_lecturas</name>
         <value>0x8d9c</value>
         <object_component_ref idref="oc-111"/>
      </symbol>
      <symbol id="sm-4aa">
         <name>_Setup_ePWM</name>
         <value>0x3389cb</value>
         <object_component_ref idref="oc-187"/>
      </symbol>
      <symbol id="sm-4ca">
         <name>_PLL_Park</name>
         <value>0x8d00</value>
         <object_component_ref idref="oc-11d"/>
      </symbol>
      <symbol id="sm-4cb">
         <name>_ADC_counter</name>
         <value>0x8c82</value>
         <object_component_ref idref="oc-11d"/>
      </symbol>
      <symbol id="sm-4cc">
         <name>_main</name>
         <value>0x338d98</value>
         <object_component_ref idref="oc-170"/>
      </symbol>
      <symbol id="sm-4ce">
         <name>_adc_SEQ2_isr</name>
         <value>0x8551</value>
         <object_component_ref idref="oc-11f"/>
      </symbol>
      <symbol id="sm-4d0">
         <name>_p_f</name>
         <value>0x8cae</value>
         <object_component_ref idref="oc-11d"/>
      </symbol>
      <symbol id="sm-4d1">
         <name>_ADC_read</name>
         <value>0xc004</value>
         <object_component_ref idref="oc-11e"/>
      </symbol>
      <symbol id="sm-4d2">
         <name>_read_register</name>
         <value>0x8c84</value>
         <object_component_ref idref="oc-11d"/>
      </symbol>
      <symbol id="sm-4d3">
         <name>_state</name>
         <value>0x8c88</value>
         <object_component_ref idref="oc-11d"/>
      </symbol>
      <symbol id="sm-4d4">
         <name>_consignas</name>
         <value>0x8d18</value>
         <object_component_ref idref="oc-11d"/>
      </symbol>
      <symbol id="sm-4d5">
         <name>_uvsg_out</name>
         <value>0x8d40</value>
         <object_component_ref idref="oc-11d"/>
      </symbol>
      <symbol id="sm-4d6">
         <name>_selector</name>
         <value>0x8c81</value>
         <object_component_ref idref="oc-11d"/>
      </symbol>
      <symbol id="sm-4d7">
         <name>_rms_values</name>
         <value>0x8c8e</value>
         <object_component_ref idref="oc-11d"/>
      </symbol>
      <symbol id="sm-4d8">
         <name>_eta</name>
         <value>0x8cc0</value>
         <object_component_ref idref="oc-11d"/>
      </symbol>
      <symbol id="sm-4d9">
         <name>_buffer_counter</name>
         <value>0x8c80</value>
         <object_component_ref idref="oc-11d"/>
      </symbol>
      <symbol id="sm-4da">
         <name>_adc_SEQ1_isr</name>
         <value>0x853a</value>
         <object_component_ref idref="oc-11f"/>
      </symbol>
      <symbol id="sm-4dc">
         <name>_duty</name>
         <value>0xc000</value>
         <object_component_ref idref="oc-11e"/>
      </symbol>
      <symbol id="sm-4dd">
         <name>_ADC_processed</name>
         <value>0x8cd4</value>
         <object_component_ref idref="oc-11d"/>
      </symbol>
      <symbol id="sm-4de">
         <name>_p</name>
         <value>0x8c9c</value>
         <object_component_ref idref="oc-11d"/>
      </symbol>
      <symbol id="sm-4ec">
         <name>_cos</name>
         <value>0x338e6a</value>
         <object_component_ref idref="oc-17a"/>
      </symbol>
      <symbol id="sm-4ed">
         <name>_cosf</name>
         <value>0x338e6a</value>
         <object_component_ref idref="oc-17a"/>
      </symbol>
      <symbol id="sm-4fb">
         <name>_sin</name>
         <value>0x338e04</value>
         <object_component_ref idref="oc-179"/>
      </symbol>
      <symbol id="sm-4fc">
         <name>_sinf</name>
         <value>0x338e04</value>
         <object_component_ref idref="oc-179"/>
      </symbol>
      <symbol id="sm-518">
         <name>_c_int00</name>
         <value>0x338ecd</value>
         <object_component_ref idref="oc-4d"/>
      </symbol>
      <symbol id="sm-519">
         <name>__stack</name>
         <value>0x895a</value>
         <object_component_ref idref="oc-12e"/>
      </symbol>
      <symbol id="sm-52a">
         <name>FS$$DIV</name>
         <value>0x338d10</value>
         <object_component_ref idref="oc-134"/>
      </symbol>
      <symbol id="sm-536">
         <name>LL$$AND</name>
         <value>0x3390b2</value>
         <object_component_ref idref="oc-139"/>
      </symbol>
      <symbol id="sm-537">
         <name>LL$$OR</name>
         <value>0x3390ba</value>
         <object_component_ref idref="oc-139"/>
      </symbol>
      <symbol id="sm-538">
         <name>LL$$XOR</name>
         <value>0x3390c2</value>
         <object_component_ref idref="oc-139"/>
      </symbol>
      <symbol id="sm-547">
         <name>_copy_in</name>
         <value>0x339051</value>
         <object_component_ref idref="oc-164"/>
      </symbol>
      <symbol id="sm-559">
         <name>_memcpy</name>
         <value>0x339095</value>
         <object_component_ref idref="oc-16f"/>
      </symbol>
      <symbol id="sm-566">
         <name>__system_pre_init</name>
         <value>0x339118</value>
         <object_component_ref idref="oc-163"/>
      </symbol>
      <symbol id="sm-574">
         <name>__system_post_cinit</name>
         <value>0x33911a</value>
         <object_component_ref idref="oc-165"/>
      </symbol>
      <symbol id="sm-589">
         <name>C$$EXIT</name>
         <value>0x339000</value>
         <object_component_ref idref="oc-167"/>
      </symbol>
      <symbol id="sm-58a">
         <name>_exit</name>
         <value>0x339002</value>
         <object_component_ref idref="oc-167"/>
      </symbol>
      <symbol id="sm-58c">
         <name>___TI_cleanup_ptr</name>
         <value>0x8dba</value>
         <object_component_ref idref="oc-154"/>
      </symbol>
      <symbol id="sm-58d">
         <name>___TI_enable_exit_profile_output</name>
         <value>0x8db8</value>
         <object_component_ref idref="oc-154"/>
      </symbol>
      <symbol id="sm-58e">
         <name>_abort</name>
         <value>0x339000</value>
         <object_component_ref idref="oc-167"/>
      </symbol>
      <symbol id="sm-590">
         <name>___TI_dtors_ptr</name>
         <value>0x8dbc</value>
         <object_component_ref idref="oc-154"/>
      </symbol>
      <symbol id="sm-5a4">
         <name>__unlock</name>
         <value>0x8dbe</value>
         <object_component_ref idref="oc-18d"/>
      </symbol>
      <symbol id="sm-5a5">
         <name>__lock</name>
         <value>0x8d7e</value>
         <object_component_ref idref="oc-171"/>
      </symbol>
      <symbol id="sm-5a6">
         <name>__register_lock</name>
         <value>0x33910b</value>
         <object_component_ref idref="oc-18a"/>
      </symbol>
      <symbol id="sm-5a8">
         <name>__nop</name>
         <value>0x33910f</value>
         <object_component_ref idref="oc-18a"/>
      </symbol>
      <symbol id="sm-5aa">
         <name>__register_unlock</name>
         <value>0x339107</value>
         <object_component_ref idref="oc-18a"/>
      </symbol>
      <symbol id="sm-5ba">
         <name>__args_main</name>
         <value>0x3390f5</value>
         <object_component_ref idref="oc-166"/>
      </symbol>
   </symbol_table>
   <title>Link successful</title>
</link_info>
