******************************************************************************
             TMS320C2000 Linker PC v22.6.1                     
******************************************************************************
>> Linked Tue Jul 30 14:25:09 2024

OUTPUT FILE NAME:   <DSP_SUNRISE_SS_F28336.out>
ENTRY POINT SYMBOL: "_c_int00"  address: 00338adb


MEMORY CONFIGURATION

         name            origin    length      used     unused   attr    fill
----------------------  --------  ---------  --------  --------  ----  --------
PAGE 0:
  ZONE0                 00004000   00001000  00000000  00001000  RWIX
  RAM_H0L0L1            00008000   00010000  00000df6  0000f20a  RWIX
  ZONE6                 00100000   00100000  00000000  00100000  RWIX
  ZONE7A                00200000   0000fc00  00000000  0000fc00  RWIX
  FLASHH                00300000   00008000  00000000  00008000  RWIX
  FLASHG                00308000   00008000  00000000  00008000  RWIX
  FLASHF                00310000   00008000  00000000  00008000  RWIX
  FLASHE                00318000   00008000  00000000  00008000  RWIX
  FLASHD                00320000   00008000  0000096c  00007694  RWIX
  FLASHC                00328000   00008000  00000000  00008000  RWIX
  FLASHA                00338000   00007f80  00000fcc  00006fb4  RWIX
  CSM_RSVD              0033ff80   00000076  00000000  00000076  RWIX
  BEGIN                 0033fff6   00000002  00000002  00000000  RWIX
  CSM_PWL               0033fff8   00000008  00000000  00000008  RWIX
  ADC_CAL               00380080   00000009  00000007  00000002  RWIX
  OTP                   00380400   00000400  00000000  00000400  RWIX
  IQTABLES              003fe000   00000b50  00000000  00000b50  RWIX
  IQTABLES2             003feb50   0000008c  00000000  0000008c  RWIX
  FPUTABLES             003febdc   000006a0  00000000  000006a0  RWIX
  ROM                   003ff27c   00000d44  00000000  00000d44  RWIX
  RESET                 003fffc0   00000002  00000000  00000002  RWIX
  VECTORS               003fffc2   0000003e  00000000  0000003e  RWIX

PAGE 1:
  BOOT_RSVD             00000000   00000050  00000000  00000050  RWIX
  RAMM0                 00000050   000003b0  00000000  000003b0  RWIX
  RAMM1                 00000400   00000400  00000000  00000400  RWIX
  DEV_EMU               00000880   00000180  000000d0  000000b0  RWIX
  FLASH_REGS            00000a80   00000060  00000008  00000058  RWIX
  CSM                   00000ae0   00000010  00000010  00000000  RWIX
  ADC_MIRROR            00000b00   00000010  00000010  00000000  RWIX
  XINTF                 00000b20   00000020  0000001e  00000002  RWIX
  CPU_TIMER0            00000c00   00000008  00000008  00000000  RWIX
  CPU_TIMER1            00000c08   00000008  00000008  00000000  RWIX
  CPU_TIMER2            00000c10   00000008  00000008  00000000  RWIX
  PIE_CTRL              00000ce0   00000020  0000001a  00000006  RWIX
  PIE_VECT              00000d00   00000100  00000100  00000000  RWIX
  DMA                   00001000   00000200  000000e0  00000120  RWIX
  MCBSPA                00005000   00000040  00000025  0000001b  RWIX
  MCBSPB                00005040   00000040  00000025  0000001b  RWIX
  EPWM1                 00005800   00000022  00000022  00000000  RWIX
  EPWM2                 00005840   00000022  00000022  00000000  RWIX
  EPWM3                 00005880   00000022  00000022  00000000  RWIX
  EPWM4                 000058c0   00000022  00000022  00000000  RWIX
  EPWM5                 00005900   00000022  00000022  00000000  RWIX
  EPWM6                 00005940   00000022  00000022  00000000  RWIX
  ECANA                 00006000   00000040  00000034  0000000c  RWIX
  ECANA_LAM             00006040   00000040  00000040  00000000  RWIX
  ECANA_MOTS            00006080   00000040  00000040  00000000  RWIX
  ECANA_MOTO            000060c0   00000040  00000040  00000000  RWIX
  ECANA_MBOX            00006100   00000100  00000100  00000000  RWIX
  ECANB                 00006200   00000040  00000034  0000000c  RWIX
  ECANB_LAM             00006240   00000040  00000040  00000000  RWIX
  ECANB_MOTS            00006280   00000040  00000040  00000000  RWIX
  ECANB_MOTO            000062c0   00000040  00000040  00000000  RWIX
  ECANB_MBOX            00006300   00000100  00000100  00000000  RWIX
  ECAP1                 00006a00   00000020  00000020  00000000  RWIX
  ECAP2                 00006a20   00000020  00000020  00000000  RWIX
  ECAP3                 00006a40   00000020  00000020  00000000  RWIX
  ECAP4                 00006a60   00000020  00000020  00000000  RWIX
  ECAP5                 00006a80   00000020  00000020  00000000  RWIX
  ECAP6                 00006aa0   00000020  00000020  00000000  RWIX
  EQEP1                 00006b00   00000040  00000040  00000000  RWIX
  EQEP2                 00006b40   00000040  00000040  00000000  RWIX
  GPIOCTRL              00006f80   00000040  0000002e  00000012  RWIX
  GPIODAT               00006fc0   00000020  00000020  00000000  RWIX
  GPIOINT               00006fe0   00000020  0000000a  00000016  RWIX
  SYSTEM                00007010   00000020  00000020  00000000  RWIX
  SPIA                  00007040   00000010  00000010  00000000  RWIX
  SCIA                  00007050   00000010  00000010  00000000  RWIX
  XINTRUPT              00007070   00000010  00000010  00000000  RWIX
  ADC                   00007100   00000020  0000001e  00000002  RWIX
  SCIB                  00007750   00000010  00000010  00000000  RWIX
  SCIC                  00007770   00000010  00000010  00000000  RWIX
  I2CA                  00007900   00000040  00000022  0000001e  RWIX
  RAML4                 0000c000   00004000  00000010  00003ff0  RWIX
  ZONE7B                0020fc00   00000400  00000000  00000400  RWIX
  FLASHB                00330000   00008000  00000000  00008000  RWIX
  CSM_PWL               0033fff8   00000008  00000008  00000000  RWIX
  PARTID                00380090   00000001  00000001  00000000  RWIX


SECTION ALLOCATION MAP

 output                                  attributes/
section   page    origin      length       input sections
--------  ----  ----------  ----------   ----------------
.cinit     0    00338d29    0000015d     
                  00338d29    00000050     dq_vsg_ctrl.obj (.cinit)
                  00338d79    00000047     eCAN_Configuration.obj (.cinit)
                  00338dc0    00000044     main.obj (.cinit)
                  00338e04    00000019     dq_statcom_ctrl.obj (.cinit)
                  00338e1d    00000014     dq_current_ctrl.obj (.cinit)
                  00338e31    0000000f     calculations.obj (.cinit:_Sum$3)
                  00338e40    0000000f     calculations.obj (.cinit:_rms2$2)
                  00338e4f    0000000e     rts2800_fpu32.lib : exit.c.obj (.cinit)
                  00338e5d    0000000a     State_machine.obj (.cinit)
                  00338e67    0000000a     dq_power_ctrl.obj (.cinit)
                  00338e71    00000005     PLL_Park_transformations.obj (.cinit)
                  00338e76    00000005     rts2800_fpu32.lib : _lock.c.obj (.cinit:__lock)
                  00338e7b    00000005                       : _lock.c.obj (.cinit:__unlock)
                  00338e80    00000004     calculations.obj (.cinit)
                  00338e84    00000002     --HOLE-- [fill = 0]

.pinit     0    00338000    00000000     UNINITIALIZED

ramfuncs   0    00320000    0000096c     RUN ADDR = 00008000
                  00320000    000001fd     dq_vsg_ctrl.obj (ramfuncs)
                  003201fd    000001b8     PLL_Park_transformations.obj (ramfuncs)
                  003203b5    00000158     State_machine.obj (ramfuncs)
                  0032050d    0000011c     calculations.obj (ramfuncs)
                  00320629    0000011c     main.obj (ramfuncs:retain)
                  00320745    00000112     ADC_configuration.obj (ramfuncs)
                  00320857    000000e2     dq_current_ctrl.obj (ramfuncs)
                  00320939    0000001b     DSP2833x_SysCtrl.obj (ramfuncs)
                  00320954    00000014     GPIO_configuration.obj (ramfuncs)
                  00320968    00000004     DSP2833x_usDelay.obj (ramfuncs)

.text      0    00338000    00000d29     
                  00338000    000003e9     DSP2833x_DMA.obj (.text)
                  003383e9    00000316     DSP2833x_DefaultIsr.obj (.text:retain)
                  003386ff    0000012f     ePWM_configuration.obj (.text)
                  0033882e    000000f7     DSP2833x_SysCtrl.obj (.text)
                  00338925    00000088     rts2800_fpu32.lib : fs_div28.asm.obj (.text)
                  003389ad    00000066                       : s_sinf.c.obj (.text)
                  00338a13    00000065     main.obj (.text)
                  00338a78    00000063     rts2800_fpu32.lib : s_cosf.c.obj (.text)
                  00338adb    00000056                       : boot28.asm.obj (.text)
                  00338b31    0000004e     DMA_configuration.obj (.text)
                  00338b7f    0000004e     GPIO_configuration.obj (.text)
                  00338bcd    00000041     ADC_configuration.obj (.text)
                  00338c0e    00000029     rts2800_fpu32.lib : exit.c.obj (.text)
                  00338c37    00000028     DSP2833x_PieCtrl.obj (.text)
                  00338c5f    00000024     rts2800_fpu32.lib : cpy_tbl.c.obj (.text)
                  00338c83    00000020     DSP2833x_PieVect.obj (.text)
                  00338ca3    0000001d     rts2800_fpu32.lib : memcpy.c.obj (.text)
                  00338cc0    00000018                       : ll_aox28.asm.obj (.text)
                  00338cd8    00000017     DSP2833x_Gpio.obj (.text)
                  00338cef    00000014     DSP2833x_Adc.obj (.text)
                  00338d03    00000012     rts2800_fpu32.lib : args_main.c.obj (.text)
                  00338d15    00000009                       : _lock.c.obj (.text)
                  00338d1e    00000008     DSP2833x_CodeStartBranch.obj (.text)
                  00338d26    00000002     rts2800_fpu32.lib : pre_init.c.obj (.text)
                  00338d28    00000001                       : startup.c.obj (.text)

codestart 
*          0    0033fff6    00000002     
                  0033fff6    00000002     DSP2833x_CodeStartBranch.obj (codestart)

.stack     0    0000896c    00000300     UNINITIALIZED
                  0000896c    00000300     --HOLE--

.ebss      0    00008c6c    0000018a     UNINITIALIZED
                  00008c6c    00000010     calculations.obj (.ebss)
                  00008c7c    00000004     State_machine.obj (.ebss)
                  00008c80    000000b4     main.obj (.ebss)
                  00008d34    0000000c     calculations.obj (.ebss:_Sum$3)
                  00008d40    00000038     eCAN_Configuration.obj (.ebss)
                  00008d78    00000008     dq_current_ctrl.obj (.ebss)
                  00008d80    00000020     dq_vsg_ctrl.obj (.ebss)
                  00008da0    0000001a     PLL_Park_transformations.obj (.ebss)
                  00008dba    00000006     rts2800_fpu32.lib : exit.c.obj (.ebss)
                  00008dc0    00000018     DSP2833x_CpuTimers.obj (.ebss)
                  00008dd8    0000000c     calculations.obj (.ebss:_rms2$2)
                  00008de4    0000000a     dq_statcom_ctrl.obj (.ebss)
                  00008dee    00000004     dq_power_ctrl.obj (.ebss)
                  00008df2    00000002     rts2800_fpu32.lib : _lock.c.obj (.ebss:__lock)
                  00008df4    00000002                       : _lock.c.obj (.ebss:__unlock)

.econst    0    00338e86    00000146     
                  00338e86    00000100     DSP2833x_PieVect.obj (.econst:_PieVectTableInit)
                  00338f86    00000014     dq_current_ctrl.obj (.econst:_$P$T0$5)
                  00338f9a    00000014     dq_current_ctrl.obj (.econst:_$P$T1$6)
                  00338fae    0000000c     calculations.obj (.econst:_$P$T0$5)
                  00338fba    0000000c     calculations.obj (.econst:_$P$T1$6)
                  00338fc6    00000006     calculations.obj (.econst:_$P$T2$7)

DMARAML4   1    0000c000    00000010     UNINITIALIZED
                  0000c000    00000010     main.obj (DMARAML4)

.reset     0    003fffc0    00000002     DSECT
                  003fffc0    00000002     rts2800_fpu32.lib : boot28.asm.obj (.reset)

vectors    0    003fffc2    00000000     DSECT

.adc_cal   0    00380080    00000007     NOLOAD SECTION
                  00380080    00000007     DSP2833x_ADC_cal.obj (.adc_cal)

DevEmuRegsFile 
*          1    00000880    000000d0     UNINITIALIZED
                  00000880    000000d0     DSP2833x_GlobalVariableDefs.obj (DevEmuRegsFile)

FlashRegsFile 
*          1    00000a80    00000008     UNINITIALIZED
                  00000a80    00000008     DSP2833x_GlobalVariableDefs.obj (FlashRegsFile)

CsmRegsFile 
*          1    00000ae0    00000010     UNINITIALIZED
                  00000ae0    00000010     DSP2833x_GlobalVariableDefs.obj (CsmRegsFile)

AdcMirrorFile 
*          1    00000b00    00000010     UNINITIALIZED
                  00000b00    00000010     DSP2833x_GlobalVariableDefs.obj (AdcMirrorFile)

XintfRegsFile 
*          1    00000b20    0000001e     UNINITIALIZED
                  00000b20    0000001e     DSP2833x_GlobalVariableDefs.obj (XintfRegsFile)

CpuTimer0RegsFile 
*          1    00000c00    00000008     UNINITIALIZED
                  00000c00    00000008     DSP2833x_GlobalVariableDefs.obj (CpuTimer0RegsFile)

CpuTimer1RegsFile 
*          1    00000c08    00000008     UNINITIALIZED
                  00000c08    00000008     DSP2833x_GlobalVariableDefs.obj (CpuTimer1RegsFile)

CpuTimer2RegsFile 
*          1    00000c10    00000008     UNINITIALIZED
                  00000c10    00000008     DSP2833x_GlobalVariableDefs.obj (CpuTimer2RegsFile)

PieCtrlRegsFile 
*          1    00000ce0    0000001a     UNINITIALIZED
                  00000ce0    0000001a     DSP2833x_GlobalVariableDefs.obj (PieCtrlRegsFile)

PieVectTableFile 
*          1    00000d00    00000100     UNINITIALIZED
                  00000d00    00000100     DSP2833x_GlobalVariableDefs.obj (PieVectTableFile)

DmaRegsFile 
*          1    00001000    000000e0     UNINITIALIZED
                  00001000    000000e0     DSP2833x_GlobalVariableDefs.obj (DmaRegsFile)

McbspaRegsFile 
*          1    00005000    00000025     UNINITIALIZED
                  00005000    00000025     DSP2833x_GlobalVariableDefs.obj (McbspaRegsFile)

McbspbRegsFile 
*          1    00005040    00000025     UNINITIALIZED
                  00005040    00000025     DSP2833x_GlobalVariableDefs.obj (McbspbRegsFile)

EPwm1RegsFile 
*          1    00005800    00000022     UNINITIALIZED
                  00005800    00000022     DSP2833x_GlobalVariableDefs.obj (EPwm1RegsFile)

EPwm2RegsFile 
*          1    00005840    00000022     UNINITIALIZED
                  00005840    00000022     DSP2833x_GlobalVariableDefs.obj (EPwm2RegsFile)

EPwm3RegsFile 
*          1    00005880    00000022     UNINITIALIZED
                  00005880    00000022     DSP2833x_GlobalVariableDefs.obj (EPwm3RegsFile)

EPwm4RegsFile 
*          1    000058c0    00000022     UNINITIALIZED
                  000058c0    00000022     DSP2833x_GlobalVariableDefs.obj (EPwm4RegsFile)

EPwm5RegsFile 
*          1    00005900    00000022     UNINITIALIZED
                  00005900    00000022     DSP2833x_GlobalVariableDefs.obj (EPwm5RegsFile)

EPwm6RegsFile 
*          1    00005940    00000022     UNINITIALIZED
                  00005940    00000022     DSP2833x_GlobalVariableDefs.obj (EPwm6RegsFile)

ECanaRegsFile 
*          1    00006000    00000034     UNINITIALIZED
                  00006000    00000034     DSP2833x_GlobalVariableDefs.obj (ECanaRegsFile)

ECanaLAMRegsFile 
*          1    00006040    00000040     UNINITIALIZED
                  00006040    00000040     DSP2833x_GlobalVariableDefs.obj (ECanaLAMRegsFile)

ECanaMOTSRegsFile 
*          1    00006080    00000040     UNINITIALIZED
                  00006080    00000040     DSP2833x_GlobalVariableDefs.obj (ECanaMOTSRegsFile)

ECanaMOTORegsFile 
*          1    000060c0    00000040     UNINITIALIZED
                  000060c0    00000040     DSP2833x_GlobalVariableDefs.obj (ECanaMOTORegsFile)

ECanaMboxesFile 
*          1    00006100    00000100     UNINITIALIZED
                  00006100    00000100     DSP2833x_GlobalVariableDefs.obj (ECanaMboxesFile)

ECanbRegsFile 
*          1    00006200    00000034     UNINITIALIZED
                  00006200    00000034     DSP2833x_GlobalVariableDefs.obj (ECanbRegsFile)

ECanbLAMRegsFile 
*          1    00006240    00000040     UNINITIALIZED
                  00006240    00000040     DSP2833x_GlobalVariableDefs.obj (ECanbLAMRegsFile)

ECanbMOTSRegsFile 
*          1    00006280    00000040     UNINITIALIZED
                  00006280    00000040     DSP2833x_GlobalVariableDefs.obj (ECanbMOTSRegsFile)

ECanbMOTORegsFile 
*          1    000062c0    00000040     UNINITIALIZED
                  000062c0    00000040     DSP2833x_GlobalVariableDefs.obj (ECanbMOTORegsFile)

ECanbMboxesFile 
*          1    00006300    00000100     UNINITIALIZED
                  00006300    00000100     DSP2833x_GlobalVariableDefs.obj (ECanbMboxesFile)

ECap1RegsFile 
*          1    00006a00    00000020     UNINITIALIZED
                  00006a00    00000020     DSP2833x_GlobalVariableDefs.obj (ECap1RegsFile)

ECap2RegsFile 
*          1    00006a20    00000020     UNINITIALIZED
                  00006a20    00000020     DSP2833x_GlobalVariableDefs.obj (ECap2RegsFile)

ECap3RegsFile 
*          1    00006a40    00000020     UNINITIALIZED
                  00006a40    00000020     DSP2833x_GlobalVariableDefs.obj (ECap3RegsFile)

ECap4RegsFile 
*          1    00006a60    00000020     UNINITIALIZED
                  00006a60    00000020     DSP2833x_GlobalVariableDefs.obj (ECap4RegsFile)

ECap5RegsFile 
*          1    00006a80    00000020     UNINITIALIZED
                  00006a80    00000020     DSP2833x_GlobalVariableDefs.obj (ECap5RegsFile)

ECap6RegsFile 
*          1    00006aa0    00000020     UNINITIALIZED
                  00006aa0    00000020     DSP2833x_GlobalVariableDefs.obj (ECap6RegsFile)

EQep1RegsFile 
*          1    00006b00    00000040     UNINITIALIZED
                  00006b00    00000040     DSP2833x_GlobalVariableDefs.obj (EQep1RegsFile)

EQep2RegsFile 
*          1    00006b40    00000040     UNINITIALIZED
                  00006b40    00000040     DSP2833x_GlobalVariableDefs.obj (EQep2RegsFile)

GpioCtrlRegsFile 
*          1    00006f80    0000002e     UNINITIALIZED
                  00006f80    0000002e     DSP2833x_GlobalVariableDefs.obj (GpioCtrlRegsFile)

GpioDataRegsFile 
*          1    00006fc0    00000020     UNINITIALIZED
                  00006fc0    00000020     DSP2833x_GlobalVariableDefs.obj (GpioDataRegsFile)

GpioIntRegsFile 
*          1    00006fe0    0000000a     UNINITIALIZED
                  00006fe0    0000000a     DSP2833x_GlobalVariableDefs.obj (GpioIntRegsFile)

SysCtrlRegsFile 
*          1    00007010    00000020     UNINITIALIZED
                  00007010    00000020     DSP2833x_GlobalVariableDefs.obj (SysCtrlRegsFile)

SpiaRegsFile 
*          1    00007040    00000010     UNINITIALIZED
                  00007040    00000010     DSP2833x_GlobalVariableDefs.obj (SpiaRegsFile)

SciaRegsFile 
*          1    00007050    00000010     UNINITIALIZED
                  00007050    00000010     DSP2833x_GlobalVariableDefs.obj (SciaRegsFile)

XIntruptRegsFile 
*          1    00007070    00000010     UNINITIALIZED
                  00007070    00000010     DSP2833x_GlobalVariableDefs.obj (XIntruptRegsFile)

AdcRegsFile 
*          1    00007100    0000001e     UNINITIALIZED
                  00007100    0000001e     DSP2833x_GlobalVariableDefs.obj (AdcRegsFile)

ScibRegsFile 
*          1    00007750    00000010     UNINITIALIZED
                  00007750    00000010     DSP2833x_GlobalVariableDefs.obj (ScibRegsFile)

ScicRegsFile 
*          1    00007770    00000010     UNINITIALIZED
                  00007770    00000010     DSP2833x_GlobalVariableDefs.obj (ScicRegsFile)

I2caRegsFile 
*          1    00007900    00000022     UNINITIALIZED
                  00007900    00000022     DSP2833x_GlobalVariableDefs.obj (I2caRegsFile)

CsmPwlFile 
*          1    0033fff8    00000008     UNINITIALIZED
                  0033fff8    00000008     DSP2833x_GlobalVariableDefs.obj (CsmPwlFile)

PartIdRegsFile 
*          1    00380090    00000001     UNINITIALIZED
                  00380090    00000001     DSP2833x_GlobalVariableDefs.obj (PartIdRegsFile)

MODULE SUMMARY

       Module                            code   initialized data   uninitialized data
       ------                            ----   ----------------   ------------------
    .\src\
       DSP2833x_GlobalVariableDefs.obj   0      0                  2679              
       dq_vsg_ctrl.obj                   1018   80                 32                
       DSP2833x_DMA.obj                  1001   0                  0                 
       main.obj                          669    68                 196               
       PLL_Park_transformations.obj      880    5                  26                
       DSP2833x_DefaultIsr.obj           790    0                  0                 
       State_machine.obj                 688    10                 4                 
       calculations.obj                  568    64                 40                
       ADC_configuration.obj             613    0                  0                 
       dq_current_ctrl.obj               452    60                 8                 
       ePWM_configuration.obj            303    0                  0                 
       DSP2833x_SysCtrl.obj              301    0                  0                 
       DSP2833x_PieVect.obj              32     256                0                 
       eCAN_Configuration.obj            0      71                 56                
       GPIO_configuration.obj            118    0                  0                 
       DMA_configuration.obj             78     0                  0                 
       DSP2833x_PieCtrl.obj              40     0                  0                 
       dq_statcom_ctrl.obj               0      25                 10                
       DSP2833x_CpuTimers.obj            0      0                  24                
       DSP2833x_Gpio.obj                 23     0                  0                 
       DSP2833x_Adc.obj                  20     0                  0                 
       dq_power_ctrl.obj                 0      10                 4                 
       DSP2833x_CodeStartBranch.obj      10     0                  0                 
       DSP2833x_usDelay.obj              8      0                  0                 
       DSP2833x_ADC_cal.obj              7      0                  0                 
    +--+---------------------------------+------+------------------+--------------------+
       Total:                            7619   649                3079              
                                                                                     
    C:\ti\ccs1260\ccs\tools\compiler\ti-cgt-c2000_22.6.1.LTS\lib\rts2800_fpu32.lib
       fs_div28.asm.obj                  136    0                  0                 
       s_sinf.c.obj                      102    0                  0                 
       s_cosf.c.obj                      99     0                  0                 
       boot28.asm.obj                    86     0                  0                 
       exit.c.obj                        41     14                 6                 
       cpy_tbl.c.obj                     36     0                  0                 
       memcpy.c.obj                      29     0                  0                 
       ll_aox28.asm.obj                  24     0                  0                 
       _lock.c.obj                       9      10                 4                 
       args_main.c.obj                   18     0                  0                 
       pre_init.c.obj                    2      0                  0                 
       startup.c.obj                     1      0                  0                 
    +--+---------------------------------+------+------------------+--------------------+
       Total:                            583    24                 10                
                                                                                     
       Stack:                            0      0                  768               
    +--+---------------------------------+------+------------------+--------------------+
       Grand Total:                      8202   673                3857              


GLOBAL DATA SYMBOLS: SORTED BY DATA PAGE

address     data page           name
--------    ----------------    ----
00000880      22 (00000880)     _DevEmuRegs

00000a80      2a (00000a80)     _FlashRegs

00000ae0      2b (00000ac0)     _CsmRegs

00000b00      2c (00000b00)     _AdcMirror
00000b20      2c (00000b00)     _XintfRegs

00000c00      30 (00000c00)     _CpuTimer0Regs
00000c08      30 (00000c00)     _CpuTimer1Regs
00000c10      30 (00000c00)     _CpuTimer2Regs

00000ce0      33 (00000cc0)     _PieCtrlRegs

00000d00      34 (00000d00)     _PieVectTable

00001000      40 (00001000)     _DmaRegs

00005000     140 (00005000)     _McbspaRegs

00005040     141 (00005040)     _McbspbRegs

00005800     160 (00005800)     _EPwm1Regs

00005840     161 (00005840)     _EPwm2Regs

00005880     162 (00005880)     _EPwm3Regs

000058c0     163 (000058c0)     _EPwm4Regs

00005900     164 (00005900)     _EPwm5Regs

00005940     165 (00005940)     _EPwm6Regs

00006000     180 (00006000)     _ECanaRegs

00006040     181 (00006040)     _ECanaLAMRegs

00006080     182 (00006080)     _ECanaMOTSRegs

000060c0     183 (000060c0)     _ECanaMOTORegs

00006100     184 (00006100)     _ECanaMboxes

00006200     188 (00006200)     _ECanbRegs

00006240     189 (00006240)     _ECanbLAMRegs

00006280     18a (00006280)     _ECanbMOTSRegs

000062c0     18b (000062c0)     _ECanbMOTORegs

00006300     18c (00006300)     _ECanbMboxes

00006a00     1a8 (00006a00)     _ECap1Regs
00006a20     1a8 (00006a00)     _ECap2Regs

00006a40     1a9 (00006a40)     _ECap3Regs
00006a60     1a9 (00006a40)     _ECap4Regs

00006a80     1aa (00006a80)     _ECap5Regs
00006aa0     1aa (00006a80)     _ECap6Regs

00006b00     1ac (00006b00)     _EQep1Regs

00006b40     1ad (00006b40)     _EQep2Regs

00006f80     1be (00006f80)     _GpioCtrlRegs

00006fc0     1bf (00006fc0)     _GpioDataRegs
00006fe0     1bf (00006fc0)     _GpioIntRegs

00007010     1c0 (00007000)     _SysCtrlRegs

00007040     1c1 (00007040)     _SpiaRegs
00007050     1c1 (00007040)     _SciaRegs
00007070     1c1 (00007040)     _XIntruptRegs

00007100     1c4 (00007100)     _AdcRegs

00007750     1dd (00007740)     _ScibRegs
00007770     1dd (00007740)     _ScicRegs

00007900     1e4 (00007900)     _I2caRegs

0000896c     225 (00008940)     __stack

00008c80     232 (00008c80)     _buffer_counter
00008c81     232 (00008c80)     _selector
00008c82     232 (00008c80)     _ADC_counter
00008c84     232 (00008c80)     _read_register
00008c88     232 (00008c80)     _p
00008c8e     232 (00008c80)     _state
00008c94     232 (00008c80)     _setpoints
00008ca0     232 (00008c80)     _rms_values

00008cc0     233 (00008cc0)     _eta
00008cd4     233 (00008cc0)     _ADC_processed

00008d00     234 (00008d00)     _PLL_Park
00008d18     234 (00008d00)     _uvsg_out

00008d5c     235 (00008d40)     _lecturas

00008dba     236 (00008d80)     ___TI_enable_exit_profile_output
00008dbc     236 (00008d80)     ___TI_cleanup_ptr
00008dbe     236 (00008d80)     ___TI_dtors_ptr

00008dc0     237 (00008dc0)     _CpuTimer0
00008dc8     237 (00008dc0)     _CpuTimer1
00008dd0     237 (00008dc0)     _CpuTimer2
00008df2     237 (00008dc0)     __lock
00008df4     237 (00008dc0)     __unlock

0000c000     300 (0000c000)     _duty
0000c004     300 (0000c000)     _ADC_read

00338e86    ce3a (00338e80)     _PieVectTableInit

0033fff8    cfff (0033ffc0)     _CsmPwl

00380090    e002 (00380080)     _PartIdRegs


GLOBAL SYMBOLS: SORTED ALPHABETICALLY BY Name 

page  address   name                            
----  -------   ----                            
0     00338000  .text                           
0     00338c0e  C$$EXIT                         
0     00338925  FS$$DIV                         
0     00338cc0  LL$$AND                         
0     00338cc8  LL$$OR                          
0     00338cd0  LL$$XOR                         
0     003384cf  _ADCINT_ISR                     
0     00380080  _ADC_cal                        
0     00008c82  _ADC_counter                    
0     00008cd4  _ADC_processed                  
1     0000c004  _ADC_read                       
1     00000b00  _AdcMirror                      
1     00007100  _AdcRegs                        
0     00008745  _Conversion_ADC                 
0     00008dc0  _CpuTimer0                      
1     00000c00  _CpuTimer0Regs                  
0     00008dc8  _CpuTimer1                      
1     00000c08  _CpuTimer1Regs                  
0     00008dd0  _CpuTimer2                      
1     00000c10  _CpuTimer2Regs                  
1     0033fff8  _CsmPwl                         
1     00000ae0  _CsmRegs                        
0     003388f4  _CsmUnlock                      
0     003383fd  _DATALOG_ISR                    
0     003385f1  _DINTCH1_ISR                    
0     003385fb  _DINTCH2_ISR                    
0     00338605  _DINTCH3_ISR                    
0     0033860f  _DINTCH4_ISR                    
0     00338619  _DINTCH5_ISR                    
0     00338623  _DINTCH6_ISR                    
0     0033800b  _DMACH1AddrConfig               
0     0033801b  _DMACH1BurstConfig              
0     0033804e  _DMACH1ModeConfig               
0     0033802b  _DMACH1TransferConfig           
0     0033803b  _DMACH1WrapConfig               
0     003380b0  _DMACH2AddrConfig               
0     003380c0  _DMACH2BurstConfig              
0     003380f3  _DMACH2ModeConfig               
0     003380d0  _DMACH2TransferConfig           
0     003380e0  _DMACH2WrapConfig               
0     00338155  _DMACH3AddrConfig               
0     00338165  _DMACH3BurstConfig              
0     00338198  _DMACH3ModeConfig               
0     00338175  _DMACH3TransferConfig           
0     00338185  _DMACH3WrapConfig               
0     003381fa  _DMACH4AddrConfig               
0     0033820a  _DMACH4BurstConfig              
0     0033823d  _DMACH4ModeConfig               
0     0033821a  _DMACH4TransferConfig           
0     0033822a  _DMACH4WrapConfig               
0     0033829f  _DMACH5AddrConfig               
0     003382af  _DMACH5BurstConfig              
0     003382e2  _DMACH5ModeConfig               
0     003382bf  _DMACH5TransferConfig           
0     003382cf  _DMACH5WrapConfig               
0     00338344  _DMACH6AddrConfig               
0     00338354  _DMACH6BurstConfig              
0     00338387  _DMACH6ModeConfig               
0     00338364  _DMACH6TransferConfig           
0     00338374  _DMACH6WrapConfig               
0     00338000  _DMAInitialize                  
0     00008857  _DQCURRENT_comp                 
0     00008968  _DSP28x_usDelay                 
1     00000880  _DevEmuRegs                     
0     00338841  _DisableDog                     
1     00001000  _DmaRegs                        
0     0033867d  _ECAN0INTA_ISR                  
0     00338691  _ECAN0INTB_ISR                  
0     00338687  _ECAN1INTA_ISR                  
0     0033869b  _ECAN1INTB_ISR                  
0     00338565  _ECAP1_INT_ISR                  
0     0033856f  _ECAP2_INT_ISR                  
0     00338579  _ECAP3_INT_ISR                  
0     00338583  _ECAP4_INT_ISR                  
0     0033858d  _ECAP5_INT_ISR                  
0     00338597  _ECAP6_INT_ISR                  
1     00006040  _ECanaLAMRegs                   
1     000060c0  _ECanaMOTORegs                  
1     00006080  _ECanaMOTSRegs                  
1     00006100  _ECanaMboxes                    
1     00006000  _ECanaRegs                      
1     00006240  _ECanbLAMRegs                   
1     000062c0  _ECanbMOTORegs                  
1     00006280  _ECanbMOTSRegs                  
1     00006300  _ECanbMboxes                    
1     00006200  _ECanbRegs                      
1     00006a00  _ECap1Regs                      
1     00006a20  _ECap2Regs                      
1     00006a40  _ECap3Regs                      
1     00006a60  _ECap4Regs                      
1     00006a80  _ECap5Regs                      
1     00006aa0  _ECap6Regs                      
0     00338411  _EMUINT_ISR                     
0     00338529  _EPWM1_INT_ISR                  
0     003384ed  _EPWM1_TZINT_ISR                
0     00338533  _EPWM2_INT_ISR                  
0     003384f7  _EPWM2_TZINT_ISR                
0     0033853d  _EPWM3_INT_ISR                  
0     00338501  _EPWM3_TZINT_ISR                
0     00338547  _EPWM4_INT_ISR                  
0     0033850b  _EPWM4_TZINT_ISR                
0     00338551  _EPWM5_INT_ISR                  
0     00338515  _EPWM5_TZINT_ISR                
0     0033855b  _EPWM6_INT_ISR                  
0     0033851f  _EPWM6_TZINT_ISR                
1     00005800  _EPwm1Regs                      
1     00005840  _EPwm2Regs                      
1     00005880  _EPwm3Regs                      
1     000058c0  _EPwm4Regs                      
1     00005900  _EPwm5Regs                      
1     00005940  _EPwm6Regs                      
0     003385a1  _EQEP1_INT_ISR                  
0     003385ab  _EQEP2_INT_ISR                  
1     00006b00  _EQep1Regs                      
1     00006b40  _EQep2Regs                      
0     00338c56  _EnableInterrupts               
1     00000a80  _FlashRegs                      
1     00006f80  _GpioCtrlRegs                   
1     00006fc0  _GpioDataRegs                   
1     00006fe0  _GpioIntRegs                    
0     0033862d  _I2CINT1A_ISR                   
0     00338637  _I2CINT2A_ISR                   
1     00007900  _I2caRegs                       
0     00338425  _ILLEGAL_ISR                    
0     003383e9  _INT13_ISR                      
0     003383f3  _INT14_ISR                      
0     00338cef  _InitAdc                        
0     00008939  _InitFlash                      
0     00338cd8  _InitGpio                       
0     00338899  _InitPeripheralClocks           
0     00338c37  _InitPieCtrl                    
0     00338c83  _InitPieVectTable               
0     00338849  _InitPll                        
0     0033882e  _InitSysCtrl                    
0     003386e1  _LUF_ISR                        
0     003386d7  _LVF_ISR                        
0     003385dd  _MRINTA_ISR                     
0     003385c9  _MRINTB_ISR                     
0     003385e7  _MXINTA_ISR                     
0     003385d3  _MXINTB_ISR                     
1     00005000  _McbspaRegs                     
1     00005040  _McbspbRegs                     
0     0033841b  _NMI_ISR                        
0     003386eb  _PIE_RESERVED                   
0     00008d00  _PLL_Park                       
0     000081fd  _PLL_dq                         
0     000082f5  _Park_inverse                   
1     00380090  _PartIdRegs                     
1     00000ce0  _PieCtrlRegs                    
1     00000d00  _PieVectTable                   
0     00338e86  _PieVectTableInit               
0     00338407  _RTOSINT_ISR                    
0     0032096c  _RamfuncsLoadEnd                
0     00320000  _RamfuncsLoadStart              
0     00008000  _RamfuncsRunStart               
0     00338655  _SCIRXINTA_ISR                  
0     00338669  _SCIRXINTB_ISR                  
0     00338641  _SCIRXINTC_ISR                  
0     0033865f  _SCITXINTA_ISR                  
0     00338673  _SCITXINTB_ISR                  
0     0033864b  _SCITXINTC_ISR                  
0     003384a7  _SEQ1INT_ISR                    
0     003384b1  _SEQ2INT_ISR                    
0     003385b5  _SPIRXINTA_ISR                  
0     003385bf  _SPITXINTA_ISR                  
1     00007050  _SciaRegs                       
1     00007750  _ScibRegs                       
1     00007770  _ScicRegs                       
0     00338837  _ServiceDog                     
0     00338bcd  _Setup_ADC                      
0     00338b31  _Setup_DMA                      
0     00338b7f  _Setup_GPIO                     
0     003386ff  _Setup_ePWM                     
1     00007040  _SpiaRegs                       
0     003380a8  _StartDMACH1                    
0     0033814d  _StartDMACH2                    
0     003381f2  _StartDMACH3                    
0     00338297  _StartDMACH4                    
0     0033833c  _StartDMACH5                    
0     003383e1  _StartDMACH6                    
1     00007010  _SysCtrlRegs                    
0     003384d9  _TINT0_ISR                      
0     00338489  _USER10_ISR                     
0     00338493  _USER11_ISR                     
0     0033849d  _USER12_ISR                     
0     0033842f  _USER1_ISR                      
0     00338439  _USER2_ISR                      
0     00338443  _USER3_ISR                      
0     0033844d  _USER4_ISR                      
0     00338457  _USER5_ISR                      
0     00338461  _USER6_ISR                      
0     0033846b  _USER7_ISR                      
0     00338475  _USER8_ISR                      
0     0033847f  _USER9_ISR                      
0     00008000  _VSG_comp                       
0     003384e3  _WAKEINT_ISR                    
0     003384bb  _XINT1_ISR                      
0     003384c5  _XINT2_ISR                      
0     003386a5  _XINT3_ISR                      
0     003386af  _XINT4_ISR                      
0     003386b9  _XINT5_ISR                      
0     003386c3  _XINT6_ISR                      
0     003386cd  _XINT7_ISR                      
1     00007070  _XIntruptRegs                   
1     00000b20  _XintfRegs                      
0     00008c6c  __STACK_END                     
abs   00000300  __STACK_SIZE                    
0     00008dbc  ___TI_cleanup_ptr               
0     00008dbe  ___TI_dtors_ptr                 
0     00008dba  ___TI_enable_exit_profile_output
abs   ffffffff  ___TI_pprof_out_hndl            
abs   ffffffff  ___TI_prof_data_size            
abs   ffffffff  ___TI_prof_data_start           
abs   ffffffff  ___binit__                      
abs   ffffffff  ___c_args__                     
0     00338d29  ___cinit__                      
0     00338d29  ___etext__                      
abs   ffffffff  ___pinit__                      
0     00338000  ___text__                       
0     00338d03  __args_main                     
0     00008df2  __lock                          
0     00338d1d  __nop                           
0     00338d19  __register_lock                 
0     00338d15  __register_unlock               
0     0000896c  __stack                         
0     00338d28  __system_post_cinit             
0     00338d26  __system_pre_init               
0     00008df4  __unlock                        
0     00338c0e  _abort                          
0     00008629  _adc_SEQ1_isr                   
0     00008640  _adc_SEQ2_isr                   
0     00008c80  _buffer_counter                 
0     00338adb  _c_int00                        
0     00338c5f  _copy_in                        
0     00338a78  _cos                            
0     00338a78  _cosf                           
1     0000c000  _duty                           
0     00008954  _enable_ePWM                    
0     00008cc0  _eta                            
0     00338c10  _exit                           
0     00008d5c  _lecturas                       
0     00338a13  _main                           
0     00338ca3  _memcpy                         
0     00008c88  _p                              
0     000085cb  _power_computation              
0     00008c84  _read_register                  
0     00008964  _reset_drivers                  
0     0000850d  _rms_calculation                
0     00008ca0  _rms_values                     
0     003386f5  _rsvd_ISR                       
0     00008c81  _selector                       
0     00008c94  _setpoints                      
0     003389ad  _sin                            
0     003389ad  _sinf                           
0     00008c8e  _state                          
0     000083b5  _state_mach                     
0     00008d18  _uvsg_out                       
abs   ffffffff  binit                           
0     00338d29  cinit                           
0     0033fff6  code_start                      
0     00338d29  etext                           
abs   ffffffff  pinit                           


GLOBAL SYMBOLS: SORTED BY Symbol Address 

page  address   name                            
----  -------   ----                            
0     00008000  _RamfuncsRunStart               
0     00008000  _VSG_comp                       
0     000081fd  _PLL_dq                         
0     000082f5  _Park_inverse                   
0     000083b5  _state_mach                     
0     0000850d  _rms_calculation                
0     000085cb  _power_computation              
0     00008629  _adc_SEQ1_isr                   
0     00008640  _adc_SEQ2_isr                   
0     00008745  _Conversion_ADC                 
0     00008857  _DQCURRENT_comp                 
0     00008939  _InitFlash                      
0     00008954  _enable_ePWM                    
0     00008964  _reset_drivers                  
0     00008968  _DSP28x_usDelay                 
0     0000896c  __stack                         
0     00008c6c  __STACK_END                     
0     00008c80  _buffer_counter                 
0     00008c81  _selector                       
0     00008c82  _ADC_counter                    
0     00008c84  _read_register                  
0     00008c88  _p                              
0     00008c8e  _state                          
0     00008c94  _setpoints                      
0     00008ca0  _rms_values                     
0     00008cc0  _eta                            
0     00008cd4  _ADC_processed                  
0     00008d00  _PLL_Park                       
0     00008d18  _uvsg_out                       
0     00008d5c  _lecturas                       
0     00008dba  ___TI_enable_exit_profile_output
0     00008dbc  ___TI_cleanup_ptr               
0     00008dbe  ___TI_dtors_ptr                 
0     00008dc0  _CpuTimer0                      
0     00008dc8  _CpuTimer1                      
0     00008dd0  _CpuTimer2                      
0     00008df2  __lock                          
0     00008df4  __unlock                        
0     00320000  _RamfuncsLoadStart              
0     0032096c  _RamfuncsLoadEnd                
0     00338000  .text                           
0     00338000  _DMAInitialize                  
0     00338000  ___text__                       
0     0033800b  _DMACH1AddrConfig               
0     0033801b  _DMACH1BurstConfig              
0     0033802b  _DMACH1TransferConfig           
0     0033803b  _DMACH1WrapConfig               
0     0033804e  _DMACH1ModeConfig               
0     003380a8  _StartDMACH1                    
0     003380b0  _DMACH2AddrConfig               
0     003380c0  _DMACH2BurstConfig              
0     003380d0  _DMACH2TransferConfig           
0     003380e0  _DMACH2WrapConfig               
0     003380f3  _DMACH2ModeConfig               
0     0033814d  _StartDMACH2                    
0     00338155  _DMACH3AddrConfig               
0     00338165  _DMACH3BurstConfig              
0     00338175  _DMACH3TransferConfig           
0     00338185  _DMACH3WrapConfig               
0     00338198  _DMACH3ModeConfig               
0     003381f2  _StartDMACH3                    
0     003381fa  _DMACH4AddrConfig               
0     0033820a  _DMACH4BurstConfig              
0     0033821a  _DMACH4TransferConfig           
0     0033822a  _DMACH4WrapConfig               
0     0033823d  _DMACH4ModeConfig               
0     00338297  _StartDMACH4                    
0     0033829f  _DMACH5AddrConfig               
0     003382af  _DMACH5BurstConfig              
0     003382bf  _DMACH5TransferConfig           
0     003382cf  _DMACH5WrapConfig               
0     003382e2  _DMACH5ModeConfig               
0     0033833c  _StartDMACH5                    
0     00338344  _DMACH6AddrConfig               
0     00338354  _DMACH6BurstConfig              
0     00338364  _DMACH6TransferConfig           
0     00338374  _DMACH6WrapConfig               
0     00338387  _DMACH6ModeConfig               
0     003383e1  _StartDMACH6                    
0     003383e9  _INT13_ISR                      
0     003383f3  _INT14_ISR                      
0     003383fd  _DATALOG_ISR                    
0     00338407  _RTOSINT_ISR                    
0     00338411  _EMUINT_ISR                     
0     0033841b  _NMI_ISR                        
0     00338425  _ILLEGAL_ISR                    
0     0033842f  _USER1_ISR                      
0     00338439  _USER2_ISR                      
0     00338443  _USER3_ISR                      
0     0033844d  _USER4_ISR                      
0     00338457  _USER5_ISR                      
0     00338461  _USER6_ISR                      
0     0033846b  _USER7_ISR                      
0     00338475  _USER8_ISR                      
0     0033847f  _USER9_ISR                      
0     00338489  _USER10_ISR                     
0     00338493  _USER11_ISR                     
0     0033849d  _USER12_ISR                     
0     003384a7  _SEQ1INT_ISR                    
0     003384b1  _SEQ2INT_ISR                    
0     003384bb  _XINT1_ISR                      
0     003384c5  _XINT2_ISR                      
0     003384cf  _ADCINT_ISR                     
0     003384d9  _TINT0_ISR                      
0     003384e3  _WAKEINT_ISR                    
0     003384ed  _EPWM1_TZINT_ISR                
0     003384f7  _EPWM2_TZINT_ISR                
0     00338501  _EPWM3_TZINT_ISR                
0     0033850b  _EPWM4_TZINT_ISR                
0     00338515  _EPWM5_TZINT_ISR                
0     0033851f  _EPWM6_TZINT_ISR                
0     00338529  _EPWM1_INT_ISR                  
0     00338533  _EPWM2_INT_ISR                  
0     0033853d  _EPWM3_INT_ISR                  
0     00338547  _EPWM4_INT_ISR                  
0     00338551  _EPWM5_INT_ISR                  
0     0033855b  _EPWM6_INT_ISR                  
0     00338565  _ECAP1_INT_ISR                  
0     0033856f  _ECAP2_INT_ISR                  
0     00338579  _ECAP3_INT_ISR                  
0     00338583  _ECAP4_INT_ISR                  
0     0033858d  _ECAP5_INT_ISR                  
0     00338597  _ECAP6_INT_ISR                  
0     003385a1  _EQEP1_INT_ISR                  
0     003385ab  _EQEP2_INT_ISR                  
0     003385b5  _SPIRXINTA_ISR                  
0     003385bf  _SPITXINTA_ISR                  
0     003385c9  _MRINTB_ISR                     
0     003385d3  _MXINTB_ISR                     
0     003385dd  _MRINTA_ISR                     
0     003385e7  _MXINTA_ISR                     
0     003385f1  _DINTCH1_ISR                    
0     003385fb  _DINTCH2_ISR                    
0     00338605  _DINTCH3_ISR                    
0     0033860f  _DINTCH4_ISR                    
0     00338619  _DINTCH5_ISR                    
0     00338623  _DINTCH6_ISR                    
0     0033862d  _I2CINT1A_ISR                   
0     00338637  _I2CINT2A_ISR                   
0     00338641  _SCIRXINTC_ISR                  
0     0033864b  _SCITXINTC_ISR                  
0     00338655  _SCIRXINTA_ISR                  
0     0033865f  _SCITXINTA_ISR                  
0     00338669  _SCIRXINTB_ISR                  
0     00338673  _SCITXINTB_ISR                  
0     0033867d  _ECAN0INTA_ISR                  
0     00338687  _ECAN1INTA_ISR                  
0     00338691  _ECAN0INTB_ISR                  
0     0033869b  _ECAN1INTB_ISR                  
0     003386a5  _XINT3_ISR                      
0     003386af  _XINT4_ISR                      
0     003386b9  _XINT5_ISR                      
0     003386c3  _XINT6_ISR                      
0     003386cd  _XINT7_ISR                      
0     003386d7  _LVF_ISR                        
0     003386e1  _LUF_ISR                        
0     003386eb  _PIE_RESERVED                   
0     003386f5  _rsvd_ISR                       
0     003386ff  _Setup_ePWM                     
0     0033882e  _InitSysCtrl                    
0     00338837  _ServiceDog                     
0     00338841  _DisableDog                     
0     00338849  _InitPll                        
0     00338899  _InitPeripheralClocks           
0     003388f4  _CsmUnlock                      
0     00338925  FS$$DIV                         
0     003389ad  _sin                            
0     003389ad  _sinf                           
0     00338a13  _main                           
0     00338a78  _cos                            
0     00338a78  _cosf                           
0     00338adb  _c_int00                        
0     00338b31  _Setup_DMA                      
0     00338b7f  _Setup_GPIO                     
0     00338bcd  _Setup_ADC                      
0     00338c0e  C$$EXIT                         
0     00338c0e  _abort                          
0     00338c10  _exit                           
0     00338c37  _InitPieCtrl                    
0     00338c56  _EnableInterrupts               
0     00338c5f  _copy_in                        
0     00338c83  _InitPieVectTable               
0     00338ca3  _memcpy                         
0     00338cc0  LL$$AND                         
0     00338cc8  LL$$OR                          
0     00338cd0  LL$$XOR                         
0     00338cd8  _InitGpio                       
0     00338cef  _InitAdc                        
0     00338d03  __args_main                     
0     00338d15  __register_unlock               
0     00338d19  __register_lock                 
0     00338d1d  __nop                           
0     00338d26  __system_pre_init               
0     00338d28  __system_post_cinit             
0     00338d29  ___cinit__                      
0     00338d29  ___etext__                      
0     00338d29  cinit                           
0     00338d29  etext                           
0     00338e86  _PieVectTableInit               
0     0033fff6  code_start                      
0     00380080  _ADC_cal                        
1     00000880  _DevEmuRegs                     
1     00000a80  _FlashRegs                      
1     00000ae0  _CsmRegs                        
1     00000b00  _AdcMirror                      
1     00000b20  _XintfRegs                      
1     00000c00  _CpuTimer0Regs                  
1     00000c08  _CpuTimer1Regs                  
1     00000c10  _CpuTimer2Regs                  
1     00000ce0  _PieCtrlRegs                    
1     00000d00  _PieVectTable                   
1     00001000  _DmaRegs                        
1     00005000  _McbspaRegs                     
1     00005040  _McbspbRegs                     
1     00005800  _EPwm1Regs                      
1     00005840  _EPwm2Regs                      
1     00005880  _EPwm3Regs                      
1     000058c0  _EPwm4Regs                      
1     00005900  _EPwm5Regs                      
1     00005940  _EPwm6Regs                      
1     00006000  _ECanaRegs                      
1     00006040  _ECanaLAMRegs                   
1     00006080  _ECanaMOTSRegs                  
1     000060c0  _ECanaMOTORegs                  
1     00006100  _ECanaMboxes                    
1     00006200  _ECanbRegs                      
1     00006240  _ECanbLAMRegs                   
1     00006280  _ECanbMOTSRegs                  
1     000062c0  _ECanbMOTORegs                  
1     00006300  _ECanbMboxes                    
1     00006a00  _ECap1Regs                      
1     00006a20  _ECap2Regs                      
1     00006a40  _ECap3Regs                      
1     00006a60  _ECap4Regs                      
1     00006a80  _ECap5Regs                      
1     00006aa0  _ECap6Regs                      
1     00006b00  _EQep1Regs                      
1     00006b40  _EQep2Regs                      
1     00006f80  _GpioCtrlRegs                   
1     00006fc0  _GpioDataRegs                   
1     00006fe0  _GpioIntRegs                    
1     00007010  _SysCtrlRegs                    
1     00007040  _SpiaRegs                       
1     00007050  _SciaRegs                       
1     00007070  _XIntruptRegs                   
1     00007100  _AdcRegs                        
1     00007750  _ScibRegs                       
1     00007770  _ScicRegs                       
1     00007900  _I2caRegs                       
1     0000c000  _duty                           
1     0000c004  _ADC_read                       
1     0033fff8  _CsmPwl                         
1     00380090  _PartIdRegs                     
abs   00000300  __STACK_SIZE                    
abs   ffffffff  ___TI_pprof_out_hndl            
abs   ffffffff  ___TI_prof_data_size            
abs   ffffffff  ___TI_prof_data_start           
abs   ffffffff  ___binit__                      
abs   ffffffff  ___c_args__                     
abs   ffffffff  ___pinit__                      
abs   ffffffff  binit                           
abs   ffffffff  pinit                           

[262 symbols]
