<?xml version="1.0" encoding="ISO-8859-1" ?>
<link_info>
   <banner>TMS320C2000 Linker PC v22.6.1.LTS</banner>
   <copyright>Copyright (c) 1996-2018 Texas Instruments Incorporated</copyright>
   <link_time>0x669f9aed</link_time>
   <link_errors>0x0</link_errors>
   <output_file>DSP_SUNRISE_F28335.out</output_file>
   <entry_point>
      <name>_c_int00</name>
      <address>0x338ecd</address>
   </entry_point>
   <input_file_list>
      <input_file id="fl-2">
         <path>.\src\</path>
         <kind>object</kind>
         <file>ADC_configuration.obj</file>
         <name>ADC_configuration.obj</name>
      </input_file>
      <input_file id="fl-3">
         <path>.\src\</path>
         <kind>object</kind>
         <file>CTRL1.obj</file>
         <name>CTRL1.obj</name>
      </input_file>
      <input_file id="fl-4">
         <path>.\src\</path>
         <kind>object</kind>
         <file>CTRL1_PQ.obj</file>
         <name>CTRL1_PQ.obj</name>
      </input_file>
      <input_file id="fl-5">
         <path>.\src\</path>
         <kind>object</kind>
         <file>CTRL1_alpha_beta.obj</file>
         <name>CTRL1_alpha_beta.obj</name>
      </input_file>
      <input_file id="fl-6">
         <path>.\src\</path>
         <kind>object</kind>
         <file>CTRL3.obj</file>
         <name>CTRL3.obj</name>
      </input_file>
      <input_file id="fl-7">
         <path>.\src\</path>
         <kind>object</kind>
         <file>DMA_configuration.obj</file>
         <name>DMA_configuration.obj</name>
      </input_file>
      <input_file id="fl-8">
         <path>.\src\</path>
         <kind>object</kind>
         <file>DSP2833x_ADC_cal.obj</file>
         <name>DSP2833x_ADC_cal.obj</name>
      </input_file>
      <input_file id="fl-9">
         <path>.\src\</path>
         <kind>object</kind>
         <file>DSP2833x_Adc.obj</file>
         <name>DSP2833x_Adc.obj</name>
      </input_file>
      <input_file id="fl-a">
         <path>.\src\</path>
         <kind>object</kind>
         <file>DSP2833x_CodeStartBranch.obj</file>
         <name>DSP2833x_CodeStartBranch.obj</name>
      </input_file>
      <input_file id="fl-b">
         <path>.\src\</path>
         <kind>object</kind>
         <file>DSP2833x_CpuTimers.obj</file>
         <name>DSP2833x_CpuTimers.obj</name>
      </input_file>
      <input_file id="fl-c">
         <path>.\src\</path>
         <kind>object</kind>
         <file>DSP2833x_DMA.obj</file>
         <name>DSP2833x_DMA.obj</name>
      </input_file>
      <input_file id="fl-d">
         <path>.\src\</path>
         <kind>object</kind>
         <file>DSP2833x_DefaultIsr.obj</file>
         <name>DSP2833x_DefaultIsr.obj</name>
      </input_file>
      <input_file id="fl-e">
         <path>.\src\</path>
         <kind>object</kind>
         <file>DSP2833x_ECan.obj</file>
         <name>DSP2833x_ECan.obj</name>
      </input_file>
      <input_file id="fl-f">
         <path>.\src\</path>
         <kind>object</kind>
         <file>DSP2833x_GlobalVariableDefs.obj</file>
         <name>DSP2833x_GlobalVariableDefs.obj</name>
      </input_file>
      <input_file id="fl-10">
         <path>.\src\</path>
         <kind>object</kind>
         <file>DSP2833x_Gpio.obj</file>
         <name>DSP2833x_Gpio.obj</name>
      </input_file>
      <input_file id="fl-11">
         <path>.\src\</path>
         <kind>object</kind>
         <file>DSP2833x_PieCtrl.obj</file>
         <name>DSP2833x_PieCtrl.obj</name>
      </input_file>
      <input_file id="fl-12">
         <path>.\src\</path>
         <kind>object</kind>
         <file>DSP2833x_PieVect.obj</file>
         <name>DSP2833x_PieVect.obj</name>
      </input_file>
      <input_file id="fl-13">
         <path>.\src\</path>
         <kind>object</kind>
         <file>DSP2833x_SysCtrl.obj</file>
         <name>DSP2833x_SysCtrl.obj</name>
      </input_file>
      <input_file id="fl-14">
         <path>.\src\</path>
         <kind>object</kind>
         <file>DSP2833x_usDelay.obj</file>
         <name>DSP2833x_usDelay.obj</name>
      </input_file>
      <input_file id="fl-15">
         <path>.\src\</path>
         <kind>object</kind>
         <file>GPIO_configuration.obj</file>
         <name>GPIO_configuration.obj</name>
      </input_file>
      <input_file id="fl-16">
         <path>.\src\</path>
         <kind>object</kind>
         <file>OPEN_LOOP.obj</file>
         <name>OPEN_LOOP.obj</name>
      </input_file>
      <input_file id="fl-17">
         <path>.\src\</path>
         <kind>object</kind>
         <file>PLL_Park_transformations.obj</file>
         <name>PLL_Park_transformations.obj</name>
      </input_file>
      <input_file id="fl-18">
         <path>.\src\</path>
         <kind>object</kind>
         <file>STATCOM.obj</file>
         <name>STATCOM.obj</name>
      </input_file>
      <input_file id="fl-19">
         <path>.\src\</path>
         <kind>object</kind>
         <file>State_machine.obj</file>
         <name>State_machine.obj</name>
      </input_file>
      <input_file id="fl-1a">
         <path>.\src\</path>
         <kind>object</kind>
         <file>calculations.obj</file>
         <name>calculations.obj</name>
      </input_file>
      <input_file id="fl-1b">
         <path>.\src\</path>
         <kind>object</kind>
         <file>ctrl_z.obj</file>
         <name>ctrl_z.obj</name>
      </input_file>
      <input_file id="fl-1c">
         <path>.\src\</path>
         <kind>object</kind>
         <file>dq_current_ctrl.obj</file>
         <name>dq_current_ctrl.obj</name>
      </input_file>
      <input_file id="fl-1d">
         <path>.\src\</path>
         <kind>object</kind>
         <file>eCAN_Configuration.obj</file>
         <name>eCAN_Configuration.obj</name>
      </input_file>
      <input_file id="fl-1e">
         <path>.\src\</path>
         <kind>object</kind>
         <file>ePWM_configuration.obj</file>
         <name>ePWM_configuration.obj</name>
      </input_file>
      <input_file id="fl-1f">
         <path>.\src\</path>
         <kind>object</kind>
         <file>main.obj</file>
         <name>main.obj</name>
      </input_file>
      <input_file id="fl-24">
         <kind>object</kind>
         <file>&lt;internal&gt;</file>
         <name>&lt;internal&gt;</name>
      </input_file>
      <input_file id="fl-30">
         <path>C:\ti\ccs1271\ccs\tools\compiler\ti-cgt-c2000_22.6.1.LTS\lib\</path>
         <kind>archive</kind>
         <file>rts2800_fpu32.lib</file>
         <name>s_cosf.c.obj</name>
      </input_file>
      <input_file id="fl-31">
         <path>C:\ti\ccs1271\ccs\tools\compiler\ti-cgt-c2000_22.6.1.LTS\lib\</path>
         <kind>archive</kind>
         <file>rts2800_fpu32.lib</file>
         <name>s_sinf.c.obj</name>
      </input_file>
      <input_file id="fl-32">
         <path>C:\ti\ccs1271\ccs\tools\compiler\ti-cgt-c2000_22.6.1.LTS\lib\</path>
         <kind>archive</kind>
         <file>rts2800_fpu32.lib</file>
         <name>boot28.asm.obj</name>
      </input_file>
      <input_file id="fl-33">
         <path>C:\ti\ccs1271\ccs\tools\compiler\ti-cgt-c2000_22.6.1.LTS\lib\</path>
         <kind>archive</kind>
         <file>rts2800_fpu32.lib</file>
         <name>fs_div28.asm.obj</name>
      </input_file>
      <input_file id="fl-34">
         <path>C:\ti\ccs1271\ccs\tools\compiler\ti-cgt-c2000_22.6.1.LTS\lib\</path>
         <kind>archive</kind>
         <file>rts2800_fpu32.lib</file>
         <name>ll_aox28.asm.obj</name>
      </input_file>
      <input_file id="fl-35">
         <path>C:\ti\ccs1271\ccs\tools\compiler\ti-cgt-c2000_22.6.1.LTS\lib\</path>
         <kind>archive</kind>
         <file>rts2800_fpu32.lib</file>
         <name>cpy_tbl.c.obj</name>
      </input_file>
      <input_file id="fl-36">
         <path>C:\ti\ccs1271\ccs\tools\compiler\ti-cgt-c2000_22.6.1.LTS\lib\</path>
         <kind>archive</kind>
         <file>rts2800_fpu32.lib</file>
         <name>memcpy.c.obj</name>
      </input_file>
      <input_file id="fl-37">
         <path>C:\ti\ccs1271\ccs\tools\compiler\ti-cgt-c2000_22.6.1.LTS\lib\</path>
         <kind>archive</kind>
         <file>rts2800_fpu32.lib</file>
         <name>pre_init.c.obj</name>
      </input_file>
      <input_file id="fl-38">
         <path>C:\ti\ccs1271\ccs\tools\compiler\ti-cgt-c2000_22.6.1.LTS\lib\</path>
         <kind>archive</kind>
         <file>rts2800_fpu32.lib</file>
         <name>startup.c.obj</name>
      </input_file>
      <input_file id="fl-39">
         <path>C:\ti\ccs1271\ccs\tools\compiler\ti-cgt-c2000_22.6.1.LTS\lib\</path>
         <kind>archive</kind>
         <file>rts2800_fpu32.lib</file>
         <name>exit.c.obj</name>
      </input_file>
      <input_file id="fl-3a">
         <path>C:\ti\ccs1271\ccs\tools\compiler\ti-cgt-c2000_22.6.1.LTS\lib\</path>
         <kind>archive</kind>
         <file>rts2800_fpu32.lib</file>
         <name>_lock.c.obj</name>
      </input_file>
      <input_file id="fl-3b">
         <path>C:\ti\ccs1271\ccs\tools\compiler\ti-cgt-c2000_22.6.1.LTS\lib\</path>
         <kind>archive</kind>
         <file>rts2800_fpu32.lib</file>
         <name>args_main.c.obj</name>
      </input_file>
   </input_file_list>
   <object_component_list>
      <object_component id="oc-62">
         <name>.cinit</name>
         <load_address>0x33911b</load_address>
         <run_address>0x33911b</run_address>
         <size>0xd5</size>
         <input_file_ref idref="fl-5"/>
      </object_component>
      <object_component id="oc-12a">
         <name>.cinit</name>
         <load_address>0x3391f0</load_address>
         <run_address>0x3391f0</run_address>
         <size>0xa4</size>
         <input_file_ref idref="fl-1f"/>
      </object_component>
      <object_component id="oc-11e">
         <name>.cinit</name>
         <load_address>0x339294</load_address>
         <run_address>0x339294</run_address>
         <size>0x47</size>
         <input_file_ref idref="fl-1d"/>
      </object_component>
      <object_component id="oc-69">
         <name>.cinit</name>
         <load_address>0x3392db</load_address>
         <run_address>0x3392db</run_address>
         <size>0x3c</size>
         <input_file_ref idref="fl-6"/>
      </object_component>
      <object_component id="oc-109">
         <name>.cinit</name>
         <load_address>0x339317</load_address>
         <run_address>0x339317</run_address>
         <size>0x22</size>
         <input_file_ref idref="fl-1a"/>
      </object_component>
      <object_component id="oc-5b">
         <name>.cinit</name>
         <load_address>0x339339</load_address>
         <run_address>0x339339</run_address>
         <size>0x1e</size>
         <input_file_ref idref="fl-4"/>
      </object_component>
      <object_component id="oc-fb">
         <name>.cinit</name>
         <load_address>0x339357</load_address>
         <run_address>0x339357</run_address>
         <size>0x19</size>
         <input_file_ref idref="fl-18"/>
      </object_component>
      <object_component id="oc-f4">
         <name>.cinit</name>
         <load_address>0x339370</load_address>
         <run_address>0x339370</run_address>
         <size>0x14</size>
         <input_file_ref idref="fl-17"/>
      </object_component>
      <object_component id="oc-110">
         <name>.cinit</name>
         <load_address>0x339384</load_address>
         <run_address>0x339384</run_address>
         <size>0x14</size>
         <input_file_ref idref="fl-1b"/>
      </object_component>
      <object_component id="oc-182">
         <name>.cinit:_Sum$4</name>
         <load_address>0x339398</load_address>
         <run_address>0x339398</run_address>
         <size>0xf</size>
         <input_file_ref idref="fl-1a"/>
      </object_component>
      <object_component id="oc-184">
         <name>.cinit:_rms2$2</name>
         <load_address>0x3393a7</load_address>
         <run_address>0x3393a7</run_address>
         <size>0xf</size>
         <input_file_ref idref="fl-1a"/>
      </object_component>
      <object_component id="oc-161">
         <name>.cinit</name>
         <load_address>0x3393b6</load_address>
         <run_address>0x3393b6</run_address>
         <size>0xe</size>
         <input_file_ref idref="fl-39"/>
      </object_component>
      <object_component id="oc-54">
         <name>.cinit</name>
         <load_address>0x3393c4</load_address>
         <run_address>0x3393c4</run_address>
         <size>0xa</size>
         <input_file_ref idref="fl-3"/>
      </object_component>
      <object_component id="oc-102">
         <name>.cinit</name>
         <load_address>0x3393ce</load_address>
         <run_address>0x3393ce</run_address>
         <size>0xa</size>
         <input_file_ref idref="fl-19"/>
      </object_component>
      <object_component id="oc-117">
         <name>.cinit</name>
         <load_address>0x3393d8</load_address>
         <run_address>0x3393d8</run_address>
         <size>0xa</size>
         <input_file_ref idref="fl-1c"/>
      </object_component>
      <object_component id="oc-17e">
         <name>.cinit:__lock</name>
         <load_address>0x3393e2</load_address>
         <run_address>0x3393e2</run_address>
         <size>0x5</size>
         <input_file_ref idref="fl-3a"/>
      </object_component>
      <object_component id="oc-195">
         <name>.cinit:__unlock</name>
         <load_address>0x3393e7</load_address>
         <run_address>0x3393e7</run_address>
         <size>0x5</size>
         <input_file_ref idref="fl-3a"/>
      </object_component>
      <object_component id="oc-ed">
         <name>.cinit</name>
         <load_address>0x3393ec</load_address>
         <run_address>0x3393ec</run_address>
         <size>0x4</size>
         <input_file_ref idref="fl-16"/>
      </object_component>
      <object_component id="oc-18d">
         <name>.text</name>
         <load_address>0x338000</load_address>
         <run_address>0x338000</run_address>
         <size>0x3e9</size>
         <input_file_ref idref="fl-c"/>
      </object_component>
      <object_component id="oc-90">
         <name>.text:retain</name>
         <load_address>0x3383e9</load_address>
         <run_address>0x3383e9</run_address>
         <size>0x316</size>
         <input_file_ref idref="fl-d"/>
      </object_component>
      <object_component id="oc-193">
         <name>.text</name>
         <load_address>0x3386ff</load_address>
         <run_address>0x3386ff</run_address>
         <size>0x2cc</size>
         <input_file_ref idref="fl-1d"/>
      </object_component>
      <object_component id="oc-191">
         <name>.text</name>
         <load_address>0x3389cb</load_address>
         <run_address>0x3389cb</run_address>
         <size>0x12f</size>
         <input_file_ref idref="fl-1e"/>
      </object_component>
      <object_component id="oc-192">
         <name>.text</name>
         <load_address>0x338afa</load_address>
         <run_address>0x338afa</run_address>
         <size>0x11f</size>
         <input_file_ref idref="fl-e"/>
      </object_component>
      <object_component id="oc-187">
         <name>.text</name>
         <load_address>0x338c19</load_address>
         <run_address>0x338c19</run_address>
         <size>0xf7</size>
         <input_file_ref idref="fl-13"/>
      </object_component>
      <object_component id="oc-142">
         <name>.text</name>
         <load_address>0x338d10</load_address>
         <run_address>0x338d10</run_address>
         <size>0x88</size>
         <input_file_ref idref="fl-33"/>
      </object_component>
      <object_component id="oc-17c">
         <name>.text</name>
         <load_address>0x338d98</load_address>
         <run_address>0x338d98</run_address>
         <size>0x6c</size>
         <input_file_ref idref="fl-1f"/>
      </object_component>
      <object_component id="oc-185">
         <name>.text</name>
         <load_address>0x338e04</load_address>
         <run_address>0x338e04</run_address>
         <size>0x66</size>
         <input_file_ref idref="fl-31"/>
      </object_component>
      <object_component id="oc-186">
         <name>.text</name>
         <load_address>0x338e6a</load_address>
         <run_address>0x338e6a</run_address>
         <size>0x63</size>
         <input_file_ref idref="fl-30"/>
      </object_component>
      <object_component id="oc-4d">
         <name>.text</name>
         <load_address>0x338ecd</load_address>
         <run_address>0x338ecd</run_address>
         <size>0x56</size>
         <input_file_ref idref="fl-32"/>
      </object_component>
      <object_component id="oc-18e">
         <name>.text</name>
         <load_address>0x338f23</load_address>
         <run_address>0x338f23</run_address>
         <size>0x4e</size>
         <input_file_ref idref="fl-7"/>
      </object_component>
      <object_component id="oc-18a">
         <name>.text</name>
         <load_address>0x338f71</load_address>
         <run_address>0x338f71</run_address>
         <size>0x4e</size>
         <input_file_ref idref="fl-15"/>
      </object_component>
      <object_component id="oc-190">
         <name>.text</name>
         <load_address>0x338fbf</load_address>
         <run_address>0x338fbf</run_address>
         <size>0x41</size>
         <input_file_ref idref="fl-2"/>
      </object_component>
      <object_component id="oc-175">
         <name>.text</name>
         <load_address>0x339000</load_address>
         <run_address>0x339000</run_address>
         <size>0x29</size>
         <input_file_ref idref="fl-39"/>
      </object_component>
      <object_component id="oc-18b">
         <name>.text</name>
         <load_address>0x339029</load_address>
         <run_address>0x339029</run_address>
         <size>0x28</size>
         <input_file_ref idref="fl-11"/>
      </object_component>
      <object_component id="oc-172">
         <name>.text</name>
         <load_address>0x339051</load_address>
         <run_address>0x339051</run_address>
         <size>0x24</size>
         <input_file_ref idref="fl-35"/>
      </object_component>
      <object_component id="oc-18c">
         <name>.text</name>
         <load_address>0x339075</load_address>
         <run_address>0x339075</run_address>
         <size>0x20</size>
         <input_file_ref idref="fl-12"/>
      </object_component>
      <object_component id="oc-17b">
         <name>.text</name>
         <load_address>0x339095</load_address>
         <run_address>0x339095</run_address>
         <size>0x1d</size>
         <input_file_ref idref="fl-36"/>
      </object_component>
      <object_component id="oc-147">
         <name>.text</name>
         <load_address>0x3390b2</load_address>
         <run_address>0x3390b2</run_address>
         <size>0x18</size>
         <input_file_ref idref="fl-34"/>
      </object_component>
      <object_component id="oc-189">
         <name>.text</name>
         <load_address>0x3390ca</load_address>
         <run_address>0x3390ca</run_address>
         <size>0x17</size>
         <input_file_ref idref="fl-10"/>
      </object_component>
      <object_component id="oc-18f">
         <name>.text</name>
         <load_address>0x3390e1</load_address>
         <run_address>0x3390e1</run_address>
         <size>0x14</size>
         <input_file_ref idref="fl-9"/>
      </object_component>
      <object_component id="oc-174">
         <name>.text</name>
         <load_address>0x3390f5</load_address>
         <run_address>0x3390f5</run_address>
         <size>0x12</size>
         <input_file_ref idref="fl-3b"/>
      </object_component>
      <object_component id="oc-194">
         <name>.text</name>
         <load_address>0x339107</load_address>
         <run_address>0x339107</run_address>
         <size>0x9</size>
         <input_file_ref idref="fl-3a"/>
      </object_component>
      <object_component id="oc-7e">
         <name>.text</name>
         <load_address>0x339110</load_address>
         <run_address>0x339110</run_address>
         <size>0x8</size>
         <input_file_ref idref="fl-a"/>
      </object_component>
      <object_component id="oc-171">
         <name>.text</name>
         <load_address>0x339118</load_address>
         <run_address>0x339118</run_address>
         <size>0x2</size>
         <input_file_ref idref="fl-37"/>
      </object_component>
      <object_component id="oc-173">
         <name>.text</name>
         <load_address>0x33911a</load_address>
         <run_address>0x33911a</run_address>
         <size>0x1</size>
         <input_file_ref idref="fl-38"/>
      </object_component>
      <object_component id="oc-7f">
         <name>codestart</name>
         <load_address>0x33fff6</load_address>
         <run_address>0x33fff6</run_address>
         <size>0x2</size>
         <input_file_ref idref="fl-a"/>
      </object_component>
      <object_component id="oc-178">
         <name>ramfuncs</name>
         <load_address>0x320000</load_address>
         <run_address>0x8000</run_address>
         <size>0x1e0</size>
         <input_file_ref idref="fl-17"/>
      </object_component>
      <object_component id="oc-176">
         <name>ramfuncs</name>
         <load_address>0x3201e0</load_address>
         <run_address>0x81e0</run_address>
         <size>0x112</size>
         <input_file_ref idref="fl-2"/>
      </object_component>
      <object_component id="oc-12d">
         <name>ramfuncs:retain</name>
         <load_address>0x3202f2</load_address>
         <run_address>0x82f2</run_address>
         <size>0xd6</size>
         <input_file_ref idref="fl-1f"/>
      </object_component>
      <object_component id="oc-177">
         <name>ramfuncs</name>
         <load_address>0x3203c8</load_address>
         <run_address>0x83c8</run_address>
         <size>0xc0</size>
         <input_file_ref idref="fl-1a"/>
      </object_component>
      <object_component id="oc-17a">
         <name>ramfuncs</name>
         <load_address>0x320488</load_address>
         <run_address>0x8488</run_address>
         <size>0x5b</size>
         <input_file_ref idref="fl-16"/>
      </object_component>
      <object_component id="oc-188">
         <name>ramfuncs</name>
         <load_address>0x3204e3</load_address>
         <run_address>0x84e3</run_address>
         <size>0x1b</size>
         <input_file_ref idref="fl-13"/>
      </object_component>
      <object_component id="oc-179">
         <name>ramfuncs</name>
         <load_address>0x3204fe</load_address>
         <run_address>0x84fe</run_address>
         <size>0x14</size>
         <input_file_ref idref="fl-15"/>
      </object_component>
      <object_component id="oc-e2">
         <name>ramfuncs</name>
         <load_address>0x320512</load_address>
         <run_address>0x8512</run_address>
         <size>0x4</size>
         <input_file_ref idref="fl-14"/>
      </object_component>
      <object_component id="oc-13c">
         <name>.stack</name>
         <uninitialized>true</uninitialized>
         <run_address>0x8516</run_address>
         <size>0x0</size>
         <input_file_ref idref="fl-32"/>
      </object_component>
      <object_component id="oc-1ee">
         <name>.stack</name>
         <uninitialized>true</uninitialized>
         <run_address>0x8516</run_address>
         <size>0x0</size>
      </object_component>
      <object_component id="oc-55">
         <name>.ebss</name>
         <uninitialized>true</uninitialized>
         <run_address>0x8a3c</run_address>
         <size>0x4</size>
         <input_file_ref idref="fl-3"/>
      </object_component>
      <object_component id="oc-5c">
         <name>.ebss</name>
         <uninitialized>true</uninitialized>
         <run_address>0x8a98</run_address>
         <size>0xc</size>
         <input_file_ref idref="fl-4"/>
      </object_component>
      <object_component id="oc-63">
         <name>.ebss</name>
         <uninitialized>true</uninitialized>
         <run_address>0x8980</run_address>
         <size>0x9e</size>
         <input_file_ref idref="fl-5"/>
      </object_component>
      <object_component id="oc-6a">
         <name>.ebss</name>
         <uninitialized>true</uninitialized>
         <run_address>0x8a1e</run_address>
         <size>0x18</size>
         <input_file_ref idref="fl-6"/>
      </object_component>
      <object_component id="oc-85">
         <name>.ebss</name>
         <uninitialized>true</uninitialized>
         <run_address>0x8a80</run_address>
         <size>0x18</size>
         <input_file_ref idref="fl-b"/>
      </object_component>
      <object_component id="oc-ee">
         <name>.ebss</name>
         <uninitialized>true</uninitialized>
         <run_address>0x8ac0</run_address>
         <size>0x1</size>
         <input_file_ref idref="fl-16"/>
      </object_component>
      <object_component id="oc-f5">
         <name>.ebss</name>
         <uninitialized>true</uninitialized>
         <run_address>0x8816</run_address>
         <size>0x20</size>
         <input_file_ref idref="fl-17"/>
      </object_component>
      <object_component id="oc-fc">
         <name>.ebss</name>
         <uninitialized>true</uninitialized>
         <run_address>0x8836</run_address>
         <size>0xa</size>
         <input_file_ref idref="fl-18"/>
      </object_component>
      <object_component id="oc-103">
         <name>.ebss</name>
         <uninitialized>true</uninitialized>
         <run_address>0x8a78</run_address>
         <size>0x4</size>
         <input_file_ref idref="fl-19"/>
      </object_component>
      <object_component id="oc-10a">
         <name>.ebss</name>
         <uninitialized>true</uninitialized>
         <run_address>0x895c</run_address>
         <size>0x1c</size>
         <input_file_ref idref="fl-1a"/>
      </object_component>
      <object_component id="oc-183">
         <name>.ebss:_rms2$2</name>
         <uninitialized>true</uninitialized>
         <run_address>0x8ab0</run_address>
         <size>0xc</size>
         <input_file_ref idref="fl-1a"/>
      </object_component>
      <object_component id="oc-181">
         <name>.ebss:_Sum$4</name>
         <uninitialized>true</uninitialized>
         <run_address>0x8aa4</run_address>
         <size>0xc</size>
         <input_file_ref idref="fl-1a"/>
      </object_component>
      <object_component id="oc-111">
         <name>.ebss</name>
         <uninitialized>true</uninitialized>
         <run_address>0x8978</run_address>
         <size>0x8</size>
         <input_file_ref idref="fl-1b"/>
      </object_component>
      <object_component id="oc-118">
         <name>.ebss</name>
         <uninitialized>true</uninitialized>
         <run_address>0x8a7c</run_address>
         <size>0x4</size>
         <input_file_ref idref="fl-1c"/>
      </object_component>
      <object_component id="oc-11f">
         <name>.ebss</name>
         <uninitialized>true</uninitialized>
         <run_address>0x8a40</run_address>
         <size>0x38</size>
         <input_file_ref idref="fl-1d"/>
      </object_component>
      <object_component id="oc-12b">
         <name>.ebss</name>
         <uninitialized>true</uninitialized>
         <run_address>0x8840</run_address>
         <size>0x11c</size>
         <input_file_ref idref="fl-1f"/>
      </object_component>
      <object_component id="oc-162">
         <name>.ebss</name>
         <uninitialized>true</uninitialized>
         <run_address>0x8a36</run_address>
         <size>0x6</size>
         <input_file_ref idref="fl-39"/>
      </object_component>
      <object_component id="oc-17d">
         <name>.ebss:__lock</name>
         <uninitialized>true</uninitialized>
         <run_address>0x8abc</run_address>
         <size>0x2</size>
         <input_file_ref idref="fl-3a"/>
      </object_component>
      <object_component id="oc-197">
         <name>.ebss:__unlock</name>
         <uninitialized>true</uninitialized>
         <run_address>0x8abe</run_address>
         <size>0x2</size>
         <input_file_ref idref="fl-3a"/>
      </object_component>
      <object_component id="oc-196">
         <name>.econst:_PieVectTableInit</name>
         <load_address>0x3393f2</load_address>
         <run_address>0x3393f2</run_address>
         <size>0x100</size>
         <input_file_ref idref="fl-12"/>
      </object_component>
      <object_component id="oc-17f">
         <name>.econst:_$P$T0$6</name>
         <load_address>0x3394f2</load_address>
         <run_address>0x3394f2</run_address>
         <size>0xc</size>
         <input_file_ref idref="fl-1a"/>
      </object_component>
      <object_component id="oc-180">
         <name>.econst:_$P$T1$7</name>
         <load_address>0x3394fe</load_address>
         <run_address>0x3394fe</run_address>
         <size>0xc</size>
         <input_file_ref idref="fl-1a"/>
      </object_component>
      <object_component id="oc-12c">
         <name>DMARAML4</name>
         <uninitialized>true</uninitialized>
         <run_address>0xc000</run_address>
         <size>0x10</size>
         <input_file_ref idref="fl-1f"/>
      </object_component>
      <object_component id="oc-13d">
         <name>.reset</name>
         <load_address>0x3fffc0</load_address>
         <run_address>0x3fffc0</run_address>
         <size>0x2</size>
         <input_file_ref idref="fl-32"/>
      </object_component>
      <object_component id="oc-74">
         <name>.adc_cal</name>
         <load_address>0x380080</load_address>
         <run_address>0x380080</run_address>
         <size>0x7</size>
         <input_file_ref idref="fl-8"/>
      </object_component>
      <object_component id="oc-cc">
         <name>PieVectTableFile</name>
         <uninitialized>true</uninitialized>
         <run_address>0xd00</run_address>
         <size>0x100</size>
         <input_file_ref idref="fl-f"/>
      </object_component>
      <object_component id="oc-c8">
         <name>DevEmuRegsFile</name>
         <uninitialized>true</uninitialized>
         <run_address>0x880</run_address>
         <size>0xd0</size>
         <input_file_ref idref="fl-f"/>
      </object_component>
      <object_component id="oc-a0">
         <name>FlashRegsFile</name>
         <uninitialized>true</uninitialized>
         <run_address>0xa80</run_address>
         <size>0x8</size>
         <input_file_ref idref="fl-f"/>
      </object_component>
      <object_component id="oc-a3">
         <name>CsmRegsFile</name>
         <uninitialized>true</uninitialized>
         <run_address>0xae0</run_address>
         <size>0x10</size>
         <input_file_ref idref="fl-f"/>
      </object_component>
      <object_component id="oc-a2">
         <name>AdcMirrorFile</name>
         <uninitialized>true</uninitialized>
         <run_address>0xb00</run_address>
         <size>0x10</size>
         <input_file_ref idref="fl-f"/>
      </object_component>
      <object_component id="oc-ab">
         <name>XintfRegsFile</name>
         <uninitialized>true</uninitialized>
         <run_address>0xb20</run_address>
         <size>0x1e</size>
         <input_file_ref idref="fl-f"/>
      </object_component>
      <object_component id="oc-9c">
         <name>CpuTimer0RegsFile</name>
         <uninitialized>true</uninitialized>
         <run_address>0xc00</run_address>
         <size>0x8</size>
         <input_file_ref idref="fl-f"/>
      </object_component>
      <object_component id="oc-9d">
         <name>CpuTimer1RegsFile</name>
         <uninitialized>true</uninitialized>
         <run_address>0xc08</run_address>
         <size>0x8</size>
         <input_file_ref idref="fl-f"/>
      </object_component>
      <object_component id="oc-9e">
         <name>CpuTimer2RegsFile</name>
         <uninitialized>true</uninitialized>
         <run_address>0xc10</run_address>
         <size>0x8</size>
         <input_file_ref idref="fl-f"/>
      </object_component>
      <object_component id="oc-a9">
         <name>PieCtrlRegsFile</name>
         <uninitialized>true</uninitialized>
         <run_address>0xce0</run_address>
         <size>0x1a</size>
         <input_file_ref idref="fl-f"/>
      </object_component>
      <object_component id="oc-c9">
         <name>DmaRegsFile</name>
         <uninitialized>true</uninitialized>
         <run_address>0x1000</run_address>
         <size>0xe0</size>
         <input_file_ref idref="fl-f"/>
      </object_component>
      <object_component id="oc-bb">
         <name>McbspaRegsFile</name>
         <uninitialized>true</uninitialized>
         <run_address>0x5000</run_address>
         <size>0x25</size>
         <input_file_ref idref="fl-f"/>
      </object_component>
      <object_component id="oc-bc">
         <name>McbspbRegsFile</name>
         <uninitialized>true</uninitialized>
         <run_address>0x5040</run_address>
         <size>0x25</size>
         <input_file_ref idref="fl-f"/>
      </object_component>
      <object_component id="oc-be">
         <name>ECanaRegsFile</name>
         <uninitialized>true</uninitialized>
         <run_address>0x6000</run_address>
         <size>0x34</size>
         <input_file_ref idref="fl-f"/>
      </object_component>
      <object_component id="oc-c0">
         <name>ECanaLAMRegsFile</name>
         <uninitialized>true</uninitialized>
         <run_address>0x6040</run_address>
         <size>0x40</size>
         <input_file_ref idref="fl-f"/>
      </object_component>
      <object_component id="oc-ca">
         <name>ECanaMboxesFile</name>
         <uninitialized>true</uninitialized>
         <run_address>0x6100</run_address>
         <size>0x100</size>
         <input_file_ref idref="fl-f"/>
      </object_component>
      <object_component id="oc-c1">
         <name>ECanaMOTSRegsFile</name>
         <uninitialized>true</uninitialized>
         <run_address>0x6080</run_address>
         <size>0x40</size>
         <input_file_ref idref="fl-f"/>
      </object_component>
      <object_component id="oc-c2">
         <name>ECanaMOTORegsFile</name>
         <uninitialized>true</uninitialized>
         <run_address>0x60c0</run_address>
         <size>0x40</size>
         <input_file_ref idref="fl-f"/>
      </object_component>
      <object_component id="oc-bf">
         <name>ECanbRegsFile</name>
         <uninitialized>true</uninitialized>
         <run_address>0x6200</run_address>
         <size>0x34</size>
         <input_file_ref idref="fl-f"/>
      </object_component>
      <object_component id="oc-c3">
         <name>ECanbLAMRegsFile</name>
         <uninitialized>true</uninitialized>
         <run_address>0x6240</run_address>
         <size>0x40</size>
         <input_file_ref idref="fl-f"/>
      </object_component>
      <object_component id="oc-cb">
         <name>ECanbMboxesFile</name>
         <uninitialized>true</uninitialized>
         <run_address>0x6300</run_address>
         <size>0x100</size>
         <input_file_ref idref="fl-f"/>
      </object_component>
      <object_component id="oc-c4">
         <name>ECanbMOTSRegsFile</name>
         <uninitialized>true</uninitialized>
         <run_address>0x6280</run_address>
         <size>0x40</size>
         <input_file_ref idref="fl-f"/>
      </object_component>
      <object_component id="oc-c5">
         <name>ECanbMOTORegsFile</name>
         <uninitialized>true</uninitialized>
         <run_address>0x62c0</run_address>
         <size>0x40</size>
         <input_file_ref idref="fl-f"/>
      </object_component>
      <object_component id="oc-b4">
         <name>EPwm1RegsFile</name>
         <uninitialized>true</uninitialized>
         <run_address>0x5800</run_address>
         <size>0x22</size>
         <input_file_ref idref="fl-f"/>
      </object_component>
      <object_component id="oc-b5">
         <name>EPwm2RegsFile</name>
         <uninitialized>true</uninitialized>
         <run_address>0x5840</run_address>
         <size>0x22</size>
         <input_file_ref idref="fl-f"/>
      </object_component>
      <object_component id="oc-b6">
         <name>EPwm3RegsFile</name>
         <uninitialized>true</uninitialized>
         <run_address>0x5880</run_address>
         <size>0x22</size>
         <input_file_ref idref="fl-f"/>
      </object_component>
      <object_component id="oc-b7">
         <name>EPwm4RegsFile</name>
         <uninitialized>true</uninitialized>
         <run_address>0x58c0</run_address>
         <size>0x22</size>
         <input_file_ref idref="fl-f"/>
      </object_component>
      <object_component id="oc-b8">
         <name>EPwm5RegsFile</name>
         <uninitialized>true</uninitialized>
         <run_address>0x5900</run_address>
         <size>0x22</size>
         <input_file_ref idref="fl-f"/>
      </object_component>
      <object_component id="oc-b9">
         <name>EPwm6RegsFile</name>
         <uninitialized>true</uninitialized>
         <run_address>0x5940</run_address>
         <size>0x22</size>
         <input_file_ref idref="fl-f"/>
      </object_component>
      <object_component id="oc-ac">
         <name>ECap1RegsFile</name>
         <uninitialized>true</uninitialized>
         <run_address>0x6a00</run_address>
         <size>0x20</size>
         <input_file_ref idref="fl-f"/>
      </object_component>
      <object_component id="oc-ad">
         <name>ECap2RegsFile</name>
         <uninitialized>true</uninitialized>
         <run_address>0x6a20</run_address>
         <size>0x20</size>
         <input_file_ref idref="fl-f"/>
      </object_component>
      <object_component id="oc-ae">
         <name>ECap3RegsFile</name>
         <uninitialized>true</uninitialized>
         <run_address>0x6a40</run_address>
         <size>0x20</size>
         <input_file_ref idref="fl-f"/>
      </object_component>
      <object_component id="oc-af">
         <name>ECap4RegsFile</name>
         <uninitialized>true</uninitialized>
         <run_address>0x6a60</run_address>
         <size>0x20</size>
         <input_file_ref idref="fl-f"/>
      </object_component>
      <object_component id="oc-b0">
         <name>ECap5RegsFile</name>
         <uninitialized>true</uninitialized>
         <run_address>0x6a80</run_address>
         <size>0x20</size>
         <input_file_ref idref="fl-f"/>
      </object_component>
      <object_component id="oc-b1">
         <name>ECap6RegsFile</name>
         <uninitialized>true</uninitialized>
         <run_address>0x6aa0</run_address>
         <size>0x20</size>
         <input_file_ref idref="fl-f"/>
      </object_component>
      <object_component id="oc-c6">
         <name>EQep1RegsFile</name>
         <uninitialized>true</uninitialized>
         <run_address>0x6b00</run_address>
         <size>0x40</size>
         <input_file_ref idref="fl-f"/>
      </object_component>
      <object_component id="oc-c7">
         <name>EQep2RegsFile</name>
         <uninitialized>true</uninitialized>
         <run_address>0x6b40</run_address>
         <size>0x40</size>
         <input_file_ref idref="fl-f"/>
      </object_component>
      <object_component id="oc-bd">
         <name>GpioCtrlRegsFile</name>
         <uninitialized>true</uninitialized>
         <run_address>0x6f80</run_address>
         <size>0x2e</size>
         <input_file_ref idref="fl-f"/>
      </object_component>
      <object_component id="oc-b2">
         <name>GpioDataRegsFile</name>
         <uninitialized>true</uninitialized>
         <run_address>0x6fc0</run_address>
         <size>0x20</size>
         <input_file_ref idref="fl-f"/>
      </object_component>
      <object_component id="oc-a1">
         <name>GpioIntRegsFile</name>
         <uninitialized>true</uninitialized>
         <run_address>0x6fe0</run_address>
         <size>0xa</size>
         <input_file_ref idref="fl-f"/>
      </object_component>
      <object_component id="oc-b3">
         <name>SysCtrlRegsFile</name>
         <uninitialized>true</uninitialized>
         <run_address>0x7010</run_address>
         <size>0x20</size>
         <input_file_ref idref="fl-f"/>
      </object_component>
      <object_component id="oc-a7">
         <name>SpiaRegsFile</name>
         <uninitialized>true</uninitialized>
         <run_address>0x7040</run_address>
         <size>0x10</size>
         <input_file_ref idref="fl-f"/>
      </object_component>
      <object_component id="oc-a4">
         <name>SciaRegsFile</name>
         <uninitialized>true</uninitialized>
         <run_address>0x7050</run_address>
         <size>0x10</size>
         <input_file_ref idref="fl-f"/>
      </object_component>
      <object_component id="oc-a8">
         <name>XIntruptRegsFile</name>
         <uninitialized>true</uninitialized>
         <run_address>0x7070</run_address>
         <size>0x10</size>
         <input_file_ref idref="fl-f"/>
      </object_component>
      <object_component id="oc-aa">
         <name>AdcRegsFile</name>
         <uninitialized>true</uninitialized>
         <run_address>0x7100</run_address>
         <size>0x1e</size>
         <input_file_ref idref="fl-f"/>
      </object_component>
      <object_component id="oc-a5">
         <name>ScibRegsFile</name>
         <uninitialized>true</uninitialized>
         <run_address>0x7750</run_address>
         <size>0x10</size>
         <input_file_ref idref="fl-f"/>
      </object_component>
      <object_component id="oc-a6">
         <name>ScicRegsFile</name>
         <uninitialized>true</uninitialized>
         <run_address>0x7770</run_address>
         <size>0x10</size>
         <input_file_ref idref="fl-f"/>
      </object_component>
      <object_component id="oc-ba">
         <name>I2caRegsFile</name>
         <uninitialized>true</uninitialized>
         <run_address>0x7900</run_address>
         <size>0x22</size>
         <input_file_ref idref="fl-f"/>
      </object_component>
      <object_component id="oc-9f">
         <name>CsmPwlFile</name>
         <uninitialized>true</uninitialized>
         <run_address>0x33fff8</run_address>
         <size>0x8</size>
         <input_file_ref idref="fl-f"/>
      </object_component>
      <object_component id="oc-9b">
         <name>PartIdRegsFile</name>
         <uninitialized>true</uninitialized>
         <run_address>0x380090</run_address>
         <size>0x1</size>
         <input_file_ref idref="fl-f"/>
      </object_component>
      <object_component id="oc-4e">
         <name>.debug_info</name>
         <load_address>0x0</load_address>
         <run_address>0x0</run_address>
         <size>0x14ef</size>
         <input_file_ref idref="fl-2"/>
      </object_component>
      <object_component id="oc-53">
         <name>.debug_info</name>
         <load_address>0x14ef</load_address>
         <run_address>0x14ef</run_address>
         <size>0x6c1</size>
         <input_file_ref idref="fl-3"/>
      </object_component>
      <object_component id="oc-5a">
         <name>.debug_info</name>
         <load_address>0x1bb0</load_address>
         <run_address>0x1bb0</run_address>
         <size>0x6c4</size>
         <input_file_ref idref="fl-4"/>
      </object_component>
      <object_component id="oc-61">
         <name>.debug_info</name>
         <load_address>0x2274</load_address>
         <run_address>0x2274</run_address>
         <size>0xa39</size>
         <input_file_ref idref="fl-5"/>
      </object_component>
      <object_component id="oc-68">
         <name>.debug_info</name>
         <load_address>0x2cad</load_address>
         <run_address>0x2cad</run_address>
         <size>0x6fa</size>
         <input_file_ref idref="fl-6"/>
      </object_component>
      <object_component id="oc-6f">
         <name>.debug_info</name>
         <load_address>0x33a7</load_address>
         <run_address>0x33a7</run_address>
         <size>0x1f3e</size>
         <input_file_ref idref="fl-7"/>
      </object_component>
      <object_component id="oc-76">
         <name>.debug_info</name>
         <load_address>0x52e5</load_address>
         <run_address>0x52e5</run_address>
         <size>0x179</size>
         <input_file_ref idref="fl-8"/>
      </object_component>
      <object_component id="oc-79">
         <name>.debug_info</name>
         <load_address>0x545e</load_address>
         <run_address>0x545e</run_address>
         <size>0x1f67</size>
         <input_file_ref idref="fl-9"/>
      </object_component>
      <object_component id="oc-81">
         <name>.debug_info</name>
         <load_address>0x73c5</load_address>
         <run_address>0x73c5</run_address>
         <size>0x1b4</size>
         <input_file_ref idref="fl-a"/>
      </object_component>
      <object_component id="oc-84">
         <name>.debug_info</name>
         <load_address>0x7579</load_address>
         <run_address>0x7579</run_address>
         <size>0x88d</size>
         <input_file_ref idref="fl-b"/>
      </object_component>
      <object_component id="oc-8a">
         <name>.debug_info</name>
         <load_address>0x7e06</load_address>
         <run_address>0x7e06</run_address>
         <size>0x3d21</size>
         <input_file_ref idref="fl-c"/>
      </object_component>
      <object_component id="oc-8f">
         <name>.debug_info</name>
         <load_address>0xbb27</load_address>
         <run_address>0xbb27</run_address>
         <size>0x22d0</size>
         <input_file_ref idref="fl-d"/>
      </object_component>
      <object_component id="oc-95">
         <name>.debug_info</name>
         <load_address>0xddf7</load_address>
         <run_address>0xddf7</run_address>
         <size>0x60ba</size>
         <input_file_ref idref="fl-e"/>
      </object_component>
      <object_component id="oc-9a">
         <name>.debug_info</name>
         <load_address>0x13eb1</load_address>
         <run_address>0x13eb1</run_address>
         <size>0x134a8</size>
         <input_file_ref idref="fl-f"/>
      </object_component>
      <object_component id="oc-ce">
         <name>.debug_info</name>
         <load_address>0x27359</load_address>
         <run_address>0x27359</run_address>
         <size>0x1c4c</size>
         <input_file_ref idref="fl-10"/>
      </object_component>
      <object_component id="oc-d3">
         <name>.debug_info</name>
         <load_address>0x28fa5</load_address>
         <run_address>0x28fa5</run_address>
         <size>0xba5</size>
         <input_file_ref idref="fl-11"/>
      </object_component>
      <object_component id="oc-d8">
         <name>.debug_info</name>
         <load_address>0x29b4a</load_address>
         <run_address>0x29b4a</run_address>
         <size>0x2329</size>
         <input_file_ref idref="fl-12"/>
      </object_component>
      <object_component id="oc-dd">
         <name>.debug_info</name>
         <load_address>0x2be73</load_address>
         <run_address>0x2be73</run_address>
         <size>0x2141</size>
         <input_file_ref idref="fl-13"/>
      </object_component>
      <object_component id="oc-e4">
         <name>.debug_info</name>
         <load_address>0x2dfb4</load_address>
         <run_address>0x2dfb4</run_address>
         <size>0x179</size>
         <input_file_ref idref="fl-14"/>
      </object_component>
      <object_component id="oc-e7">
         <name>.debug_info</name>
         <load_address>0x2e12d</load_address>
         <run_address>0x2e12d</run_address>
         <size>0x1f62</size>
         <input_file_ref idref="fl-15"/>
      </object_component>
      <object_component id="oc-ec">
         <name>.debug_info</name>
         <load_address>0x3008f</load_address>
         <run_address>0x3008f</run_address>
         <size>0x57f</size>
         <input_file_ref idref="fl-16"/>
      </object_component>
      <object_component id="oc-f3">
         <name>.debug_info</name>
         <load_address>0x3060e</load_address>
         <run_address>0x3060e</run_address>
         <size>0xacd</size>
         <input_file_ref idref="fl-17"/>
      </object_component>
      <object_component id="oc-fa">
         <name>.debug_info</name>
         <load_address>0x310db</load_address>
         <run_address>0x310db</run_address>
         <size>0x6c3</size>
         <input_file_ref idref="fl-18"/>
      </object_component>
      <object_component id="oc-101">
         <name>.debug_info</name>
         <load_address>0x3179e</load_address>
         <run_address>0x3179e</run_address>
         <size>0x750</size>
         <input_file_ref idref="fl-19"/>
      </object_component>
      <object_component id="oc-108">
         <name>.debug_info</name>
         <load_address>0x31eee</load_address>
         <run_address>0x31eee</run_address>
         <size>0x791</size>
         <input_file_ref idref="fl-1a"/>
      </object_component>
      <object_component id="oc-10f">
         <name>.debug_info</name>
         <load_address>0x3267f</load_address>
         <run_address>0x3267f</run_address>
         <size>0x47b</size>
         <input_file_ref idref="fl-1b"/>
      </object_component>
      <object_component id="oc-116">
         <name>.debug_info</name>
         <load_address>0x32afa</load_address>
         <run_address>0x32afa</run_address>
         <size>0x6cb</size>
         <input_file_ref idref="fl-1c"/>
      </object_component>
      <object_component id="oc-11d">
         <name>.debug_info</name>
         <load_address>0x331c5</load_address>
         <run_address>0x331c5</run_address>
         <size>0x513c</size>
         <input_file_ref idref="fl-1d"/>
      </object_component>
      <object_component id="oc-124">
         <name>.debug_info</name>
         <load_address>0x38301</load_address>
         <run_address>0x38301</run_address>
         <size>0x18e9</size>
         <input_file_ref idref="fl-1e"/>
      </object_component>
      <object_component id="oc-129">
         <name>.debug_info</name>
         <load_address>0x39bea</load_address>
         <run_address>0x39bea</run_address>
         <size>0x4f7e</size>
         <input_file_ref idref="fl-1f"/>
      </object_component>
      <object_component id="oc-132">
         <name>.debug_info</name>
         <load_address>0x3eb68</load_address>
         <run_address>0x3eb68</run_address>
         <size>0x3cf</size>
         <input_file_ref idref="fl-30"/>
      </object_component>
      <object_component id="oc-137">
         <name>.debug_info</name>
         <load_address>0x3ef37</load_address>
         <run_address>0x3ef37</run_address>
         <size>0x3e1</size>
         <input_file_ref idref="fl-31"/>
      </object_component>
      <object_component id="oc-13e">
         <name>.debug_info</name>
         <load_address>0x3f318</load_address>
         <run_address>0x3f318</run_address>
         <size>0x173</size>
         <input_file_ref idref="fl-32"/>
      </object_component>
      <object_component id="oc-143">
         <name>.debug_info</name>
         <load_address>0x3f48b</load_address>
         <run_address>0x3f48b</run_address>
         <size>0x114</size>
         <input_file_ref idref="fl-33"/>
      </object_component>
      <object_component id="oc-148">
         <name>.debug_info</name>
         <load_address>0x3f59f</load_address>
         <run_address>0x3f59f</run_address>
         <size>0x176</size>
         <input_file_ref idref="fl-34"/>
      </object_component>
      <object_component id="oc-14c">
         <name>.debug_info</name>
         <load_address>0x3f715</load_address>
         <run_address>0x3f715</run_address>
         <size>0x561</size>
         <input_file_ref idref="fl-35"/>
      </object_component>
      <object_component id="oc-151">
         <name>.debug_info</name>
         <load_address>0x3fc76</load_address>
         <run_address>0x3fc76</run_address>
         <size>0x43a</size>
         <input_file_ref idref="fl-36"/>
      </object_component>
      <object_component id="oc-156">
         <name>.debug_info</name>
         <load_address>0x400b0</load_address>
         <run_address>0x400b0</run_address>
         <size>0x3ad</size>
         <input_file_ref idref="fl-37"/>
      </object_component>
      <object_component id="oc-15b">
         <name>.debug_info</name>
         <load_address>0x4045d</load_address>
         <run_address>0x4045d</run_address>
         <size>0x3aa</size>
         <input_file_ref idref="fl-38"/>
      </object_component>
      <object_component id="oc-160">
         <name>.debug_info</name>
         <load_address>0x40807</load_address>
         <run_address>0x40807</run_address>
         <size>0x544</size>
         <input_file_ref idref="fl-39"/>
      </object_component>
      <object_component id="oc-167">
         <name>.debug_info</name>
         <load_address>0x40d4b</load_address>
         <run_address>0x40d4b</run_address>
         <size>0x4cc</size>
         <input_file_ref idref="fl-3a"/>
      </object_component>
      <object_component id="oc-16c">
         <name>.debug_info</name>
         <load_address>0x41217</load_address>
         <run_address>0x41217</run_address>
         <size>0x467</size>
         <input_file_ref idref="fl-3b"/>
      </object_component>
      <object_component id="oc-1ef">
         <name>.debug_info</name>
         <load_address>0x4167e</load_address>
         <run_address>0x4167e</run_address>
         <size>0x12a</size>
      </object_component>
      <object_component id="oc-4f">
         <name>.debug_frame</name>
         <load_address>0x0</load_address>
         <run_address>0x0</run_address>
         <size>0x60</size>
         <input_file_ref idref="fl-2"/>
      </object_component>
      <object_component id="oc-56">
         <name>.debug_frame</name>
         <load_address>0x60</load_address>
         <run_address>0x60</run_address>
         <size>0x28</size>
         <input_file_ref idref="fl-3"/>
      </object_component>
      <object_component id="oc-5d">
         <name>.debug_frame</name>
         <load_address>0x88</load_address>
         <run_address>0x88</run_address>
         <size>0x28</size>
         <input_file_ref idref="fl-4"/>
      </object_component>
      <object_component id="oc-64">
         <name>.debug_frame</name>
         <load_address>0xb0</load_address>
         <run_address>0xb0</run_address>
         <size>0x28</size>
         <input_file_ref idref="fl-5"/>
      </object_component>
      <object_component id="oc-6b">
         <name>.debug_frame</name>
         <load_address>0xd8</load_address>
         <run_address>0xd8</run_address>
         <size>0x28</size>
         <input_file_ref idref="fl-6"/>
      </object_component>
      <object_component id="oc-70">
         <name>.debug_frame</name>
         <load_address>0x100</load_address>
         <run_address>0x100</run_address>
         <size>0x44</size>
         <input_file_ref idref="fl-7"/>
      </object_component>
      <object_component id="oc-7a">
         <name>.debug_frame</name>
         <load_address>0x144</load_address>
         <run_address>0x144</run_address>
         <size>0x40</size>
         <input_file_ref idref="fl-9"/>
      </object_component>
      <object_component id="oc-86">
         <name>.debug_frame</name>
         <load_address>0x184</load_address>
         <run_address>0x184</run_address>
         <size>0x28</size>
         <input_file_ref idref="fl-b"/>
      </object_component>
      <object_component id="oc-8b">
         <name>.debug_frame</name>
         <load_address>0x1ac</load_address>
         <run_address>0x1ac</run_address>
         <size>0x418</size>
         <input_file_ref idref="fl-c"/>
      </object_component>
      <object_component id="oc-91">
         <name>.debug_frame</name>
         <load_address>0x5c4</load_address>
         <run_address>0x5c4</run_address>
         <size>0xa08</size>
         <input_file_ref idref="fl-d"/>
      </object_component>
      <object_component id="oc-96">
         <name>.debug_frame</name>
         <load_address>0xfcc</load_address>
         <run_address>0xfcc</run_address>
         <size>0xc0</size>
         <input_file_ref idref="fl-e"/>
      </object_component>
      <object_component id="oc-cf">
         <name>.debug_frame</name>
         <load_address>0x108c</load_address>
         <run_address>0x108c</run_address>
         <size>0x40</size>
         <input_file_ref idref="fl-10"/>
      </object_component>
      <object_component id="oc-d4">
         <name>.debug_frame</name>
         <load_address>0x10cc</load_address>
         <run_address>0x10cc</run_address>
         <size>0x58</size>
         <input_file_ref idref="fl-11"/>
      </object_component>
      <object_component id="oc-d9">
         <name>.debug_frame</name>
         <load_address>0x1124</load_address>
         <run_address>0x1124</run_address>
         <size>0x44</size>
         <input_file_ref idref="fl-12"/>
      </object_component>
      <object_component id="oc-de">
         <name>.debug_frame</name>
         <load_address>0x1168</load_address>
         <run_address>0x1168</run_address>
         <size>0xd8</size>
         <input_file_ref idref="fl-13"/>
      </object_component>
      <object_component id="oc-e8">
         <name>.debug_frame</name>
         <load_address>0x1240</load_address>
         <run_address>0x1240</run_address>
         <size>0x78</size>
         <input_file_ref idref="fl-15"/>
      </object_component>
      <object_component id="oc-ef">
         <name>.debug_frame</name>
         <load_address>0x12b8</load_address>
         <run_address>0x12b8</run_address>
         <size>0x50</size>
         <input_file_ref idref="fl-16"/>
      </object_component>
      <object_component id="oc-f6">
         <name>.debug_frame</name>
         <load_address>0x1308</load_address>
         <run_address>0x1308</run_address>
         <size>0x88</size>
         <input_file_ref idref="fl-17"/>
      </object_component>
      <object_component id="oc-fd">
         <name>.debug_frame</name>
         <load_address>0x1390</load_address>
         <run_address>0x1390</run_address>
         <size>0x28</size>
         <input_file_ref idref="fl-18"/>
      </object_component>
      <object_component id="oc-104">
         <name>.debug_frame</name>
         <load_address>0x13b8</load_address>
         <run_address>0x13b8</run_address>
         <size>0x28</size>
         <input_file_ref idref="fl-19"/>
      </object_component>
      <object_component id="oc-10b">
         <name>.debug_frame</name>
         <load_address>0x13e0</load_address>
         <run_address>0x13e0</run_address>
         <size>0x44</size>
         <input_file_ref idref="fl-1a"/>
      </object_component>
      <object_component id="oc-112">
         <name>.debug_frame</name>
         <load_address>0x1424</load_address>
         <run_address>0x1424</run_address>
         <size>0x28</size>
         <input_file_ref idref="fl-1b"/>
      </object_component>
      <object_component id="oc-119">
         <name>.debug_frame</name>
         <load_address>0x144c</load_address>
         <run_address>0x144c</run_address>
         <size>0x28</size>
         <input_file_ref idref="fl-1c"/>
      </object_component>
      <object_component id="oc-120">
         <name>.debug_frame</name>
         <load_address>0x1474</load_address>
         <run_address>0x1474</run_address>
         <size>0xbc</size>
         <input_file_ref idref="fl-1d"/>
      </object_component>
      <object_component id="oc-125">
         <name>.debug_frame</name>
         <load_address>0x1530</load_address>
         <run_address>0x1530</run_address>
         <size>0x40</size>
         <input_file_ref idref="fl-1e"/>
      </object_component>
      <object_component id="oc-12e">
         <name>.debug_frame</name>
         <load_address>0x1570</load_address>
         <run_address>0x1570</run_address>
         <size>0xf4</size>
         <input_file_ref idref="fl-1f"/>
      </object_component>
      <object_component id="oc-133">
         <name>.debug_frame</name>
         <load_address>0x1664</load_address>
         <run_address>0x1664</run_address>
         <size>0x44</size>
         <input_file_ref idref="fl-30"/>
      </object_component>
      <object_component id="oc-138">
         <name>.debug_frame</name>
         <load_address>0x16a8</load_address>
         <run_address>0x16a8</run_address>
         <size>0x64</size>
         <input_file_ref idref="fl-31"/>
      </object_component>
      <object_component id="oc-14d">
         <name>.debug_frame</name>
         <load_address>0x170c</load_address>
         <run_address>0x170c</run_address>
         <size>0x60</size>
         <input_file_ref idref="fl-35"/>
      </object_component>
      <object_component id="oc-152">
         <name>.debug_frame</name>
         <load_address>0x176c</load_address>
         <run_address>0x176c</run_address>
         <size>0x40</size>
         <input_file_ref idref="fl-36"/>
      </object_component>
      <object_component id="oc-157">
         <name>.debug_frame</name>
         <load_address>0x17ac</load_address>
         <run_address>0x17ac</run_address>
         <size>0x40</size>
         <input_file_ref idref="fl-37"/>
      </object_component>
      <object_component id="oc-15c">
         <name>.debug_frame</name>
         <load_address>0x17ec</load_address>
         <run_address>0x17ec</run_address>
         <size>0x40</size>
         <input_file_ref idref="fl-38"/>
      </object_component>
      <object_component id="oc-163">
         <name>.debug_frame</name>
         <load_address>0x182c</load_address>
         <run_address>0x182c</run_address>
         <size>0x60</size>
         <input_file_ref idref="fl-39"/>
      </object_component>
      <object_component id="oc-168">
         <name>.debug_frame</name>
         <load_address>0x188c</load_address>
         <run_address>0x188c</run_address>
         <size>0x70</size>
         <input_file_ref idref="fl-3a"/>
      </object_component>
      <object_component id="oc-16d">
         <name>.debug_frame</name>
         <load_address>0x18fc</load_address>
         <run_address>0x18fc</run_address>
         <size>0x40</size>
         <input_file_ref idref="fl-3b"/>
      </object_component>
      <object_component id="oc-50">
         <name>.debug_line</name>
         <load_address>0x0</load_address>
         <run_address>0x0</run_address>
         <size>0xa6</size>
         <input_file_ref idref="fl-2"/>
      </object_component>
      <object_component id="oc-57">
         <name>.debug_line</name>
         <load_address>0xa6</load_address>
         <run_address>0xa6</run_address>
         <size>0x2f</size>
         <input_file_ref idref="fl-3"/>
      </object_component>
      <object_component id="oc-5e">
         <name>.debug_line</name>
         <load_address>0xd5</load_address>
         <run_address>0xd5</run_address>
         <size>0x32</size>
         <input_file_ref idref="fl-4"/>
      </object_component>
      <object_component id="oc-65">
         <name>.debug_line</name>
         <load_address>0x107</load_address>
         <run_address>0x107</run_address>
         <size>0x3a</size>
         <input_file_ref idref="fl-5"/>
      </object_component>
      <object_component id="oc-6c">
         <name>.debug_line</name>
         <load_address>0x141</load_address>
         <run_address>0x141</run_address>
         <size>0x2f</size>
         <input_file_ref idref="fl-6"/>
      </object_component>
      <object_component id="oc-71">
         <name>.debug_line</name>
         <load_address>0x170</load_address>
         <run_address>0x170</run_address>
         <size>0x5c</size>
         <input_file_ref idref="fl-7"/>
      </object_component>
      <object_component id="oc-75">
         <name>.debug_line</name>
         <load_address>0x1cc</load_address>
         <run_address>0x1cc</run_address>
         <size>0x4d</size>
         <input_file_ref idref="fl-8"/>
      </object_component>
      <object_component id="oc-7b">
         <name>.debug_line</name>
         <load_address>0x219</load_address>
         <run_address>0x219</run_address>
         <size>0x55</size>
         <input_file_ref idref="fl-9"/>
      </object_component>
      <object_component id="oc-80">
         <name>.debug_line</name>
         <load_address>0x26e</load_address>
         <run_address>0x26e</run_address>
         <size>0x65</size>
         <input_file_ref idref="fl-a"/>
      </object_component>
      <object_component id="oc-87">
         <name>.debug_line</name>
         <load_address>0x2d3</load_address>
         <run_address>0x2d3</run_address>
         <size>0x3c</size>
         <input_file_ref idref="fl-b"/>
      </object_component>
      <object_component id="oc-8c">
         <name>.debug_line</name>
         <load_address>0x30f</load_address>
         <run_address>0x30f</run_address>
         <size>0x509</size>
         <input_file_ref idref="fl-c"/>
      </object_component>
      <object_component id="oc-92">
         <name>.debug_line</name>
         <load_address>0x818</load_address>
         <run_address>0x818</run_address>
         <size>0x752</size>
         <input_file_ref idref="fl-d"/>
      </object_component>
      <object_component id="oc-97">
         <name>.debug_line</name>
         <load_address>0xf6a</load_address>
         <run_address>0xf6a</run_address>
         <size>0x166</size>
         <input_file_ref idref="fl-e"/>
      </object_component>
      <object_component id="oc-d0">
         <name>.debug_line</name>
         <load_address>0x10d0</load_address>
         <run_address>0x10d0</run_address>
         <size>0x5e</size>
         <input_file_ref idref="fl-10"/>
      </object_component>
      <object_component id="oc-d5">
         <name>.debug_line</name>
         <load_address>0x112e</load_address>
         <run_address>0x112e</run_address>
         <size>0x8a</size>
         <input_file_ref idref="fl-11"/>
      </object_component>
      <object_component id="oc-da">
         <name>.debug_line</name>
         <load_address>0x11b8</load_address>
         <run_address>0x11b8</run_address>
         <size>0x6c</size>
         <input_file_ref idref="fl-12"/>
      </object_component>
      <object_component id="oc-df">
         <name>.debug_line</name>
         <load_address>0x1224</load_address>
         <run_address>0x1224</run_address>
         <size>0x169</size>
         <input_file_ref idref="fl-13"/>
      </object_component>
      <object_component id="oc-e3">
         <name>.debug_line</name>
         <load_address>0x138d</load_address>
         <run_address>0x138d</run_address>
         <size>0x4c</size>
         <input_file_ref idref="fl-14"/>
      </object_component>
      <object_component id="oc-e9">
         <name>.debug_line</name>
         <load_address>0x13d9</load_address>
         <run_address>0x13d9</run_address>
         <size>0xac</size>
         <input_file_ref idref="fl-15"/>
      </object_component>
      <object_component id="oc-f0">
         <name>.debug_line</name>
         <load_address>0x1485</load_address>
         <run_address>0x1485</run_address>
         <size>0x53</size>
         <input_file_ref idref="fl-16"/>
      </object_component>
      <object_component id="oc-f7">
         <name>.debug_line</name>
         <load_address>0x14d8</load_address>
         <run_address>0x14d8</run_address>
         <size>0xe8</size>
         <input_file_ref idref="fl-17"/>
      </object_component>
      <object_component id="oc-fe">
         <name>.debug_line</name>
         <load_address>0x15c0</load_address>
         <run_address>0x15c0</run_address>
         <size>0x31</size>
         <input_file_ref idref="fl-18"/>
      </object_component>
      <object_component id="oc-105">
         <name>.debug_line</name>
         <load_address>0x15f1</load_address>
         <run_address>0x15f1</run_address>
         <size>0x37</size>
         <input_file_ref idref="fl-19"/>
      </object_component>
      <object_component id="oc-10c">
         <name>.debug_line</name>
         <load_address>0x1628</load_address>
         <run_address>0x1628</run_address>
         <size>0x8f</size>
         <input_file_ref idref="fl-1a"/>
      </object_component>
      <object_component id="oc-113">
         <name>.debug_line</name>
         <load_address>0x16b7</load_address>
         <run_address>0x16b7</run_address>
         <size>0x30</size>
         <input_file_ref idref="fl-1b"/>
      </object_component>
      <object_component id="oc-11a">
         <name>.debug_line</name>
         <load_address>0x16e7</load_address>
         <run_address>0x16e7</run_address>
         <size>0x39</size>
         <input_file_ref idref="fl-1c"/>
      </object_component>
      <object_component id="oc-121">
         <name>.debug_line</name>
         <load_address>0x1720</load_address>
         <run_address>0x1720</run_address>
         <size>0x153</size>
         <input_file_ref idref="fl-1d"/>
      </object_component>
      <object_component id="oc-126">
         <name>.debug_line</name>
         <load_address>0x1873</load_address>
         <run_address>0x1873</run_address>
         <size>0xcf</size>
         <input_file_ref idref="fl-1e"/>
      </object_component>
      <object_component id="oc-12f">
         <name>.debug_line</name>
         <load_address>0x1942</load_address>
         <run_address>0x1942</run_address>
         <size>0xda</size>
         <input_file_ref idref="fl-1f"/>
      </object_component>
      <object_component id="oc-134">
         <name>.debug_line</name>
         <load_address>0x1a1c</load_address>
         <run_address>0x1a1c</run_address>
         <size>0x50</size>
         <input_file_ref idref="fl-30"/>
      </object_component>
      <object_component id="oc-139">
         <name>.debug_line</name>
         <load_address>0x1a6c</load_address>
         <run_address>0x1a6c</run_address>
         <size>0x60</size>
         <input_file_ref idref="fl-31"/>
      </object_component>
      <object_component id="oc-13f">
         <name>.debug_line</name>
         <load_address>0x1acc</load_address>
         <run_address>0x1acc</run_address>
         <size>0x7e</size>
         <input_file_ref idref="fl-32"/>
      </object_component>
      <object_component id="oc-144">
         <name>.debug_line</name>
         <load_address>0x1b4a</load_address>
         <run_address>0x1b4a</run_address>
         <size>0xad</size>
         <input_file_ref idref="fl-33"/>
      </object_component>
      <object_component id="oc-149">
         <name>.debug_line</name>
         <load_address>0x1bf7</load_address>
         <run_address>0x1bf7</run_address>
         <size>0x6c</size>
         <input_file_ref idref="fl-34"/>
      </object_component>
      <object_component id="oc-14e">
         <name>.debug_line</name>
         <load_address>0x1c63</load_address>
         <run_address>0x1c63</run_address>
         <size>0x50</size>
         <input_file_ref idref="fl-35"/>
      </object_component>
      <object_component id="oc-153">
         <name>.debug_line</name>
         <load_address>0x1cb3</load_address>
         <run_address>0x1cb3</run_address>
         <size>0x62</size>
         <input_file_ref idref="fl-36"/>
      </object_component>
      <object_component id="oc-158">
         <name>.debug_line</name>
         <load_address>0x1d15</load_address>
         <run_address>0x1d15</run_address>
         <size>0x3e</size>
         <input_file_ref idref="fl-37"/>
      </object_component>
      <object_component id="oc-15d">
         <name>.debug_line</name>
         <load_address>0x1d53</load_address>
         <run_address>0x1d53</run_address>
         <size>0x3a</size>
         <input_file_ref idref="fl-38"/>
      </object_component>
      <object_component id="oc-164">
         <name>.debug_line</name>
         <load_address>0x1d8d</load_address>
         <run_address>0x1d8d</run_address>
         <size>0x65</size>
         <input_file_ref idref="fl-39"/>
      </object_component>
      <object_component id="oc-169">
         <name>.debug_line</name>
         <load_address>0x1df2</load_address>
         <run_address>0x1df2</run_address>
         <size>0x5e</size>
         <input_file_ref idref="fl-3a"/>
      </object_component>
      <object_component id="oc-16e">
         <name>.debug_line</name>
         <load_address>0x1e50</load_address>
         <run_address>0x1e50</run_address>
         <size>0x4f</size>
         <input_file_ref idref="fl-3b"/>
      </object_component>
      <object_component id="oc-51">
         <name>.debug_abbrev</name>
         <load_address>0x0</load_address>
         <run_address>0x0</run_address>
         <size>0x116</size>
         <input_file_ref idref="fl-2"/>
      </object_component>
      <object_component id="oc-58">
         <name>.debug_abbrev</name>
         <load_address>0x116</load_address>
         <run_address>0x116</run_address>
         <size>0xdc</size>
         <input_file_ref idref="fl-3"/>
      </object_component>
      <object_component id="oc-5f">
         <name>.debug_abbrev</name>
         <load_address>0x1f2</load_address>
         <run_address>0x1f2</run_address>
         <size>0xdc</size>
         <input_file_ref idref="fl-4"/>
      </object_component>
      <object_component id="oc-66">
         <name>.debug_abbrev</name>
         <load_address>0x2ce</load_address>
         <run_address>0x2ce</run_address>
         <size>0x119</size>
         <input_file_ref idref="fl-5"/>
      </object_component>
      <object_component id="oc-6d">
         <name>.debug_abbrev</name>
         <load_address>0x3e7</load_address>
         <run_address>0x3e7</run_address>
         <size>0xcc</size>
         <input_file_ref idref="fl-6"/>
      </object_component>
      <object_component id="oc-72">
         <name>.debug_abbrev</name>
         <load_address>0x4b3</load_address>
         <run_address>0x4b3</run_address>
         <size>0x120</size>
         <input_file_ref idref="fl-7"/>
      </object_component>
      <object_component id="oc-77">
         <name>.debug_abbrev</name>
         <load_address>0x5d3</load_address>
         <run_address>0x5d3</run_address>
         <size>0x2f</size>
         <input_file_ref idref="fl-8"/>
      </object_component>
      <object_component id="oc-7c">
         <name>.debug_abbrev</name>
         <load_address>0x602</load_address>
         <run_address>0x602</run_address>
         <size>0x10f</size>
         <input_file_ref idref="fl-9"/>
      </object_component>
      <object_component id="oc-82">
         <name>.debug_abbrev</name>
         <load_address>0x711</load_address>
         <run_address>0x711</run_address>
         <size>0x21</size>
         <input_file_ref idref="fl-a"/>
      </object_component>
      <object_component id="oc-88">
         <name>.debug_abbrev</name>
         <load_address>0x732</load_address>
         <run_address>0x732</run_address>
         <size>0xfd</size>
         <input_file_ref idref="fl-b"/>
      </object_component>
      <object_component id="oc-8d">
         <name>.debug_abbrev</name>
         <load_address>0x82f</load_address>
         <run_address>0x82f</run_address>
         <size>0x128</size>
         <input_file_ref idref="fl-c"/>
      </object_component>
      <object_component id="oc-93">
         <name>.debug_abbrev</name>
         <load_address>0x957</load_address>
         <run_address>0x957</run_address>
         <size>0xa8</size>
         <input_file_ref idref="fl-d"/>
      </object_component>
      <object_component id="oc-98">
         <name>.debug_abbrev</name>
         <load_address>0x9ff</load_address>
         <run_address>0x9ff</run_address>
         <size>0x151</size>
         <input_file_ref idref="fl-e"/>
      </object_component>
      <object_component id="oc-cd">
         <name>.debug_abbrev</name>
         <load_address>0xb50</load_address>
         <run_address>0xb50</run_address>
         <size>0xb7</size>
         <input_file_ref idref="fl-f"/>
      </object_component>
      <object_component id="oc-d1">
         <name>.debug_abbrev</name>
         <load_address>0xc07</load_address>
         <run_address>0xc07</run_address>
         <size>0xdc</size>
         <input_file_ref idref="fl-10"/>
      </object_component>
      <object_component id="oc-d6">
         <name>.debug_abbrev</name>
         <load_address>0xce3</load_address>
         <run_address>0xce3</run_address>
         <size>0xc8</size>
         <input_file_ref idref="fl-11"/>
      </object_component>
      <object_component id="oc-db">
         <name>.debug_abbrev</name>
         <load_address>0xdab</load_address>
         <run_address>0xdab</run_address>
         <size>0x116</size>
         <input_file_ref idref="fl-12"/>
      </object_component>
      <object_component id="oc-e0">
         <name>.debug_abbrev</name>
         <load_address>0xec1</load_address>
         <run_address>0xec1</run_address>
         <size>0x17b</size>
         <input_file_ref idref="fl-13"/>
      </object_component>
      <object_component id="oc-e5">
         <name>.debug_abbrev</name>
         <load_address>0x103c</load_address>
         <run_address>0x103c</run_address>
         <size>0x2f</size>
         <input_file_ref idref="fl-14"/>
      </object_component>
      <object_component id="oc-ea">
         <name>.debug_abbrev</name>
         <load_address>0x106b</load_address>
         <run_address>0x106b</run_address>
         <size>0xf8</size>
         <input_file_ref idref="fl-15"/>
      </object_component>
      <object_component id="oc-f1">
         <name>.debug_abbrev</name>
         <load_address>0x1163</load_address>
         <run_address>0x1163</run_address>
         <size>0xc3</size>
         <input_file_ref idref="fl-16"/>
      </object_component>
      <object_component id="oc-f8">
         <name>.debug_abbrev</name>
         <load_address>0x1226</load_address>
         <run_address>0x1226</run_address>
         <size>0xcc</size>
         <input_file_ref idref="fl-17"/>
      </object_component>
      <object_component id="oc-ff">
         <name>.debug_abbrev</name>
         <load_address>0x12f2</load_address>
         <run_address>0x12f2</run_address>
         <size>0xdc</size>
         <input_file_ref idref="fl-18"/>
      </object_component>
      <object_component id="oc-106">
         <name>.debug_abbrev</name>
         <load_address>0x13ce</load_address>
         <run_address>0x13ce</run_address>
         <size>0xa5</size>
         <input_file_ref idref="fl-19"/>
      </object_component>
      <object_component id="oc-10d">
         <name>.debug_abbrev</name>
         <load_address>0x1473</load_address>
         <run_address>0x1473</run_address>
         <size>0xc9</size>
         <input_file_ref idref="fl-1a"/>
      </object_component>
      <object_component id="oc-114">
         <name>.debug_abbrev</name>
         <load_address>0x153c</load_address>
         <run_address>0x153c</run_address>
         <size>0xa5</size>
         <input_file_ref idref="fl-1b"/>
      </object_component>
      <object_component id="oc-11b">
         <name>.debug_abbrev</name>
         <load_address>0x15e1</load_address>
         <run_address>0x15e1</run_address>
         <size>0xdc</size>
         <input_file_ref idref="fl-1c"/>
      </object_component>
      <object_component id="oc-122">
         <name>.debug_abbrev</name>
         <load_address>0x16bd</load_address>
         <run_address>0x16bd</run_address>
         <size>0x168</size>
         <input_file_ref idref="fl-1d"/>
      </object_component>
      <object_component id="oc-127">
         <name>.debug_abbrev</name>
         <load_address>0x1825</load_address>
         <run_address>0x1825</run_address>
         <size>0xc8</size>
         <input_file_ref idref="fl-1e"/>
      </object_component>
      <object_component id="oc-130">
         <name>.debug_abbrev</name>
         <load_address>0x18ed</load_address>
         <run_address>0x18ed</run_address>
         <size>0x1b4</size>
         <input_file_ref idref="fl-1f"/>
      </object_component>
      <object_component id="oc-135">
         <name>.debug_abbrev</name>
         <load_address>0x1aa1</load_address>
[...]
         <name>_InitECanbGpio</name>
         <value>0x338c18</value>
         <object_component_ref idref="oc-192"/>
      </symbol>
      <symbol id="sm-2f0">
         <name>_InitECanaGpio</name>
         <value>0x338c02</value>
         <object_component_ref idref="oc-192"/>
      </symbol>
      <symbol id="sm-2f2">
         <name>_InitECana</name>
         <value>0x338aff</value>
         <object_component_ref idref="oc-192"/>
      </symbol>
      <symbol id="sm-2f4">
         <name>_InitECanb</name>
         <value>0x338b7e</value>
         <object_component_ref idref="oc-192"/>
      </symbol>
      <symbol id="sm-35f">
         <name>_GpioCtrlRegs</name>
         <value>0x6f80</value>
         <object_component_ref idref="oc-bd"/>
      </symbol>
      <symbol id="sm-360">
         <name>_PieVectTable</name>
         <value>0xd00</value>
         <object_component_ref idref="oc-cc"/>
      </symbol>
      <symbol id="sm-361">
         <name>_ECap4Regs</name>
         <value>0x6a60</value>
         <object_component_ref idref="oc-af"/>
      </symbol>
      <symbol id="sm-362">
         <name>_CsmRegs</name>
         <value>0xae0</value>
         <object_component_ref idref="oc-a3"/>
      </symbol>
      <symbol id="sm-363">
         <name>_ECanaLAMRegs</name>
         <value>0x6040</value>
         <object_component_ref idref="oc-c0"/>
      </symbol>
      <symbol id="sm-364">
         <name>_ECanbMOTORegs</name>
         <value>0x62c0</value>
         <object_component_ref idref="oc-c5"/>
      </symbol>
      <symbol id="sm-365">
         <name>_EPwm4Regs</name>
         <value>0x58c0</value>
         <object_component_ref idref="oc-b7"/>
      </symbol>
      <symbol id="sm-366">
         <name>_ECap5Regs</name>
         <value>0x6a80</value>
         <object_component_ref idref="oc-b0"/>
      </symbol>
      <symbol id="sm-367">
         <name>_CpuTimer1Regs</name>
         <value>0xc08</value>
         <object_component_ref idref="oc-9d"/>
      </symbol>
      <symbol id="sm-368">
         <name>_SysCtrlRegs</name>
         <value>0x7010</value>
         <object_component_ref idref="oc-b3"/>
      </symbol>
      <symbol id="sm-369">
         <name>_EPwm5Regs</name>
         <value>0x5900</value>
         <object_component_ref idref="oc-b8"/>
      </symbol>
      <symbol id="sm-36a">
         <name>_SpiaRegs</name>
         <value>0x7040</value>
         <object_component_ref idref="oc-a7"/>
      </symbol>
      <symbol id="sm-36b">
         <name>_ECanaMOTSRegs</name>
         <value>0x6080</value>
         <object_component_ref idref="oc-c1"/>
      </symbol>
      <symbol id="sm-36c">
         <name>_ECap6Regs</name>
         <value>0x6aa0</value>
         <object_component_ref idref="oc-b1"/>
      </symbol>
      <symbol id="sm-36d">
         <name>_DmaRegs</name>
         <value>0x1000</value>
         <object_component_ref idref="oc-c9"/>
      </symbol>
      <symbol id="sm-36e">
         <name>_FlashRegs</name>
         <value>0xa80</value>
         <object_component_ref idref="oc-a0"/>
      </symbol>
      <symbol id="sm-36f">
         <name>_CpuTimer0Regs</name>
         <value>0xc00</value>
         <object_component_ref idref="oc-9c"/>
      </symbol>
      <symbol id="sm-370">
         <name>_DevEmuRegs</name>
         <value>0x880</value>
         <object_component_ref idref="oc-c8"/>
      </symbol>
      <symbol id="sm-371">
         <name>_McbspbRegs</name>
         <value>0x5040</value>
         <object_component_ref idref="oc-bc"/>
      </symbol>
      <symbol id="sm-372">
         <name>_EPwm6Regs</name>
         <value>0x5940</value>
         <object_component_ref idref="oc-b9"/>
      </symbol>
      <symbol id="sm-373">
         <name>_SciaRegs</name>
         <value>0x7050</value>
         <object_component_ref idref="oc-a4"/>
      </symbol>
      <symbol id="sm-374">
         <name>_GpioDataRegs</name>
         <value>0x6fc0</value>
         <object_component_ref idref="oc-b2"/>
      </symbol>
      <symbol id="sm-375">
         <name>_CsmPwl</name>
         <value>0x33fff8</value>
         <object_component_ref idref="oc-9f"/>
      </symbol>
      <symbol id="sm-376">
         <name>_AdcRegs</name>
         <value>0x7100</value>
         <object_component_ref idref="oc-aa"/>
      </symbol>
      <symbol id="sm-377">
         <name>_XIntruptRegs</name>
         <value>0x7070</value>
         <object_component_ref idref="oc-a8"/>
      </symbol>
      <symbol id="sm-378">
         <name>_CpuTimer2Regs</name>
         <value>0xc10</value>
         <object_component_ref idref="oc-9e"/>
      </symbol>
      <symbol id="sm-379">
         <name>_PieCtrlRegs</name>
         <value>0xce0</value>
         <object_component_ref idref="oc-a9"/>
      </symbol>
      <symbol id="sm-37a">
         <name>_ECanbMOTSRegs</name>
         <value>0x6280</value>
         <object_component_ref idref="oc-c4"/>
      </symbol>
      <symbol id="sm-37b">
         <name>_ECanaRegs</name>
         <value>0x6000</value>
         <object_component_ref idref="oc-be"/>
      </symbol>
      <symbol id="sm-37c">
         <name>_AdcMirror</name>
         <value>0xb00</value>
         <object_component_ref idref="oc-a2"/>
      </symbol>
      <symbol id="sm-37d">
         <name>_ECanbMboxes</name>
         <value>0x6300</value>
         <object_component_ref idref="oc-cb"/>
      </symbol>
      <symbol id="sm-37e">
         <name>_XintfRegs</name>
         <value>0xb20</value>
         <object_component_ref idref="oc-ab"/>
      </symbol>
      <symbol id="sm-37f">
         <name>_ScicRegs</name>
         <value>0x7770</value>
         <object_component_ref idref="oc-a6"/>
      </symbol>
      <symbol id="sm-380">
         <name>_ECap1Regs</name>
         <value>0x6a00</value>
         <object_component_ref idref="oc-ac"/>
      </symbol>
      <symbol id="sm-381">
         <name>_EQep1Regs</name>
         <value>0x6b00</value>
         <object_component_ref idref="oc-c6"/>
      </symbol>
      <symbol id="sm-382">
         <name>_McbspaRegs</name>
         <value>0x5000</value>
         <object_component_ref idref="oc-bb"/>
      </symbol>
      <symbol id="sm-383">
         <name>_EPwm1Regs</name>
         <value>0x5800</value>
         <object_component_ref idref="oc-b4"/>
      </symbol>
      <symbol id="sm-384">
         <name>_ECanbRegs</name>
         <value>0x6200</value>
         <object_component_ref idref="oc-bf"/>
      </symbol>
      <symbol id="sm-385">
         <name>_ScibRegs</name>
         <value>0x7750</value>
         <object_component_ref idref="oc-a5"/>
      </symbol>
      <symbol id="sm-386">
         <name>_ECap2Regs</name>
         <value>0x6a20</value>
         <object_component_ref idref="oc-ad"/>
      </symbol>
      <symbol id="sm-387">
         <name>_GpioIntRegs</name>
         <value>0x6fe0</value>
         <object_component_ref idref="oc-a1"/>
      </symbol>
      <symbol id="sm-388">
         <name>_EQep2Regs</name>
         <value>0x6b40</value>
         <object_component_ref idref="oc-c7"/>
      </symbol>
      <symbol id="sm-389">
         <name>_PartIdRegs</name>
         <value>0x380090</value>
         <object_component_ref idref="oc-9b"/>
      </symbol>
      <symbol id="sm-38a">
         <name>_EPwm2Regs</name>
         <value>0x5840</value>
         <object_component_ref idref="oc-b5"/>
      </symbol>
      <symbol id="sm-38b">
         <name>_ECanaMboxes</name>
         <value>0x6100</value>
         <object_component_ref idref="oc-ca"/>
      </symbol>
      <symbol id="sm-38c">
         <name>_ECap3Regs</name>
         <value>0x6a40</value>
         <object_component_ref idref="oc-ae"/>
      </symbol>
      <symbol id="sm-38d">
         <name>_ECanaMOTORegs</name>
         <value>0x60c0</value>
         <object_component_ref idref="oc-c2"/>
      </symbol>
      <symbol id="sm-38e">
         <name>_EPwm3Regs</name>
         <value>0x5880</value>
         <object_component_ref idref="oc-b6"/>
      </symbol>
      <symbol id="sm-38f">
         <name>_ECanbLAMRegs</name>
         <value>0x6240</value>
         <object_component_ref idref="oc-c3"/>
      </symbol>
      <symbol id="sm-390">
         <name>_I2caRegs</name>
         <value>0x7900</value>
         <object_component_ref idref="oc-ba"/>
      </symbol>
      <symbol id="sm-39c">
         <name>_InitGpio</name>
         <value>0x3390ca</value>
         <object_component_ref idref="oc-189"/>
      </symbol>
      <symbol id="sm-3a9">
         <name>_InitPieCtrl</name>
         <value>0x339029</value>
         <object_component_ref idref="oc-18b"/>
      </symbol>
      <symbol id="sm-3ab">
         <name>_EnableInterrupts</name>
         <value>0x339048</value>
         <object_component_ref idref="oc-18b"/>
      </symbol>
      <symbol id="sm-3bc">
         <name>_PieVectTableInit</name>
         <value>0x3393f2</value>
         <object_component_ref idref="oc-196"/>
      </symbol>
      <symbol id="sm-3bd">
         <name>_InitPieVectTable</name>
         <value>0x339075</value>
         <object_component_ref idref="oc-18c"/>
      </symbol>
      <symbol id="sm-3d5">
         <name>_InitPll</name>
         <value>0x338c34</value>
         <object_component_ref idref="oc-187"/>
      </symbol>
      <symbol id="sm-3d7">
         <name>_DisableDog</name>
         <value>0x338c2c</value>
         <object_component_ref idref="oc-187"/>
      </symbol>
      <symbol id="sm-3d9">
         <name>_InitPeripheralClocks</name>
         <value>0x338c84</value>
         <object_component_ref idref="oc-187"/>
      </symbol>
      <symbol id="sm-3db">
         <name>_InitFlash</name>
         <value>0x84e3</value>
         <object_component_ref idref="oc-188"/>
      </symbol>
      <symbol id="sm-3dd">
         <name>_CsmUnlock</name>
         <value>0x338cdf</value>
         <object_component_ref idref="oc-187"/>
      </symbol>
      <symbol id="sm-3df">
         <name>_ServiceDog</name>
         <value>0x338c22</value>
         <object_component_ref idref="oc-187"/>
      </symbol>
      <symbol id="sm-3e1">
         <name>_InitSysCtrl</name>
         <value>0x338c19</value>
         <object_component_ref idref="oc-187"/>
      </symbol>
      <symbol id="sm-3ee">
         <name>_DSP28x_usDelay</name>
         <value>0x8512</value>
         <object_component_ref idref="oc-e2"/>
      </symbol>
      <symbol id="sm-3fe">
         <name>_Setup_GPIO</name>
         <value>0x338f71</value>
         <object_component_ref idref="oc-18a"/>
      </symbol>
      <symbol id="sm-400">
         <name>_reset_drivers</name>
         <value>0x850e</value>
         <object_component_ref idref="oc-179"/>
      </symbol>
      <symbol id="sm-402">
         <name>_enable_ePWM</name>
         <value>0x84fe</value>
         <object_component_ref idref="oc-179"/>
      </symbol>
      <symbol id="sm-416">
         <name>_OPEN_LOOP</name>
         <value>0x8488</value>
         <object_component_ref idref="oc-17a"/>
      </symbol>
      <symbol id="sm-435">
         <name>_Park_inverse</name>
         <value>0x8120</value>
         <object_component_ref idref="oc-178"/>
      </symbol>
      <symbol id="sm-437">
         <name>_PLL_dq</name>
         <value>0x8000</value>
         <object_component_ref idref="oc-178"/>
      </symbol>
      <symbol id="sm-488">
         <name>_rms_calculation</name>
         <value>0x83c8</value>
         <object_component_ref idref="oc-177"/>
      </symbol>
      <symbol id="sm-4ca">
         <name>_Setup_eCAN</name>
         <value>0x338734</value>
         <object_component_ref idref="oc-193"/>
      </symbol>
      <symbol id="sm-4cc">
         <name>_MBXwrA</name>
         <value>0x3386ff</value>
         <object_component_ref idref="oc-193"/>
      </symbol>
      <symbol id="sm-4ce">
         <name>_mailbox_read</name>
         <value>0x338719</value>
         <object_component_ref idref="oc-193"/>
      </symbol>
      <symbol id="sm-4d0">
         <name>_eCAN_RW</name>
         <value>0x3387b3</value>
         <object_component_ref idref="oc-193"/>
      </symbol>
      <symbol id="sm-4d2">
         <name>_lecturas</name>
         <value>0x8a5c</value>
         <object_component_ref idref="oc-11f"/>
      </symbol>
      <symbol id="sm-4de">
         <name>_Setup_ePWM</name>
         <value>0x3389cb</value>
         <object_component_ref idref="oc-191"/>
      </symbol>
      <symbol id="sm-4fe">
         <name>_PLL_Park</name>
         <value>0x8900</value>
         <object_component_ref idref="oc-12b"/>
      </symbol>
      <symbol id="sm-4ff">
         <name>_ADC_counter</name>
         <value>0x8842</value>
         <object_component_ref idref="oc-12b"/>
      </symbol>
      <symbol id="sm-500">
         <name>_main</name>
         <value>0x338d98</value>
         <object_component_ref idref="oc-17c"/>
      </symbol>
      <symbol id="sm-502">
         <name>_adc_SEQ2_isr</name>
         <value>0x8309</value>
         <object_component_ref idref="oc-12d"/>
      </symbol>
      <symbol id="sm-504">
         <name>_p_f</name>
         <value>0x8880</value>
         <object_component_ref idref="oc-12b"/>
      </symbol>
      <symbol id="sm-505">
         <name>_eta_z</name>
         <value>0x88c0</value>
         <object_component_ref idref="oc-12b"/>
      </symbol>
      <symbol id="sm-506">
         <name>_ADC_read</name>
         <value>0xc004</value>
         <object_component_ref idref="oc-12c"/>
      </symbol>
      <symbol id="sm-507">
         <name>_read_register</name>
         <value>0x8846</value>
         <object_component_ref idref="oc-12b"/>
      </symbol>
      <symbol id="sm-508">
         <name>_eta_park</name>
         <value>0x88a6</value>
         <object_component_ref idref="oc-12b"/>
      </symbol>
      <symbol id="sm-509">
         <name>_state</name>
         <value>0x884a</value>
         <object_component_ref idref="oc-12b"/>
      </symbol>
      <symbol id="sm-50a">
         <name>_it_ref</name>
         <value>0x885e</value>
         <object_component_ref idref="oc-12b"/>
      </symbol>
      <symbol id="sm-50b">
         <name>_etas</name>
         <value>0x8844</value>
         <object_component_ref idref="oc-12b"/>
      </symbol>
      <symbol id="sm-50c">
         <name>_consignas</name>
         <value>0x8918</value>
         <object_component_ref idref="oc-12b"/>
      </symbol>
      <symbol id="sm-50d">
         <name>_uvsg_out</name>
         <value>0x8940</value>
         <object_component_ref idref="oc-12b"/>
      </symbol>
      <symbol id="sm-50e">
         <name>_selector</name>
         <value>0x8841</value>
         <object_component_ref idref="oc-12b"/>
      </symbol>
      <symbol id="sm-50f">
         <name>_rms_values</name>
         <value>0x8850</value>
         <object_component_ref idref="oc-12b"/>
      </symbol>
      <symbol id="sm-510">
         <name>_eta</name>
         <value>0x8892</value>
         <object_component_ref idref="oc-12b"/>
      </symbol>
      <symbol id="sm-511">
         <name>_buffer_counter</name>
         <value>0x8840</value>
         <object_component_ref idref="oc-12b"/>
      </symbol>
      <symbol id="sm-512">
         <name>_adc_SEQ1_isr</name>
         <value>0x82f2</value>
         <object_component_ref idref="oc-12d"/>
      </symbol>
      <symbol id="sm-514">
         <name>_duty</name>
         <value>0xc000</value>
         <object_component_ref idref="oc-12c"/>
      </symbol>
      <symbol id="sm-515">
         <name>_ADC_processed</name>
         <value>0x88d4</value>
         <object_component_ref idref="oc-12b"/>
      </symbol>
      <symbol id="sm-516">
         <name>_p</name>
         <value>0x886e</value>
         <object_component_ref idref="oc-12b"/>
      </symbol>
      <symbol id="sm-524">
         <name>_cos</name>
         <value>0x338e6a</value>
         <object_component_ref idref="oc-186"/>
      </symbol>
      <symbol id="sm-525">
         <name>_cosf</name>
         <value>0x338e6a</value>
         <object_component_ref idref="oc-186"/>
      </symbol>
      <symbol id="sm-533">
         <name>_sin</name>
         <value>0x338e04</value>
         <object_component_ref idref="oc-185"/>
      </symbol>
      <symbol id="sm-534">
         <name>_sinf</name>
         <value>0x338e04</value>
         <object_component_ref idref="oc-185"/>
      </symbol>
      <symbol id="sm-550">
         <name>_c_int00</name>
         <value>0x338ecd</value>
         <object_component_ref idref="oc-4d"/>
      </symbol>
      <symbol id="sm-551">
         <name>__stack</name>
         <value>0x8516</value>
         <object_component_ref idref="oc-13c"/>
      </symbol>
      <symbol id="sm-562">
         <name>FS$$DIV</name>
         <value>0x338d10</value>
         <object_component_ref idref="oc-142"/>
      </symbol>
      <symbol id="sm-56e">
         <name>LL$$AND</name>
         <value>0x3390b2</value>
         <object_component_ref idref="oc-147"/>
      </symbol>
      <symbol id="sm-56f">
         <name>LL$$OR</name>
         <value>0x3390ba</value>
         <object_component_ref idref="oc-147"/>
      </symbol>
      <symbol id="sm-570">
         <name>LL$$XOR</name>
         <value>0x3390c2</value>
         <object_component_ref idref="oc-147"/>
      </symbol>
      <symbol id="sm-57f">
         <name>_copy_in</name>
         <value>0x339051</value>
         <object_component_ref idref="oc-172"/>
      </symbol>
      <symbol id="sm-591">
         <name>_memcpy</name>
         <value>0x339095</value>
         <object_component_ref idref="oc-17b"/>
      </symbol>
      <symbol id="sm-59e">
         <name>__system_pre_init</name>
         <value>0x339118</value>
         <object_component_ref idref="oc-171"/>
      </symbol>
      <symbol id="sm-5ac">
         <name>__system_post_cinit</name>
         <value>0x33911a</value>
         <object_component_ref idref="oc-173"/>
      </symbol>
      <symbol id="sm-5c1">
         <name>C$$EXIT</name>
         <value>0x339000</value>
         <object_component_ref idref="oc-175"/>
      </symbol>
      <symbol id="sm-5c2">
         <name>_exit</name>
         <value>0x339002</value>
         <object_component_ref idref="oc-175"/>
      </symbol>
      <symbol id="sm-5c4">
         <name>___TI_cleanup_ptr</name>
         <value>0x8a38</value>
         <object_component_ref idref="oc-162"/>
      </symbol>
      <symbol id="sm-5c5">
         <name>___TI_enable_exit_profile_output</name>
         <value>0x8a36</value>
         <object_component_ref idref="oc-162"/>
      </symbol>
      <symbol id="sm-5c6">
         <name>_abort</name>
         <value>0x339000</value>
         <object_component_ref idref="oc-175"/>
      </symbol>
      <symbol id="sm-5c8">
         <name>___TI_dtors_ptr</name>
         <value>0x8a3a</value>
         <object_component_ref idref="oc-162"/>
      </symbol>
      <symbol id="sm-5dc">
         <name>__unlock</name>
         <value>0x8abe</value>
         <object_component_ref idref="oc-197"/>
      </symbol>
      <symbol id="sm-5dd">
         <name>__lock</name>
         <value>0x8abc</value>
         <object_component_ref idref="oc-17d"/>
      </symbol>
      <symbol id="sm-5de">
         <name>__register_lock</name>
         <value>0x33910b</value>
         <object_component_ref idref="oc-194"/>
      </symbol>
      <symbol id="sm-5e0">
         <name>__nop</name>
         <value>0x33910f</value>
         <object_component_ref idref="oc-194"/>
      </symbol>
      <symbol id="sm-5e2">
         <name>__register_unlock</name>
         <value>0x339107</value>
         <object_component_ref idref="oc-194"/>
      </symbol>
      <symbol id="sm-5f2">
         <name>__args_main</name>
         <value>0x3390f5</value>
         <object_component_ref idref="oc-174"/>
      </symbol>
   </symbol_table>
   <title>Link successful</title>
</link_info>
